Component: ARM Compiler 5.06 update 3 (build 300) Tool: armlink [4d35c9]

==============================================================================

Section Cross References

    main.o(i.main) refers to bsp.o(i.bsp_Config) for bsp_Config
    main.o(i.main) refers to freescalecar.o(i.Car_ParaInit) for Car_ParaInit
    main.o(i.main) refers to display.o(i.displayInit) for displayInit
    main.o(i.main) refers to display.o(i.setShow_ui) for setShow_ui
    main.o(i.main) refers to kea128_gpio.o(i.gpio_get) for gpio_get
    main.o(i.main) refers to bsp_sensor.o(i.bsp_sensor_Calibration) for bsp_sensor_Calibration
    main.o(i.main) refers to bsp_timer.o(i.bsp_tim_CreateSoftTimer) for bsp_tim_CreateSoftTimer
    main.o(i.main) refers to bsp_timer.o(i.bsp_tim_CreateHardTimer) for bsp_tim_CreateHardTimer
    main.o(i.main) refers to inv_mpu.o(i.mpu_dmp_get_data) for mpu_dmp_get_data
    main.o(i.main) refers to bsp_mpu.o(i.bsp_mpu_ReadGyro) for bsp_mpu_ReadGyro
    main.o(i.main) refers to app_debug.o(i.debug_CarDataReport) for debug_CarDataReport
    main.o(i.main) refers to bsp_key.o(i.bsp_key_Scan) for bsp_key_Scan
    main.o(i.main) refers to freescalecar.o(i.Car_Running) for Car_Running
    main.o(i.main) refers to display.o(i.displayTask) for displayTask
    main.o(i.main) refers to freescalecar.o(i.Car_Control) for Car_Control
    main.o(i.main) refers to freescalecar.o(.bss) for Car
    freescalecar.o(i.Car_BalanceControl) refers to faddsub.o(x$fpl$fsub) for __aeabi_fsub
    freescalecar.o(i.Car_BalanceControl) refers to fflti.o(.text) for __aeabi_i2f
    freescalecar.o(i.Car_BalanceControl) refers to fmul.o(x$fpl$fmul) for __aeabi_fmul
    freescalecar.o(i.Car_BalanceControl) refers to freescalecar.o(.bss) for .bss
    freescalecar.o(i.Car_BalanceControl) refers to freescalecar.o(.data) for .data
    freescalecar.o(i.Car_Control) refers to freescalecar.o(i.Car_SpeedControlOutput) for Car_SpeedControlOutput
    freescalecar.o(i.Car_Control) refers to freescalecar.o(i.Car_DirctionControlOutput) for Car_DirctionControlOutput
    freescalecar.o(i.Car_Control) refers to freescalecar.o(i.__ARM_common_switch8) for __ARM_common_switch8
    freescalecar.o(i.Car_Control) refers to bsp_encoder.o(i.bsp_encoder_ReadCounter) for bsp_encoder_ReadCounter
    freescalecar.o(i.Car_Control) refers to aeabi_sdiv.o(.text) for __aeabi_idivmod
    freescalecar.o(i.Car_Control) refers to fflti.o(.text) for __aeabi_i2f
    freescalecar.o(i.Car_Control) refers to freescalecar.o(i.Car_SpeedControl) for Car_SpeedControl
    freescalecar.o(i.Car_Control) refers to bsp_sensor.o(i.bsp_sensor_DataProcess) for bsp_sensor_DataProcess
    freescalecar.o(i.Car_Control) refers to freescalecar.o(i.Car_DirctionControl) for Car_DirctionControl
    freescalecar.o(i.Car_Control) refers to freescalecar.o(i.Car_BalanceControl) for Car_BalanceControl
    freescalecar.o(i.Car_Control) refers to freescalecar.o(i.Car_MotorOutput) for Car_MotorOutput
    freescalecar.o(i.Car_Control) refers to freescalecar.o(.data) for .data
    freescalecar.o(i.Car_Control) refers to freescalecar.o(.bss) for .bss
    freescalecar.o(i.Car_DirctionControl) refers to faddsub.o(x$fpl$fsub) for __aeabi_fsub
    freescalecar.o(i.Car_DirctionControl) refers to fflti.o(.text) for __aeabi_i2f
    freescalecar.o(i.Car_DirctionControl) refers to app_pid.o(i.fuzzy_PIDClac) for fuzzy_PIDClac
    freescalecar.o(i.Car_DirctionControl) refers to fmul.o(x$fpl$fmul) for __aeabi_fmul
    freescalecar.o(i.Car_DirctionControl) refers to faddsub.o(x$fpl$fadd) for __aeabi_fadd
    freescalecar.o(i.Car_DirctionControl) refers to freescalecar.o(.bss) for .bss
    freescalecar.o(i.Car_DirctionControl) refers to freescalecar.o(.data) for .data
    freescalecar.o(i.Car_DirctionControlOutput) refers to faddsub.o(x$fpl$fsub) for __aeabi_fsub
    freescalecar.o(i.Car_DirctionControlOutput) refers to fflti.o(.text) for __aeabi_ui2f
    freescalecar.o(i.Car_DirctionControlOutput) refers to fmul.o(x$fpl$fmul) for __aeabi_fmul
    freescalecar.o(i.Car_DirctionControlOutput) refers to fdiv.o(.text) for __aeabi_fdiv
    freescalecar.o(i.Car_DirctionControlOutput) refers to faddsub.o(x$fpl$fadd) for __aeabi_fadd
    freescalecar.o(i.Car_DirctionControlOutput) refers to freescalecar.o(.data) for .data
    freescalecar.o(i.Car_MotorOutput) refers to faddsub.o(x$fpl$fadd) for __aeabi_fadd
    freescalecar.o(i.Car_MotorOutput) refers to faddsub.o(x$fpl$fsub) for __aeabi_fsub
    freescalecar.o(i.Car_MotorOutput) refers to ffixi.o(.text) for __aeabi_f2iz
    freescalecar.o(i.Car_MotorOutput) refers to bsp_motor.o(i.bsp_motor_SetPwm) for bsp_motor_SetPwm
    freescalecar.o(i.Car_MotorOutput) refers to freescalecar.o(.data) for .data
    freescalecar.o(i.Car_MotorOutput) refers to freescalecar.o(.bss) for .bss
    freescalecar.o(i.Car_ParaInit) refers to app_pid.o(i.fuzzy_PIDInit) for fuzzy_PIDInit
    freescalecar.o(i.Car_ParaInit) refers to freescalecar.o(.bss) for .bss
[...]
    ICS_IRQHandler                           0x000001a9   Thumb Code     0  startup_skeaz1284.o(.text)
    IRQ_IRQHandler                           0x000001a9   Thumb Code     0  startup_skeaz1284.o(.text)
    KBI0_IRQHandler                          0x000001a9   Thumb Code     0  startup_skeaz1284.o(.text)
    KBI1_IRQHandler                          0x000001a9   Thumb Code     0  startup_skeaz1284.o(.text)
    LVD_LVW_IRQHandler                       0x000001a9   Thumb Code     0  startup_skeaz1284.o(.text)
    MSCAN_RX_IRQHandler                      0x000001a9   Thumb Code     0  startup_skeaz1284.o(.text)
    MSCAN_TX_IRQHandler                      0x000001a9   Thumb Code     0  startup_skeaz1284.o(.text)
    PWT_IRQHandler                           0x000001a9   Thumb Code     0  startup_skeaz1284.o(.text)
    RTC_IRQHandler                           0x000001a9   Thumb Code     0  startup_skeaz1284.o(.text)
    Reserved16_IRQHandler                    0x000001a9   Thumb Code     0  startup_skeaz1284.o(.text)
    Reserved17_IRQHandler                    0x000001a9   Thumb Code     0  startup_skeaz1284.o(.text)
    Reserved18_IRQHandler                    0x000001a9   Thumb Code     0  startup_skeaz1284.o(.text)
    Reserved19_IRQHandler                    0x000001a9   Thumb Code     0  startup_skeaz1284.o(.text)
    Reserved20_IRQHandler                    0x000001a9   Thumb Code     0  startup_skeaz1284.o(.text)
    Reserved42_IRQHandler                    0x000001a9   Thumb Code     0  startup_skeaz1284.o(.text)
    SPI0_IRQHandler                          0x000001a9   Thumb Code     0  startup_skeaz1284.o(.text)
    SPI1_IRQHandler                          0x000001a9   Thumb Code     0  startup_skeaz1284.o(.text)
    UART1_IRQHandler                         0x000001a9   Thumb Code     0  startup_skeaz1284.o(.text)
    UART2_IRQHandler                         0x000001a9   Thumb Code     0  startup_skeaz1284.o(.text)
    Watchdog_IRQHandler                      0x000001a9   Thumb Code     0  startup_skeaz1284.o(.text)
    __user_initial_stackheap                 0x000001ad   Thumb Code     0  startup_skeaz1284.o(.text)
    __use_no_semihosting                     0x000001d1   Thumb Code     2  use_no_semi_2.o(.text)
    __aeabi_ldivmod                          0x000001d3   Thumb Code   112  llsdiv.o(.text)
    _ll_sdiv                                 0x000001d3   Thumb Code     0  llsdiv.o(.text)
    __2printf                                0x00000245   Thumb Code    22  __2printf.o(.text)
    _printf_int_dec                          0x00000261   Thumb Code    90  _printf_dec.o(.text)
    memcmp                                   0x000002cd   Thumb Code    90  memcmp.o(.text)
    strlen                                   0x00000329   Thumb Code    62  strlen.o(.text)
    __aeabi_memset                           0x0000036d   Thumb Code    18  aeabi_memset.o(.text)
    _memset_w                                0x0000037f   Thumb Code    26  rt_memclr.o(.text)
    _memset                                  0x00000399   Thumb Code    30  rt_memclr.o(.text)
    __aeabi_memclr                           0x000003b7   Thumb Code     4  rt_memclr.o(.text)
    __rt_memclr                              0x000003b7   Thumb Code     0  rt_memclr.o(.text)
    __aeabi_memclr4                          0x000003bb   Thumb Code     0  rt_memclr.o(.text)
    __aeabi_memclr8                          0x000003bb   Thumb Code     0  rt_memclr.o(.text)
    __rt_memclr_w                            0x000003bb   Thumb Code     4  rt_memclr.o(.text)
    __use_two_region_memory                  0x000003bf   Thumb Code     2  heapauxi.o(.text)
    __rt_heap_escrow$2region                 0x000003c1   Thumb Code     2  heapauxi.o(.text)
    __rt_heap_expand$2region                 0x000003c3   Thumb Code     2  heapauxi.o(.text)
    __aeabi_f2uiz                            0x000003c5   Thumb Code     0  ffixui.o(.text)
    _ffixu                                   0x000003c5   Thumb Code    48  ffixui.o(.text)
    __I$use$semihosting                      0x000003f5   Thumb Code     0  use_no_semi.o(.text)
    __use_no_semihosting_swi                 0x000003f5   Thumb Code     2  use_no_semi.o(.text)
    __aeabi_errno_addr                       0x000003f9   Thumb Code     8  rt_errno_addr_intlibspace.o(.text)
    __errno$intlibspace                      0x000003f9   Thumb Code     0  rt_errno_addr_intlibspace.o(.text)
    __rt_errno_addr$intlibspace              0x000003f9   Thumb Code     0  rt_errno_addr_intlibspace.o(.text)
    __printf                                 0x00000411   Thumb Code   386  __printf_flags_ss_wp.o(.text)
    __aeabi_uidiv                            0x00000599   Thumb Code     0  aeabi_sdiv.o(.text)
    __aeabi_uidivmod                         0x00000599   Thumb Code    20  aeabi_sdiv.o(.text)
    __aeabi_idiv                             0x000005ad   Thumb Code     0  aeabi_sdiv.o(.text)
    __aeabi_idivmod                          0x000005ad   Thumb Code   326  aeabi_sdiv.o(.text)
    __aeabi_d2f                              0x000006f5   Thumb Code     0  d2f.o(.text)
    _d2f                                     0x000006f5   Thumb Code   120  d2f.o(.text)
    __aeabi_dadd                             0x00000a69   Thumb Code     0  daddsub.o(.text)
    _dadd                                    0x00000a69   Thumb Code    26  daddsub.o(.text)
    __aeabi_dsub                             0x00000a83   Thumb Code     0  daddsub.o(.text)
    _dsub                                    0x00000a83   Thumb Code    22  daddsub.o(.text)
    __aeabi_drsub                            0x00000a99   Thumb Code     0  daddsub.o(.text)
    _drsb                                    0x00000a99   Thumb Code    28  daddsub.o(.text)
    __aeabi_ddiv                             0x00000ac9   Thumb Code     0  ddiv.o(.text)
    _ddiv                                    0x00000ac9   Thumb Code  1072  ddiv.o(.text)
    _drdiv                                   0x00000ef9   Thumb Code    20  ddiv.o(.text)
    __aeabi_i2d_normalise                    0x00000f11   Thumb Code    66  dflti.o(.text)
    __aeabi_i2d                              0x00000f53   Thumb Code    16  dflti.o(.text)
    _dflt                                    0x00000f53   Thumb Code     0  dflti.o(.text)
    __aeabi_ui2d                             0x00000f63   Thumb Code     6  dflti.o(.text)
    _dfltu                                   0x00000f63   Thumb Code     0  dflti.o(.text)
    __aeabi_dmul                             0x00000f69   Thumb Code     0  dmul.o(.text)
    _dmul                                    0x00000f69   Thumb Code   558  dmul.o(.text)
    __aeabi_f2d                              0x000011b1   Thumb Code     0  f2d.o(.text)
    _f2d                                     0x000011b1   Thumb Code    80  f2d.o(.text)
    __aeabi_fdiv                             0x00001205   Thumb Code     0  fdiv.o(.text)
    _fdiv                                    0x00001205   Thumb Code   334  fdiv.o(.text)
    _frdiv                                   0x00001353   Thumb Code     8  fdiv.o(.text)
    __aeabi_f2iz                             0x00001365   Thumb Code     0  ffixi.o(.text)
    _ffix                                    0x00001365   Thumb Code    76  ffixi.o(.text)
    __aeabi_i2f_normalise                    0x000013b1   Thumb Code    72  fflti.o(.text)
    __aeabi_i2f                              0x000013f9   Thumb Code    16  fflti.o(.text)
    _fflt                                    0x000013f9   Thumb Code     0  fflti.o(.text)
    __aeabi_ui2f                             0x00001409   Thumb Code     6  fflti.o(.text)
    _ffltu                                   0x00001409   Thumb Code     0  fflti.o(.text)
    __ARM_scalbnf                            0x00001411   Thumb Code    64  fscalbn.o(.text)
    __aeabi_uldivmod                         0x00001455   Thumb Code   258  lludiv.o(.text)
    _ll_udiv                                 0x00001455   Thumb Code     0  lludiv.o(.text)
    __read_errno                             0x00001557   Thumb Code    10  _rserrno.o(.text)
    __set_errno                              0x00001561   Thumb Code    12  _rserrno.o(.text)
    _printf_int_common                       0x0000156d   Thumb Code   176  _printf_intcommon.o(.text)
    _printf_char_common                      0x00001627   Thumb Code    32  _printf_char_common.o(.text)
    _printf_char_file                        0x0000164d   Thumb Code    34  _printf_char_file.o(.text)
    __rt_udiv10                              0x00001675   Thumb Code    40  rtudiv10.o(.text)
    __ARM_scalbn                             0x0000169d   Thumb Code    84  dscalbn.o(.text)
    __fpl_fcmp_InfNaN                        0x000016fd   Thumb Code    96  fcmpin.o(.text)
    ferror                                   0x00001761   Thumb Code     8  ferror.o(.text)
    __fpl_cmpreturn                          0x00001769   Thumb Code    46  cmpret.o(.text)
    _dsqrt                                   0x00001799   Thumb Code   248  dsqrt.o(.text)
    __fpl_fcheck_NaN2                        0x00001899   Thumb Code    10  fnan2.o(.text)
    __user_libspace                          0x000018a9   Thumb Code     8  libspace.o(.text)
    __user_perproc_libspace                  0x000018a9   Thumb Code     0  libspace.o(.text)
    __user_perthread_libspace                0x000018a9   Thumb Code     0  libspace.o(.text)
    __user_setup_stackheap                   0x000018b1   Thumb Code    62  sys_stackheap_outer.o(.text)
    exit                                     0x000018ef   Thumb Code    16  exit.o(.text)
    __fpl_return_NaN                         0x000018ff   Thumb Code    94  retnan.o(.text)
    __decompress                             0x0000195d   Thumb Code     0  __dczerorl2.o(.text)
    __decompress1                            0x0000195d   Thumb Code    86  __dczerorl2.o(.text)
    ADC0_IRQHandler                          0x000019b5   Thumb Code    30  drv_adc.o(i.ADC0_IRQHandler)
    Car_BalanceControl                       0x000019e1   Thumb Code    58  freescalecar.o(i.Car_BalanceControl)
    Car_Control                              0x00001a25   Thumb Code   162  freescalecar.o(i.Car_Control)
    Car_ControlStart                         0x00001ad5   Thumb Code     2  freescalecar.o(i.Car_ControlStart)
    Car_ControlStop                          0x00001ad7   Thumb Code     2  freescalecar.o(i.Car_ControlStop)
    Car_DirctionControl                      0x00001ad9   Thumb Code   148  freescalecar.o(i.Car_DirctionControl)
    Car_DirctionControlOutput                0x00001b79   Thumb Code    46  freescalecar.o(i.Car_DirctionControlOutput)
    Car_MotorOutput                          0x00001bb1   Thumb Code   170  freescalecar.o(i.Car_MotorOutput)
    Car_ParaInit                             0x00001c6d   Thumb Code   172  freescalecar.o(i.Car_ParaInit)
    Car_ParaStore                            0x00001d3d   Thumb Code     2  freescalecar.o(i.Car_ParaStore)
    Car_Reset                                0x00001d3f   Thumb Code     2  freescalecar.o(i.Car_Reset)
    Car_Running                              0x00001d41   Thumb Code    10  freescalecar.o(i.Car_Running)
    Car_SetTarSpeed                          0x00001d4d   Thumb Code   358  pid_set.o(i.Car_SetTarSpeed)
    Car_SpeedControl                         0x00001edd   Thumb Code   224  freescalecar.o(i.Car_SpeedControl)
    Car_SpeedControlOutput                   0x00001fe9   Thumb Code    46  freescalecar.o(i.Car_SpeedControlOutput)
    DirectionKd_Set                          0x00002021   Thumb Code   350  pid_set.o(i.DirectionKd_Set)
    DirectionKp_Set                          0x000021a9   Thumb Code   380  pid_set.o(i.DirectionKp_Set)
    DisplayMenuInit                          0x0000234d   Thumb Code   146  menu.o(i.DisplayMenuInit)
    FLASH_EraseSector                        0x000023e5   Thumb Code    36  kea128_flash.o(i.FLASH_EraseSector)
    FLASH_Init                               0x0000240d   Thumb Code    50  kea128_flash.o(i.FLASH_Init)
    FLASH_WriteSector                        0x0000244d   Thumb Code    92  kea128_flash.o(i.FLASH_WriteSector)
    FlashCmdStart                            0x000024ad   Thumb Code    34  kea128_flash.o(i.FlashCmdStart)
    GUI_Arc4                                 0x000024d9   Thumb Code   514  gui_basic.o(i.GUI_Arc4)
    GUI_Button_Selected                      0x000026db   Thumb Code   318  button.o(i.GUI_Button_Selected)
    GUI_ClearSCR                             0x00002819   Thumb Code     8  lcmdrv.o(i.GUI_ClearSCR)
    GUI_CmpPointColor                        0x00002821   Thumb Code    26  gui_basic.o(i.GUI_CmpPointColor)
    GUI_DrawButton                           0x0000283b   Thumb Code   304  button.o(i.GUI_DrawButton)
    GUI_FloodFill                            0x0000296b   Thumb Code   752  gui_basic.o(i.GUI_FloodFill)
    GUI_HLine                                0x00002c5b   Thumb Code    40  lcmdrv.o(i.GUI_HLine)
    GUI_Line                                 0x00002c83   Thumb Code   206  gui_basic.o(i.GUI_Line)
    GUI_MenuItemDraw                         0x00002d51   Thumb Code   110  gui_menu.o(i.GUI_MenuItemDraw)
    GUI_MessageBoxButtonStatus               0x00002dc1   Thumb Code    34  messagebox.o(i.GUI_MessageBoxButtonStatus)
    GUI_MessageBoxDraw                       0x00002de9   Thumb Code   266  messagebox.o(i.GUI_MessageBoxDraw)
    GUI_MessageBoxResult                     0x00002efd   Thumb Code     6  messagebox.o(i.GUI_MessageBoxResult)
    GUI_Point                                0x00002f09   Thumb Code    10  lcmdrv.o(i.GUI_Point)
    GUI_RLine                                0x00002f13   Thumb Code    38  lcmdrv.o(i.GUI_RLine)
    GUI_ReadLeftPoint                        0x00002f39   Thumb Code    74  gui_basic.o(i.GUI_ReadLeftPoint)
    GUI_ReadPoint                            0x00002f83   Thumb Code    16  lcmdrv.o(i.GUI_ReadPoint)
    GUI_ReadRightPoint                       0x00002f93   Thumb Code    48  gui_basic.o(i.GUI_ReadRightPoint)
    GUI_Rectangle                            0x00002fc3   Thumb Code    60  gui_basic.o(i.GUI_Rectangle)
    GUI_RectangleFill                        0x00002fff   Thumb Code    82  gui_basic.o(i.GUI_RectangleFill)
    GUI_Refresh                              0x00003051   Thumb Code     8  lcmdrv.o(i.GUI_Refresh)
    GUI_ScrollbarDraw                        0x00003059   Thumb Code   174  scrollbar.o(i.GUI_ScrollbarDraw)
    GUI_Scrollbar_SetPos                     0x0000310d   Thumb Code   104  scrollbar.o(i.GUI_Scrollbar_SetPos)
    GUI_WindowsDraw                          0x00003175   Thumb Code   166  windows.o(i.GUI_WindowsDraw)
    MainMenu_Init                            0x000032b5   Thumb Code    72  menu.o(i.MainMenu_Init)
    Menu_Run                                 0x00003315   Thumb Code   414  menu.o(i.Menu_Run)
    PIDAdjMenu_Init                          0x00003501   Thumb Code    84  menu.o(i.PIDAdjMenu_Init)
    PIT_CH0_IRQHandler                       0x00003575   Thumb Code    30  drv_pit.o(i.PIT_CH0_IRQHandler)
    PIT_CH1_IRQHandler                       0x0000359d   Thumb Code    30  drv_pit.o(i.PIT_CH1_IRQHandler)
    ParaSetMenu_Init                         0x000035c5   Thumb Code    76  menu.o(i.ParaSetMenu_Init)
    Para_ShowRefresh                         0x00003625   Thumb Code    30  para_show.o(i.Para_ShowRefresh)
    Para_Show_UI                             0x00003649   Thumb Code   800  para_show.o(i.Para_Show_UI)
    Partition                                0x00003a19   Thumb Code    74  app_sort.o(i.Partition)
    SpeedKi_Set                              0x00003a65   Thumb Code   380  pid_set.o(i.SpeedKi_Set)
    SpeedKp_Set                              0x00003c05   Thumb Code   380  pid_set.o(i.SpeedKp_Set)
    SysTick_Handler                          0x00003da5   Thumb Code     8  bsp_timer.o(i.SysTick_Handler)
    SysTick_ISR                              0x00003dad   Thumb Code    64  bsp_timer.o(i.SysTick_ISR)
    SystemInit                               0x00003df9   Thumb Code    64  system_skeaz1284.o(i.SystemInit)
    SystemReset                              0x00003e51   Thumb Code   164  menu.o(i.SystemReset)
    UART0_IRQHandler                         0x00003efd   Thumb Code   150  app_debug.o(i.UART0_IRQHandler)
    __ARM_common_ll_mulss                    0x00003fa5   Thumb Code    48  inv_mpu_dmp_motion_driver.o(i.__ARM_common_ll_mulss)
    __ARM_common_switch8                     0x00003fd5   Thumb Code    26  freescalecar.o(i.__ARM_common_switch8)
    __ARM_fpclassify                         0x00003ff1   Thumb Code    40  fpclassify.o(i.__ARM_fpclassify)
    __kernel_poly                            0x0000401d   Thumb Code   172  poly.o(i.__kernel_poly)
    __mathlib_dbl_infnan                     0x000040c9   Thumb Code    10  dunder.o(i.__mathlib_dbl_infnan)
    __mathlib_dbl_infnan2                    0x000040d3   Thumb Code     8  dunder.o(i.__mathlib_dbl_infnan2)
    __mathlib_dbl_invalid                    0x000040db   Thumb Code    16  dunder.o(i.__mathlib_dbl_invalid)
    __mathlib_dbl_underflow                  0x000040ed   Thumb Code    14  dunder.o(i.__mathlib_dbl_underflow)
    _is_digit                                0x00004101   Thumb Code    14  __printf_wp.o(i._is_digit)
    _sys_exit                                0x0000410f   Thumb Code     4  bsp_uart.o(i._sys_exit)
    adc_init                                 0x0000418d   Thumb Code    30  kea128_adc.o(i.adc_init)
    adc_once                                 0x000041b5   Thumb Code    30  kea128_adc.o(i.adc_once)
    asin                                     0x000041d9   Thumb Code   574  asin.o(i.asin)
    atan                                     0x0000444d   Thumb Code   472  atan.o(i.atan)
    atan2                                    0x00004669   Thumb Code   334  atan2.o(i.atan2)
    bsp_Config                               0x000047e1   Thumb Code    54  bsp.o(i.bsp_Config)
    bsp_encoder_Config                       0x00004817   Thumb Code    36  bsp_encoder.o(i.bsp_encoder_Config)
    bsp_encoder_ReadCounter                  0x0000483d   Thumb Code    42  bsp_encoder.o(i.bsp_encoder_ReadCounter)
    bsp_i2c_Ack                              0x0000486d   Thumb Code    34  bsp_i2c.o(i.bsp_i2c_Ack)
    bsp_i2c_NoAck                            0x0000488f   Thumb Code    34  bsp_i2c.o(i.bsp_i2c_NoAck)
    bsp_i2c_ReadByte                         0x000048b1   Thumb Code    94  bsp_i2c.o(i.bsp_i2c_ReadByte)
    bsp_i2c_SendByte                         0x0000490f   Thumb Code    72  bsp_i2c.o(i.bsp_i2c_SendByte)
    bsp_i2c_Start                            0x00004957   Thumb Code    34  bsp_i2c.o(i.bsp_i2c_Start)
    bsp_i2c_Stop                             0x00004979   Thumb Code    34  bsp_i2c.o(i.bsp_i2c_Stop)
    bsp_i2c_WaitAck                          0x0000499b   Thumb Code    76  bsp_i2c.o(i.bsp_i2c_WaitAck)
    bsp_key_Config                           0x000049e7   Thumb Code    12  bsp_key.o(i.bsp_key_Config)
    bsp_key_Detect                           0x000049f5   Thumb Code   170  bsp_key.o(i.bsp_key_Detect)
    bsp_key_FifoConfig                       0x00004aa5   Thumb Code    58  bsp_key.o(i.bsp_key_FifoConfig)
    bsp_key_GPIOConfig                       0x00004af1   Thumb Code    34  bsp_key.o(i.bsp_key_GPIOConfig)
    bsp_key_GetKey                           0x00004b15   Thumb Code    32  bsp_key.o(i.bsp_key_GetKey)
    bsp_key_PutKey                           0x00004b39   Thumb Code    24  bsp_key.o(i.bsp_key_PutKey)
    bsp_key_Scan                             0x00004b55   Thumb Code    20  bsp_key.o(i.bsp_key_Scan)
    bsp_led_Config                           0x00004b69   Thumb Code    24  bsp_led.o(i.bsp_led_Config)
    bsp_led_OFF                              0x00004b81   Thumb Code    40  bsp_led.o(i.bsp_led_OFF)
    bsp_led_ON                               0x00004ba9   Thumb Code    40  bsp_led.o(i.bsp_led_ON)
    bsp_led_Toggle                           0x00004bd1   Thumb Code    34  bsp_led.o(i.bsp_led_Toggle)
    bsp_motor_Config                         0x00004bf5   Thumb Code    54  bsp_motor.o(i.bsp_motor_Config)
    bsp_motor_SetPwm                         0x00004c31   Thumb Code    82  bsp_motor.o(i.bsp_motor_SetPwm)
    bsp_mpu_Config                           0x00004c83   Thumb Code   124  bsp_mpu.o(i.bsp_mpu_Config)
    bsp_mpu_IICConfig                        0x00004d01   Thumb Code    66  bsp_mpu.o(i.bsp_mpu_IICConfig)
    bsp_mpu_ReadBuff                         0x00004d65   Thumb Code   256  bsp_mpu.o(i.bsp_mpu_ReadBuff)
    bsp_mpu_ReadByte                         0x00004e69   Thumb Code   206  bsp_mpu.o(i.bsp_mpu_ReadByte)
    bsp_mpu_ReadGyro                         0x00004f3d   Thumb Code    50  bsp_mpu.o(i.bsp_mpu_ReadGyro)
    bsp_mpu_SetAccelFsr                      0x00004f6f   Thumb Code    14  bsp_mpu.o(i.bsp_mpu_SetAccelFsr)
    bsp_mpu_SetGyroFsr                       0x00004f7d   Thumb Code    14  bsp_mpu.o(i.bsp_mpu_SetGyroFsr)
    bsp_mpu_SetLPF                           0x00004f8b   Thumb Code    52  bsp_mpu.o(i.bsp_mpu_SetLPF)
    bsp_mpu_SetRate                          0x00004fbf   Thumb Code    46  bsp_mpu.o(i.bsp_mpu_SetRate)
    bsp_mpu_WriteBuff                        0x00004fed   Thumb Code   194  bsp_mpu.o(i.bsp_mpu_WriteBuff)
    bsp_mpu_WriteByte                        0x000050b5   Thumb Code   192  bsp_mpu.o(i.bsp_mpu_WriteByte)
    bsp_oled_Config                          0x00005179   Thumb Code   256  bsp_oled.o(i.bsp_oled_Config)
    bsp_oled_GPIOConfig                      0x00005279   Thumb Code    84  bsp_oled.o(i.bsp_oled_GPIOConfig)
    bsp_oled_SetPos                          0x000052cd   Thumb Code    40  bsp_oled.o(i.bsp_oled_SetPos)
    bsp_sensor_Calibration                   0x000052f5   Thumb Code   238  bsp_sensor.o(i.bsp_sensor_Calibration)
    bsp_sensor_Config                        0x000053ed   Thumb Code    40  bsp_sensor.o(i.bsp_sensor_Config)
    bsp_sensor_DataNormalized                0x00005415   Thumb Code    48  bsp_sensor.o(i.bsp_sensor_DataNormalized)
    bsp_sensor_DataProcess                   0x00005449   Thumb Code   130  bsp_sensor.o(i.bsp_sensor_DataProcess)
    bsp_switch_Config                        0x000054d5   Thumb Code    68  bsp_switch.o(i.bsp_switch_Config)
    bsp_tim_CreateHardTimer                  0x00005519   Thumb Code    66  bsp_timer.o(i.bsp_tim_CreateHardTimer)
    bsp_tim_CreateSoftTimer                  0x00005561   Thumb Code    52  bsp_timer.o(i.bsp_tim_CreateSoftTimer)
    bsp_tim_DelayMs                          0x00005599   Thumb Code    26  bsp_timer.o(i.bsp_tim_DelayMs)
    bsp_tim_DelayUs                          0x000055b9   Thumb Code    54  bsp_timer.o(i.bsp_tim_DelayUs)
    bsp_tim_SoftConfig                       0x000055fd   Thumb Code    72  bsp_timer.o(i.bsp_tim_SoftConfig)
    bsp_tim_SoftDec                          0x00005659   Thumb Code    42  bsp_timer.o(i.bsp_tim_SoftDec)
    bsp_uart_Config                          0x00005685   Thumb Code    26  bsp_uart.o(i.bsp_uart_Config)
    bsp_uart_GetUartNo                       0x000056a9   Thumb Code    12  bsp_uart.o(i.bsp_uart_GetUartNo)
    bsp_uart_IRQHandler                      0x000056b9   Thumb Code    70  bsp_uart.o(i.bsp_uart_IRQHandler)
    bsp_uart_ParaInit                        0x00005701   Thumb Code    44  bsp_uart.o(i.bsp_uart_ParaInit)
    bsp_uart_SendDataToBuff                  0x00005739   Thumb Code    80  bsp_uart.o(i.bsp_uart_SendDataToBuff)
    debug_CarDataReport                      0x00005789   Thumb Code    40  app_debug.o(i.debug_CarDataReport)
    debug_DataProcess                        0x000057b5   Thumb Code    66  app_debug.o(i.debug_DataProcess)
    debug_DataUpload                         0x000057fd   Thumb Code   104  app_debug.o(i.debug_DataUpload)
    debug_MPUData1Report                     0x00005865   Thumb Code    92  app_debug.o(i.debug_MPUData1Report)
    debug_MPUData2Report                     0x000058c9   Thumb Code    82  app_debug.o(i.debug_MPUData2Report)
    debug_MotorDataReport                    0x00005921   Thumb Code   112  app_debug.o(i.debug_MotorDataReport)
    debug_PIDDownload                        0x00005995   Thumb Code   232  app_debug.o(i.debug_PIDDownload)
    debug_PIDParaReport                      0x00005a91   Thumb Code   214  app_debug.o(i.debug_PIDParaReport)
    debug_Response                           0x00005b79   Thumb Code    66  app_debug.o(i.debug_Response)
    debug_SensorDataReport                   0x00005bc1   Thumb Code    86  app_debug.o(i.debug_SensorDataReport)
    displayInit                              0x00005c1d   Thumb Code    16  display.o(i.displayInit)
    displayTask                              0x00005c2d   Thumb Code   108  display.o(i.displayTask)
    dmp_enable_6x_lp_quat                    0x00005c9d   Thumb Code    52  inv_mpu_dmp_motion_driver.o(i.dmp_enable_6x_lp_quat)
    dmp_enable_feature                       0x00005cd5   Thumb Code   422  inv_mpu_dmp_motion_driver.o(i.dmp_enable_feature)
    dmp_enable_gyro_cal                      0x00005e91   Thumb Code    36  inv_mpu_dmp_motion_driver.o(i.dmp_enable_gyro_cal)
    dmp_enable_lp_quat                       0x00005ecd   Thumb Code    52  inv_mpu_dmp_motion_driver.o(i.dmp_enable_lp_quat)
    dmp_load_motion_driver_firmware          0x00005f05   Thumb Code    18  inv_mpu_dmp_motion_driver.o(i.dmp_load_motion_driver_firmware)
    dmp_read_fifo                            0x00005f21   Thumb Code   346  inv_mpu_dmp_motion_driver.o(i.dmp_read_fifo)
    dmp_set_fifo_rate                        0x00006085   Thumb Code    82  inv_mpu_dmp_motion_driver.o(i.dmp_set_fifo_rate)
    dmp_set_gyro_bias                        0x000060f1   Thumb Code   192  inv_mpu_dmp_motion_driver.o(i.dmp_set_gyro_bias)
    dmp_set_orientation                      0x000061b9   Thumb Code   210  inv_mpu_dmp_motion_driver.o(i.dmp_set_orientation)
    dmp_set_shake_reject_thresh              0x000062a5   Thumb Code    42  inv_mpu_dmp_motion_driver.o(i.dmp_set_shake_reject_thresh)
    dmp_set_shake_reject_time                0x000062cf   Thumb Code    28  inv_mpu_dmp_motion_driver.o(i.dmp_set_shake_reject_time)
    dmp_set_shake_reject_timeout             0x000062eb   Thumb Code    28  inv_mpu_dmp_motion_driver.o(i.dmp_set_shake_reject_timeout)
    dmp_set_tap_axes                         0x00006307   Thumb Code    54  inv_mpu_dmp_motion_driver.o(i.dmp_set_tap_axes)
    dmp_set_tap_count                        0x0000633d   Thumb Code    36  inv_mpu_dmp_motion_driver.o(i.dmp_set_tap_count)
    dmp_set_tap_thresh                       0x00006361   Thumb Code   278  inv_mpu_dmp_motion_driver.o(i.dmp_set_tap_thresh)
    dmp_set_tap_time                         0x00006491   Thumb Code    28  inv_mpu_dmp_motion_driver.o(i.dmp_set_tap_time)
    dmp_set_tap_time_multi                   0x000064ad   Thumb Code    28  inv_mpu_dmp_motion_driver.o(i.dmp_set_tap_time_multi)
    drv_pit_Init                             0x000064c9   Thumb Code   154  drv_pit.o(i.drv_pit_Init)
    exitMenu                                 0x0000657d   Thumb Code    28  menu.o(i.exitMenu)
    filter_SildingAverage                    0x000065a1   Thumb Code    36  app_filter.o(i.filter_SildingAverage)
    fputc                                    0x000065c5   Thumb Code    12  bsp_uart.o(i.fputc)
    ftm_count_clean                          0x000065d5   Thumb Code    12  kea128_ftm.o(i.ftm_count_clean)
    ftm_count_get                            0x000065e5   Thumb Code    12  kea128_ftm.o(i.ftm_count_get)
    ftm_count_init                           0x000065f5   Thumb Code    34  kea128_ftm.o(i.ftm_count_init)
    ftm_count_mux                            0x0000661d   Thumb Code   118  kea128_ftm.o(i.ftm_count_mux)
    ftm_pwm_duty                             0x0000669d   Thumb Code    56  kea128_ftm.o(i.ftm_pwm_duty)
    ftm_pwm_init                             0x000066e1   Thumb Code   166  kea128_ftm.o(i.ftm_pwm_init)
    ftm_pwm_mux                              0x00006795   Thumb Code   182  kea128_ftm.o(i.ftm_pwm_mux)
    fuzzy_PIDClac                            0x00006851   Thumb Code   820  app_pid.o(i.fuzzy_PIDClac)
    fuzzy_PIDInit                            0x00006b95   Thumb Code    58  app_pid.o(i.fuzzy_PIDInit)
    fuzzy_TriMF                              0x00006bd5   Thumb Code   102  app_pid.o(i.fuzzy_TriMF)
    getMenuSelectitem                        0x00006c49   Thumb Code    28  menu.o(i.getMenuSelectitem)
    getMessageBoxStringlen                   0x00006c65   Thumb Code    14  messagebox.o(i.getMessageBoxStringlen)
    getWindowStringlen                       0x00006c73   Thumb Code    14  windows.o(i.getWindowStringlen)
    get_clk                                  0x00006d1d   Thumb Code   118  common.o(i.get_clk)
    gotoCarParaReset                         0x000070cd   Thumb Code    20  menu.o(i.gotoCarParaReset)
    gotoNextMenu                             0x000070e5   Thumb Code    42  menu.o(i.gotoNextMenu)
    gotoParaShow                             0x00007115   Thumb Code    16  menu.o(i.gotoParaShow)
    gotoSetDirctionKd                        0x00007129   Thumb Code    20  menu.o(i.gotoSetDirctionKd)
    gotoSetDirctionKp                        0x00007141   Thumb Code    20  menu.o(i.gotoSetDirctionKp)
    gotoSetSpeedKi                           0x00007159   Thumb Code    20  menu.o(i.gotoSetSpeedKi)
    gotoSetSpeedKp                           0x00007171   Thumb Code    20  menu.o(i.gotoSetSpeedKp)
    gotoSetTargetSpeed                       0x00007189   Thumb Code    16  menu.o(i.gotoSetTargetSpeed)
    gpio_get                                 0x0000719d   Thumb Code    34  kea128_gpio.o(i.gpio_get)
    gpio_init                                0x000071c5   Thumb Code   170  kea128_gpio.o(i.gpio_init)
    gpio_set                                 0x00007275   Thumb Code    46  kea128_gpio.o(i.gpio_set)
    gpio_turn                                0x000072a9   Thumb Code    32  kea128_gpio.o(i.gpio_turn)
    inv_orientation_matrix_to_scalar         0x00007395   Thumb Code    34  inv_mpu.o(i.inv_orientation_matrix_to_scalar)
    inv_row_2_scale                          0x000073b7   Thumb Code    64  inv_mpu.o(i.inv_row_2_scale)
    main                                     0x000073f9   Thumb Code   140  main.o(i.main)
    main_ui                                  0x0000749d   Thumb Code    48  main_ui.o(i.main_ui)
    mget_ms                                  0x000074dd   Thumb Code     2  inv_mpu.o(i.mget_ms)
    mpu_configure_fifo                       0x000074e1   Thumb Code    94  inv_mpu.o(i.mpu_configure_fifo)
    mpu_dmp_get_data                         0x00007545   Thumb Code   404  inv_mpu.o(i.mpu_dmp_get_data)
    mpu_dmp_init                             0x000076e1   Thumb Code   158  inv_mpu.o(i.mpu_dmp_init)
    mpu_get_accel_fsr                        0x00007785   Thumb Code    58  inv_mpu.o(i.mpu_get_accel_fsr)
    mpu_get_accel_sens                       0x000077c5   Thumb Code    64  inv_mpu.o(i.mpu_get_accel_sens)
    mpu_get_gyro_fsr                         0x0000780d   Thumb Code    50  inv_mpu.o(i.mpu_get_gyro_fsr)
    mpu_get_gyro_sens                        0x00007845   Thumb Code    46  inv_mpu.o(i.mpu_get_gyro_sens)
    mpu_get_lpf                              0x00007889   Thumb Code    54  inv_mpu.o(i.mpu_get_lpf)
    mpu_get_sample_rate                      0x000078c5   Thumb Code    26  inv_mpu.o(i.mpu_get_sample_rate)
    mpu_init                                 0x000078e5   Thumb Code   318  inv_mpu.o(i.mpu_init)
    mpu_load_firmware                        0x00007a75   Thumb Code   154  inv_mpu.o(i.mpu_load_firmware)
    mpu_lp_accel_mode                        0x00007b15   Thumb Code   162  inv_mpu.o(i.mpu_lp_accel_mode)
    mpu_read_fifo_stream                     0x00007bbd   Thumb Code   152  inv_mpu.o(i.mpu_read_fifo_stream)
    mpu_read_mem                             0x00007c59   Thumb Code    80  inv_mpu.o(i.mpu_read_mem)
    mpu_reset_fifo                           0x00007cb1   Thumb Code   358  inv_mpu.o(i.mpu_reset_fifo)
    mpu_run_self_test                        0x00007e1d   Thumb Code   242  inv_mpu.o(i.mpu_run_self_test)
    mpu_set_accel_fsr                        0x00007f15   Thumb Code   100  inv_mpu.o(i.mpu_set_accel_fsr)
    mpu_set_bypass                           0x00007f7d   Thumb Code   232  inv_mpu.o(i.mpu_set_bypass)
    mpu_set_dmp_state                        0x00008069   Thumb Code   114  inv_mpu.o(i.mpu_set_dmp_state)
    mpu_set_gyro_fsr                         0x000080e1   Thumb Code   106  inv_mpu.o(i.mpu_set_gyro_fsr)
    mpu_set_int_latched                      0x00008151   Thumb Code   100  inv_mpu.o(i.mpu_set_int_latched)
    mpu_set_lpf                              0x000081b9   Thumb Code   104  inv_mpu.o(i.mpu_set_lpf)
    mpu_set_sample_rate                      0x00008225   Thumb Code   134  inv_mpu.o(i.mpu_set_sample_rate)
    mpu_set_sensors                          0x000082b1   Thumb Code   184  inv_mpu.o(i.mpu_set_sensors)
    mpu_write_mem                            0x0000836d   Thumb Code    80  inv_mpu.o(i.mpu_write_mem)
    mypow                                    0x000083c5   Thumb Code    20  bsp_oled.o(i.mypow)
    oled_clear                               0x000083d9   Thumb Code    38  bsp_oled.o(i.oled_clear)
    oled_drawPoint                           0x00008405   Thumb Code    50  bsp_oled.o(i.oled_drawPoint)
    oled_readPoint                           0x0000843d   Thumb Code    34  bsp_oled.o(i.oled_readPoint)
    oled_refreshGram                         0x00008465   Thumb Code    66  bsp_oled.o(i.oled_refreshGram)
    oled_showChar                            0x000084ad   Thumb Code   178  bsp_oled.o(i.oled_showChar)
    oled_showNum                             0x0000856d   Thumb Code   122  bsp_oled.o(i.oled_showNum)
    oled_showPicture                         0x000085e7   Thumb Code   174  bsp_oled.o(i.oled_showPicture)
    oled_showString                          0x00008695   Thumb Code    92  bsp_oled.o(i.oled_showString)
    oled_wr_byte                             0x000086f1   Thumb Code    88  bsp_oled.o(i.oled_wr_byte)
    pid_StorePara                            0x00008749   Thumb Code    22  app_pid.o(i.pid_StorePara)
    port_pull                                0x00008765   Thumb Code    48  kea128_port.o(i.port_pull)
    run_self_test                            0x00008799   Thumb Code   100  inv_mpu.o(i.run_self_test)
    setShow_ui                               0x000087fd   Thumb Code    22  display.o(i.setShow_ui)
    show_str                                 0x00008989   Thumb Code   176  text.o(i.show_str)
    show_str_mid                             0x00008a39   Thumb Code    70  text.o(i.show_str_mid)
    sort_QuickSort                           0x00008a7f   Thumb Code    38  app_sort.o(i.sort_QuickSort)
    sqrt                                     0x00008aa5   Thumb Code    66  sqrt.o(i.sqrt)
    uart_init                                0x00008aed   Thumb Code   116  kea128_uart.o(i.uart_init)
    uart_mux                                 0x00008b6d   Thumb Code    84  kea128_uart.o(i.uart_mux)
    __aeabi_fadd                             0x00008bc5   Thumb Code     0  faddsub.o(x$fpl$fadd)
    _fadd                                    0x00008bc5   Thumb Code   134  faddsub.o(x$fpl$fadd)
    __aeabi_cfcmple                          0x00008c51   Thumb Code     0  flef.o(x$fpl$fleqf)
    _fcmple                                  0x00008c51   Thumb Code    78  flef.o(x$fpl$fleqf)
    __aeabi_fmul                             0x00008ca5   Thumb Code     0  fmul.o(x$fpl$fmul)
    _fmul                                    0x00008ca5   Thumb Code   172  fmul.o(x$fpl$fmul)
    __aeabi_cfrcmple                         0x00008d55   Thumb Code     0  frlef.o(x$fpl$frleqf)
    _frcmple                                 0x00008d55   Thumb Code    84  frlef.o(x$fpl$frleqf)
    __aeabi_frsub                            0x00008dad   Thumb Code     0  faddsub.o(x$fpl$frsb)
    _frsb                                    0x00008dad   Thumb Code    24  faddsub.o(x$fpl$frsb)
    __aeabi_fsub                             0x00008dc5   Thumb Code     0  faddsub.o(x$fpl$fsub)
    _fsub                                    0x00008dc5   Thumb Code   204  faddsub.o(x$fpl$fsub)
    __I$use$fp                               0x00008e94   Number         0  usenofp.o(x$fpl$usenofp)
    reg                                      0x00008ec4   Data          27  inv_mpu.o(.constdata)
    hw                                       0x00008ee0   Data          12  inv_mpu.o(.constdata)
    test                                     0x00008eec   Data          40  inv_mpu.o(.constdata)
    asc2_0608                                0x00009b0a   Data         570  font.o(.constdata)
    asc2_0612                                0x00009d44   Data        1140  font.o(.constdata)
    asc2_1224                                0x0000a1b8   Data        3420  font.o(.constdata)
    font_1212                                0x0000af14   Data        3744  font.o(.constdata)
    font_2424                                0x0000bdb4   Data         432  font.o(.constdata)
    bmp_rssi                                 0x0000bf64   Data         432  font.o(.constdata)
    scroll_btn_up                            0x0000c114   Data           8  scrollbar.o(.constdata)
    scroll_btn_down                          0x0000c11c   Data           8  scrollbar.o(.constdata)
    finger_img                               0x0000c124   Data          32  menu.o(.constdata)
    __mathlib_zero                           0x0000c300   Data           8  qnan.o(.constdata)
    Region$$Table$$Base                      0x0000c5a0   Number         0  anon$$obj.o(Region$$Table)
    Region$$Table$$Limit                     0x0000c5c0   Number         0  anon$$obj.o(Region$$Table)
    SystemCoreClock                          0x1ffff038   Data           4  system_skeaz1284.o(.data)
    SystemBusClock                           0x1ffff03c   Data           4  system_skeaz1284.o(.data)
    SystemTimerClock                         0x1ffff040   Data           4  system_skeaz1284.o(.data)
    ics_clk_khz                              0x1ffff044   Data           4  common.o(.data)
    ftm_clk_khz                              0x1ffff048   Data           4  common.o(.data)
    core_clk_khz                             0x1ffff04c   Data           4  common.o(.data)
    bus_clk_khz                              0x1ffff050   Data           4  common.o(.data)
    s_flash_run_entry                        0x1ffff054   Data           4  kea128_flash.o(.data)
    s_flash_command_run                      0x1ffff058   Data          14  kea128_flash.o(.data)
    period                                   0x1ffff066   Data           6  kea128_ftm.o(.data)
    uart                                     0x1ffff06c   Data          12  kea128_uart.o(.data)
    TimerTaskRunMutexSignal                  0x1ffff084   Data           1  bsp.o(.data)
    g_iRunTime                               0x1ffff090   Data           4  bsp_timer.o(.data)
    __stdout                                 0x1ffff094   Data           4  bsp_uart.o(.data)
    RecCommand                               0x1ffff0ce   Data           1  app_debug.o(.data)
    disp_color                               0x1ffff370   Data           1  lcmdrv.o(.data)
    btn_ok_messagebox                        0x1ffff374   Data          24  messagebox.o(.data)
    btn_cancel_messagebox                    0x1ffff38c   Data          24  messagebox.o(.data)
    font1212_table                           0x1ffff3a4   Data           4  text.o(.data)
    font2424_table                           0x1ffff3a8   Data           4  text.o(.data)
    key                                      0x1ffff3ad   Data           1  display.o(.data)
    isMainUIChange                           0x1ffff3ae   Data           1  main_ui.o(.data)
    isChangeMenu                             0x1ffff3b0   Data           1  menu.o(.data)
    CurMenu                                  0x1ffff3b4   Data           4  menu.o(.data)
    defaultTitle                             0x1ffff3b8   Data           4  menu.o(.data)
    CurItem                                  0x1ffff3c0   Data           4  menu.o(.data)
    selected                                 0x1ffff3c4   Data           4  menu.o(.data)
    cur_sequence                             0x1ffff3c8   Data           4  menu.o(.data)
    PIDParaAdjMenuTitle                      0x1ffff3cc   Data          28  menu.o(.data)
    MainMenuTitle                            0x1ffff3e8   Data          20  menu.o(.data)
    ParaAdjMenuTitle                         0x1ffff3fc   Data          12  menu.o(.data)
    MenuWindow                               0x1ffff408   Data          28  menu.o(.data)
    MenuScrollbar                            0x1ffff424   Data          32  menu.o(.data)
    MessageBox                               0x1ffff444   Data          32  menu.o(.data)
    DebugWindow                              0x1ffff468   Data          28  para_show.o(.data)
    DebugScrollbar                           0x1ffff484   Data          32  para_show.o(.data)
    bt_add                                   0x1ffff4d0   Data          24  pid_set.o(.data)
    bt_mines                                 0x1ffff4e8   Data          24  pid_set.o(.data)
    bt_ok                                    0x1ffff500   Data          24  pid_set.o(.data)
    Car                                      0x1ffff518   Data         236  freescalecar.o(.bss)
    SoftTimer                                0x1ffffad0   Data         120  bsp_timer.o(.bss)
    HardTimer                                0x1ffffb48   Data          16  bsp_timer.o(.bss)
    uart_info                                0x1ffffb58   Data          40  bsp_uart.o(.bss)
    mpu_iic                                  0x1ffffd80   Data          28  bsp_mpu.o(.bss)
    RecBuff                                  0x1ffffdac   Data         512  app_debug.o(.bss)
    MainMenu                                 0x2000001c   Data         140  menu.o(.bss)
    ParaAdjMenu                              0x200000a8   Data         140  menu.o(.bss)
    PIDAdjMenu                               0x20000134   Data         252  menu.o(.bss)
    __libspace_start                         0x20000230   Data          96  libspace.o(.bss)
    __temporary_stack_top$libspace           0x20000290   Data           0  libspace.o(.bss)



==============================================================================

Memory Map of the image

  Image Entry point : 0x000000c1

  Load Region LR_IROM1 (Base: 0x00000000, Size: 0x0000cad8, Max: 0x00020000, ABSOLUTE, COMPRESSED[0x0000c718])

    Execution Region ER_IROM1 (Base: 0x00000000, Size: 0x0000c5c0, Max: 0x00020000, ABSOLUTE)

    Base Addr    Size         Type   Attr      Idx    E Section Name        Object

    0x00000000   0x000000c0   Data   RO          261    RESET               startup_skeaz1284.o
    0x000000c0   0x00000008   Code   RO         3378  * !!!main             c_p.l(__main.o)
    0x000000c8   0x0000003c   Code   RO         3795    !!!scatter          c_p.l(__scatter.o)
    0x00000104   0x0000001c   Code   RO         3797    !!handler_zi        c_p.l(__scatter_zi.o)
    0x00000120   0x00000002   Code   RO         3359    .ARM.Collect$$_printf_percent$$00000000  c_p.l(_printf_percent.o)
    0x00000122   0x0000000a   Code   RO         3358    .ARM.Collect$$_printf_percent$$00000009  c_p.l(_printf_d.o)
    0x0000012c   0x00000004   Code   RO         3503    .ARM.Collect$$_printf_percent$$00000017  c_p.l(_printf_percent_end.o)
    0x00000130   0x00000002   Code   RO         3658    .ARM.Collect$$libinit$$00000000  c_p.l(libinit.o)
    0x00000132   0x00000000   Code   RO         3680    .ARM.Collect$$libinit$$00000002  c_p.l(libinit2.o)
    0x00000132   0x00000000   Code   RO         3682    .ARM.Collect$$libinit$$00000004  c_p.l(libinit2.o)
    0x00000132   0x00000000   Code   RO         3685    .ARM.Collect$$libinit$$0000000A  c_p.l(libinit2.o)
    0x00000132   0x00000000   Code   RO         3687    .ARM.Collect$$libinit$$0000000C  c_p.l(libinit2.o)
    0x00000132   0x00000000   Code   RO         3689    .ARM.Collect$$libinit$$0000000E  c_p.l(libinit2.o)
    0x00000132   0x00000000   Code   RO         3692    .ARM.Collect$$libinit$$00000011  c_p.l(libinit2.o)
    0x00000132   0x00000000   Code   RO         3694    .ARM.Collect$$libinit$$00000013  c_p.l(libinit2.o)
    0x00000132   0x00000000   Code   RO         3696    .ARM.Collect$$libinit$$00000015  c_p.l(libinit2.o)
    0x00000132   0x00000000   Code   RO         3698    .ARM.Collect$$libinit$$00000017  c_p.l(libinit2.o)
    0x00000132   0x00000000   Code   RO         3700    .ARM.Collect$$libinit$$00000019  c_p.l(libinit2.o)
    0x00000132   0x00000000   Code   RO         3702    .ARM.Collect$$libinit$$0000001B  c_p.l(libinit2.o)
    0x00000132   0x00000000   Code   RO         3704    .ARM.Collect$$libinit$$0000001D  c_p.l(libinit2.o)
    0x00000132   0x00000000   Code   RO         3706    .ARM.Collect$$libinit$$0000001F  c_p.l(libinit2.o)
    0x00000132   0x00000000   Code   RO         3708    .ARM.Collect$$libinit$$00000021  c_p.l(libinit2.o)
    0x00000132   0x00000000   Code   RO         3710    .ARM.Collect$$libinit$$00000023  c_p.l(libinit2.o)
    0x00000132   0x00000000   Code   RO         3712    .ARM.Collect$$libinit$$00000025  c_p.l(libinit2.o)
    0x00000132   0x00000000   Code   RO         3716    .ARM.Collect$$libinit$$0000002C  c_p.l(libinit2.o)
    0x00000132   0x00000000   Code   RO         3718    .ARM.Collect$$libinit$$0000002E  c_p.l(libinit2.o)
    0x00000132   0x00000000   Code   RO         3720    .ARM.Collect$$libinit$$00000030  c_p.l(libinit2.o)
    0x00000132   0x00000000   Code   RO         3722    .ARM.Collect$$libinit$$00000032  c_p.l(libinit2.o)
    0x00000132   0x00000002   Code   RO         3723    .ARM.Collect$$libinit$$00000033  c_p.l(libinit2.o)
    0x00000134   0x00000002   Code   RO         3749    .ARM.Collect$$libshutdown$$00000000  c_p.l(libshutdown.o)
    0x00000136   0x00000000   Code   RO         3776    .ARM.Collect$$libshutdown$$00000002  c_p.l(libshutdown2.o)
    0x00000136   0x00000000   Code   RO         3778    .ARM.Collect$$libshutdown$$00000004  c_p.l(libshutdown2.o)
    0x00000136   0x00000000   Code   RO         3781    .ARM.Collect$$libshutdown$$00000007  c_p.l(libshutdown2.o)
    0x00000136   0x00000000   Code   RO         3784    .ARM.Collect$$libshutdown$$0000000A  c_p.l(libshutdown2.o)
    0x00000136   0x00000000   Code   RO         3786    .ARM.Collect$$libshutdown$$0000000C  c_p.l(libshutdown2.o)
    0x00000136   0x00000000   Code   RO         3789    .ARM.Collect$$libshutdown$$0000000F  c_p.l(libshutdown2.o)
    0x00000136   0x00000002   Code   RO         3790    .ARM.Collect$$libshutdown$$00000010  c_p.l(libshutdown2.o)
    0x00000138   0x00000000   Code   RO         3458    .ARM.Collect$$rtentry$$00000000  c_p.l(__rtentry.o)
    0x00000138   0x00000000   Code   RO         3570    .ARM.Collect$$rtentry$$00000002  c_p.l(__rtentry2.o)
    0x00000138   0x00000006   Code   RO         3582    .ARM.Collect$$rtentry$$00000004  c_p.l(__rtentry4.o)
    0x0000013e   0x00000000   Code   RO         3572    .ARM.Collect$$rtentry$$00000009  c_p.l(__rtentry2.o)
    0x0000013e   0x00000004   Code   RO         3573    .ARM.Collect$$rtentry$$0000000A  c_p.l(__rtentry2.o)
    0x00000142   0x00000000   Code   RO         3575    .ARM.Collect$$rtentry$$0000000C  c_p.l(__rtentry2.o)
    0x00000142   0x00000008   Code   RO         3576    .ARM.Collect$$rtentry$$0000000D  c_p.l(__rtentry2.o)
    0x0000014a   0x00000002   Code   RO         3666    .ARM.Collect$$rtexit$$00000000  c_p.l(rtexit.o)
    0x0000014c   0x00000000   Code   RO         3725    .ARM.Collect$$rtexit$$00000002  c_p.l(rtexit2.o)
    0x0000014c   0x00000004   Code   RO         3726    .ARM.Collect$$rtexit$$00000003  c_p.l(rtexit2.o)
    0x00000150   0x00000006   Code   RO         3727    .ARM.Collect$$rtexit$$00000004  c_p.l(rtexit2.o)
    0x00000156   0x00000002   PAD
    0x00000158   0x00000038   Code   RO         3364    .emb_text           c_p.l(rt_memcpy.o)
    0x00000190   0x00000040   Code   RO          263    .text               startup_skeaz1284.o
    0x000001d0   0x00000002   Code   RO         3298    .text               c_p.l(use_no_semi_2.o)
    0x000001d2   0x00000070   Code   RO         3302    .text               c_p.l(llsdiv.o)
    0x00000242   0x00000002   PAD
    0x00000244   0x0000001c   Code   RO         3306    .text               c_p.l(__2printf.o)
    0x00000260   0x0000006c   Code   RO         3314    .text               c_p.l(_printf_dec.o)
    0x000002cc   0x0000005a   Code   RO         3360    .text               c_p.l(memcmp.o)
    0x00000326   0x00000002   PAD
    0x00000328   0x00000044   Code   RO         3362    .text               c_p.l(strlen.o)
    0x0000036c   0x00000012   Code   RO         3368    .text               c_p.l(aeabi_memset.o)
    0x0000037e   0x00000040   Code   RO         3370    .text               c_p.l(rt_memclr.o)
    0x000003be   0x00000006   Code   RO         3376    .text               c_p.l(heapauxi.o)
    0x000003c4   0x00000030   Code   RO         3406    .text               fz_ps.l(ffixui.o)
    0x000003f4   0x00000002   Code   RO         3456    .text               c_p.l(use_no_semi.o)
    0x000003f6   0x00000002   PAD
    0x000003f8   0x00000008   Code   RO         3593    .text               c_p.l(rt_errno_addr_intlibspace.o)
    0x00000400   0x00000010   Code   RO          262    .ARM.__at_0x400     startup_skeaz1284.o
    0x00000410   0x00000188   Code   RO         3354    .text               c_p.l(__printf_flags_ss_wp.o)
    0x00000598   0x0000015a   Code   RO         3372    .text               c_p.l(aeabi_sdiv.o)
    0x000006f2   0x00000002   PAD
    0x000006f4   0x0000007c   Code   RO         3380    .text               fz_ps.l(d2f.o)
    0x00000770   0x00000358   Code   RO         3382    .text               fz_ps.l(daddsub.o)
    0x00000ac8   0x00000448   Code   RO         3384    .text               fz_ps.l(ddiv.o)
    0x00000f10   0x00000058   Code   RO         3389    .text               fz_ps.l(dflti.o)
    0x00000f68   0x00000248   Code   RO         3391    .text               fz_ps.l(dmul.o)
    0x000011b0   0x00000054   Code   RO         3393    .text               fz_ps.l(f2d.o)
    0x00001204   0x00000160   Code   RO         3401    .text               fz_ps.l(fdiv.o)
    0x00001364   0x0000004c   Code   RO         3404    .text               fz_ps.l(ffixi.o)
    0x000013b0   0x0000005e   Code   RO         3408    .text               fz_ps.l(fflti.o)
    0x0000140e   0x00000002   PAD
    0x00001410   0x00000044   Code   RO         3416    .text               fz_ps.l(fscalbn.o)
    0x00001454   0x00000102   Code   RO         3463    .text               c_p.l(lludiv.o)
    0x00001556   0x00000016   Code   RO         3465    .text               c_p.l(_rserrno.o)
    0x0000156c   0x000000b0   Code   RO         3471    .text               c_p.l(_printf_intcommon.o)
    0x0000161c   0x00000030   Code   RO         3475    .text               c_p.l(_printf_char_common.o)
    0x0000164c   0x00000028   Code   RO         3479    .text               c_p.l(_printf_char_file.o)
    0x00001674   0x00000028   Code   RO         3513    .text               c_p.l(rtudiv10.o)
    0x0000169c   0x00000060   Code   RO         3519    .text               fz_ps.l(dscalbn.o)
    0x000016fc   0x00000064   Code   RO         3521    .text               fz_ps.l(fcmpin.o)
    0x00001760   0x00000008   Code   RO         3608    .text               c_p.l(ferror.o)
    0x00001768   0x0000002e   Code   RO         3614    .text               fz_ps.l(cmpret.o)
    0x00001796   0x00000002   PAD
    0x00001798   0x00000100   Code   RO         3618    .text               fz_ps.l(dsqrt.o)
    0x00001898   0x00000010   Code   RO         3620    .text               fz_ps.l(fnan2.o)
    0x000018a8   0x00000008   Code   RO         3622    .text               c_p.l(libspace.o)
    0x000018b0   0x0000003e   Code   RO         3625    .text               c_p.l(sys_stackheap_outer.o)
    0x000018ee   0x00000010   Code   RO         3647    .text               c_p.l(exit.o)
    0x000018fe   0x0000005e   Code   RO         3663    .text               fz_ps.l(retnan.o)
    0x0000195c   0x00000056   Code   RO         3793    .text               c_p.l(__dczerorl2.o)
    0x000019b2   0x00000002   PAD
    0x000019b4   0x0000002c   Code   RO          858    i.ADC0_IRQHandler   drv_adc.o
    0x000019e0   0x00000044   Code   RO          160    i.Car_BalanceControl  freescalecar.o
    0x00001a24   0x000000b0   Code   RO          161    i.Car_Control       freescalecar.o
    0x00001ad4   0x00000002   Code   RO          162    i.Car_ControlStart  freescalecar.o
    0x00001ad6   0x00000002   Code   RO          163    i.Car_ControlStop   freescalecar.o
    0x00001ad8   0x000000a0   Code   RO          164    i.Car_DirctionControl  freescalecar.o
    0x00001b78   0x00000038   Code   RO          165    i.Car_DirctionControlOutput  freescalecar.o
    0x00001bb0   0x000000bc   Code   RO          166    i.Car_MotorOutput   freescalecar.o
    0x00001c6c   0x000000d0   Code   RO          167    i.Car_ParaInit      freescalecar.o
    0x00001d3c   0x00000002   Code   RO          168    i.Car_ParaStore     freescalecar.o
    0x00001d3e   0x00000002   Code   RO          169    i.Car_Reset         freescalecar.o
    0x00001d40   0x0000000a   Code   RO          170    i.Car_Running       freescalecar.o
    0x00001d4a   0x00000002   PAD
    0x00001d4c   0x00000190   Code   RO         3231    i.Car_SetTarSpeed   pid_set.o
    0x00001edc   0x0000010c   Code   RO          171    i.Car_SpeedControl  freescalecar.o
    0x00001fe8   0x00000038   Code   RO          172    i.Car_SpeedControlOutput  freescalecar.o
    0x00002020   0x00000188   Code   RO         3232    i.DirectionKd_Set   pid_set.o
    0x000021a8   0x000001a4   Code   RO         3234    i.DirectionKp_Set   pid_set.o
    0x0000234c   0x00000098   Code   RO         3073    i.DisplayMenuInit   menu.o
    0x000023e4   0x00000028   Code   RO          362    i.FLASH_EraseSector  kea128_flash.o
    0x0000240c   0x00000040   Code   RO          364    i.FLASH_Init        kea128_flash.o
    0x0000244c   0x00000060   Code   RO          365    i.FLASH_WriteSector  kea128_flash.o
    0x000024ac   0x0000002c   Code   RO          366    i.FlashCmdStart     kea128_flash.o
    0x000024d8   0x00000202   Code   RO         2611    i.GUI_Arc4          gui_basic.o
    0x000026da   0x0000013e   Code   RO         2528    i.GUI_Button_Selected  button.o
    0x00002818   0x00000008   Code   RO         2743    i.GUI_ClearSCR      lcmdrv.o
    0x00002820   0x0000001a   Code   RO         2614    i.GUI_CmpPointColor  gui_basic.o
    0x0000283a   0x00000130   Code   RO         2529    i.GUI_DrawButton    button.o
    0x0000296a   0x000002f0   Code   RO         2617    i.GUI_FloodFill     gui_basic.o
    0x00002c5a   0x00000028   Code   RO         2745    i.GUI_HLine         lcmdrv.o
    0x00002c82   0x000000ce   Code   RO         2618    i.GUI_Line          gui_basic.o
    0x00002d50   0x0000006e   Code   RO         2720    i.GUI_MenuItemDraw  gui_menu.o
    0x00002dbe   0x00000002   PAD
    0x00002dc0   0x00000028   Code   RO         2813    i.GUI_MessageBoxButtonStatus  messagebox.o
    0x00002de8   0x00000114   Code   RO         2815    i.GUI_MessageBoxDraw  messagebox.o
    0x00002efc   0x0000000c   Code   RO         2816    i.GUI_MessageBoxResult  messagebox.o
    0x00002f08   0x0000000a   Code   RO         2747    i.GUI_Point         lcmdrv.o
    0x00002f12   0x00000026   Code   RO         2748    i.GUI_RLine         lcmdrv.o
    0x00002f38   0x0000004a   Code   RO         2622    i.GUI_ReadLeftPoint  gui_basic.o
    0x00002f82   0x00000010   Code   RO         2749    i.GUI_ReadPoint     lcmdrv.o
    0x00002f92   0x00000030   Code   RO         2623    i.GUI_ReadRightPoint  gui_basic.o
    0x00002fc2   0x0000003c   Code   RO         2624    i.GUI_Rectangle     gui_basic.o
    0x00002ffe   0x00000052   Code   RO         2625    i.GUI_RectangleFill  gui_basic.o
    0x00003050   0x00000008   Code   RO         2750    i.GUI_Refresh       lcmdrv.o
    0x00003058   0x000000b4   Code   RO         2865    i.GUI_ScrollbarDraw  scrollbar.o
    0x0000310c   0x00000068   Code   RO         2866    i.GUI_Scrollbar_SetPos  scrollbar.o
    0x00003174   0x000000ac   Code   RO         2937    i.GUI_WindowsDraw   windows.o
    0x00003220   0x00000014   Code   RO         1030    i.IsKeyDownPress    bsp_key.o
    0x00003234   0x00000014   Code   RO         1031    i.IsKeyOkPress      bsp_key.o
    0x00003248   0x00000014   Code   RO         1032    i.IsKeyUpPress      bsp_key.o
    0x0000325c   0x0000000a   Code   RO         1642    i.MPU_READ_SDA      bsp_mpu.o
    0x00003266   0x0000000c   Code   RO         1643    i.MPU_SCL_HIGH      bsp_mpu.o
    0x00003272   0x0000000c   Code   RO         1644    i.MPU_SCL_LOW       bsp_mpu.o
    0x0000327e   0x0000000c   Code   RO         1645    i.MPU_SDA_HIGH      bsp_mpu.o
    0x0000328a   0x0000000c   Code   RO         1646    i.MPU_SDA_LOW       bsp_mpu.o
    0x00003296   0x0000000e   Code   RO         1647    i.MPU_SDA_SET_IN    bsp_mpu.o
    0x000032a4   0x0000000e   Code   RO         1648    i.MPU_SDA_SET_OUT   bsp_mpu.o
    0x000032b2   0x00000002   PAD
    0x000032b4   0x00000060   Code   RO         3074    i.MainMenu_Init     menu.o
    0x00003314   0x000001a8   Code   RO         3075    i.Menu_Run          menu.o
    0x000034bc   0x00000044   Code   RO          917    i.NVIC_SetPriority  drv_pit.o
    0x00003500   0x00000074   Code   RO         3076    i.PIDAdjMenu_Init   menu.o
    0x00003574   0x00000028   Code   RO          918    i.PIT_CH0_IRQHandler  drv_pit.o
    0x0000359c   0x00000028   Code   RO          919    i.PIT_CH1_IRQHandler  drv_pit.o
    0x000035c4   0x00000060   Code   RO         3077    i.ParaSetMenu_Init  menu.o
    0x00003624   0x00000024   Code   RO         3201    i.Para_ShowRefresh  para_show.o
    0x00003648   0x000003d0   Code   RO         3202    i.Para_Show_UI      para_show.o
    0x00003a18   0x0000004a   Code   RO         2489    i.Partition         app_sort.o
    0x00003a62   0x00000002   PAD
    0x00003a64   0x000001a0   Code   RO         3237    i.SpeedKi_Set       pid_set.o
    0x00003c04   0x000001a0   Code   RO         3238    i.SpeedKp_Set       pid_set.o
    0x00003da4   0x00000008   Code   RO         1383    i.SysTick_Handler   bsp_timer.o
    0x00003dac   0x0000004c   Code   RO         1384    i.SysTick_ISR       bsp_timer.o
    0x00003df8   0x00000058   Code   RO          272    i.SystemInit        system_skeaz1284.o
    0x00003e50   0x000000ac   Code   RO         3078    i.SystemReset       menu.o
    0x00003efc   0x000000a8   Code   RO         2314    i.UART0_IRQHandler  app_debug.o
    0x00003fa4   0x00000030   Code   RO         2300    i.__ARM_common_ll_mulss  inv_mpu_dmp_motion_driver.o
    0x00003fd4   0x0000001a   Code   RO          251    i.__ARM_common_switch8  freescalecar.o
    0x00003fee   0x00000002   PAD
    0x00003ff0   0x0000002c   Code   RO         3556    i.__ARM_fpclassify  m_ps.l(fpclassify.o)
    0x0000401c   0x000000ac   Code   RO         3558    i.__kernel_poly     m_ps.l(poly.o)
    0x000040c8   0x0000000a   Code   RO         3543    i.__mathlib_dbl_infnan  m_ps.l(dunder.o)
    0x000040d2   0x00000008   Code   RO         3544    i.__mathlib_dbl_infnan2  m_ps.l(dunder.o)
    0x000040da   0x00000010   Code   RO         3545    i.__mathlib_dbl_invalid  m_ps.l(dunder.o)
    0x000040ea   0x00000002   PAD
    0x000040ec   0x00000014   Code   RO         3548    i.__mathlib_dbl_underflow  m_ps.l(dunder.o)
    0x00004100   0x0000000e   Code   RO         3347    i._is_digit         c_p.l(__printf_wp.o)
    0x0000410e   0x00000004   Code   RO         1488    i._sys_exit         bsp_uart.o
    0x00004112   0x00000002   PAD
    0x00004114   0x00000078   Code   RO         1796    i.accel_self_test   inv_mpu.o
    0x0000418c   0x00000028   Code   RO          330    i.adc_init          kea128_adc.o
    0x000041b4   0x00000024   Code   RO          331    i.adc_once          kea128_adc.o
    0x000041d8   0x00000274   Code   RO         3419    i.asin              m_ps.l(asin.o)
    0x0000444c   0x0000021c   Code   RO         3533    i.atan              m_ps.l(atan.o)
    0x00004668   0x00000178   Code   RO         3429    i.atan2             m_ps.l(atan2.o)
    0x000047e0   0x00000036   Code   RO          977    i.bsp_Config        bsp.o
    0x00004816   0x00000024   Code   RO         1000    i.bsp_encoder_Config  bsp_encoder.o
    0x0000483a   0x00000002   PAD
    0x0000483c   0x00000030   Code   RO         1001    i.bsp_encoder_ReadCounter  bsp_encoder.o
    0x0000486c   0x00000022   Code   RO         1585    i.bsp_i2c_Ack       bsp_i2c.o
    0x0000488e   0x00000022   Code   RO         1586    i.bsp_i2c_NoAck     bsp_i2c.o
    0x000048b0   0x0000005e   Code   RO         1587    i.bsp_i2c_ReadByte  bsp_i2c.o
    0x0000490e   0x00000048   Code   RO         1588    i.bsp_i2c_SendByte  bsp_i2c.o
    0x00004956   0x00000022   Code   RO         1589    i.bsp_i2c_Start     bsp_i2c.o
    0x00004978   0x00000022   Code   RO         1590    i.bsp_i2c_Stop      bsp_i2c.o
    0x0000499a   0x0000004c   Code   RO         1591    i.bsp_i2c_WaitAck   bsp_i2c.o
    0x000049e6   0x0000000c   Code   RO         1034    i.bsp_key_Config    bsp_key.o
    0x000049f2   0x00000002   PAD
    0x000049f4   0x000000b0   Code   RO         1035    i.bsp_key_Detect    bsp_key.o
    0x00004aa4   0x0000004c   Code   RO         1036    i.bsp_key_FifoConfig  bsp_key.o
    0x00004af0   0x00000022   Code   RO         1037    i.bsp_key_GPIOConfig  bsp_key.o
    0x00004b12   0x00000002   PAD
    0x00004b14   0x00000024   Code   RO         1038    i.bsp_key_GetKey    bsp_key.o
    0x00004b38   0x0000001c   Code   RO         1040    i.bsp_key_PutKey    bsp_key.o
    0x00004b54   0x00000014   Code   RO         1041    i.bsp_key_Scan      bsp_key.o
    0x00004b68   0x00000018   Code   RO         1120    i.bsp_led_Config    bsp_led.o
    0x00004b80   0x00000028   Code   RO         1121    i.bsp_led_OFF       bsp_led.o
    0x00004ba8   0x00000028   Code   RO         1122    i.bsp_led_ON        bsp_led.o
    0x00004bd0   0x00000022   Code   RO         1123    i.bsp_led_Toggle    bsp_led.o
    0x00004bf2   0x00000002   PAD
    0x00004bf4   0x0000003c   Code   RO         1158    i.bsp_motor_Config  bsp_motor.o
    0x00004c30   0x00000052   Code   RO         1159    i.bsp_motor_SetPwm  bsp_motor.o
    0x00004c82   0x0000007c   Code   RO         1649    i.bsp_mpu_Config    bsp_mpu.o
    0x00004cfe   0x00000002   PAD
    0x00004d00   0x00000064   Code   RO         1651    i.bsp_mpu_IICConfig  bsp_mpu.o
    0x00004d64   0x00000104   Code   RO         1653    i.bsp_mpu_ReadBuff  bsp_mpu.o
    0x00004e68   0x000000d4   Code   RO         1654    i.bsp_mpu_ReadByte  bsp_mpu.o
    0x00004f3c   0x00000032   Code   RO         1655    i.bsp_mpu_ReadGyro  bsp_mpu.o
    0x00004f6e   0x0000000e   Code   RO         1657    i.bsp_mpu_SetAccelFsr  bsp_mpu.o
    0x00004f7c   0x0000000e   Code   RO         1659    i.bsp_mpu_SetGyroFsr  bsp_mpu.o
    0x00004f8a   0x00000034   Code   RO         1660    i.bsp_mpu_SetLPF    bsp_mpu.o
    0x00004fbe   0x0000002e   Code   RO         1661    i.bsp_mpu_SetRate   bsp_mpu.o
    0x00004fec   0x000000c8   Code   RO         1662    i.bsp_mpu_WriteBuff  bsp_mpu.o
    0x000050b4   0x000000c4   Code   RO         1663    i.bsp_mpu_WriteByte  bsp_mpu.o
    0x00005178   0x00000100   Code   RO         1191    i.bsp_oled_Config   bsp_oled.o
    0x00005278   0x00000054   Code   RO         1192    i.bsp_oled_GPIOConfig  bsp_oled.o
    0x000052cc   0x00000028   Code   RO         1193    i.bsp_oled_SetPos   bsp_oled.o
    0x000052f4   0x000000f8   Code   RO         1306    i.bsp_sensor_Calibration  bsp_sensor.o
    0x000053ec   0x00000028   Code   RO         1307    i.bsp_sensor_Config  bsp_sensor.o
    0x00005414   0x00000034   Code   RO         1309    i.bsp_sensor_DataNormalized  bsp_sensor.o
    0x00005448   0x0000008c   Code   RO         1310    i.bsp_sensor_DataProcess  bsp_sensor.o
    0x000054d4   0x00000044   Code   RO         1357    i.bsp_switch_Config  bsp_switch.o
    0x00005518   0x00000048   Code   RO         1386    i.bsp_tim_CreateHardTimer  bsp_timer.o
    0x00005560   0x00000038   Code   RO         1387    i.bsp_tim_CreateSoftTimer  bsp_timer.o
    0x00005598   0x00000020   Code   RO         1388    i.bsp_tim_DelayMs   bsp_timer.o
    0x000055b8   0x00000044   Code   RO         1389    i.bsp_tim_DelayUs   bsp_timer.o
    0x000055fc   0x0000005c   Code   RO         1394    i.bsp_tim_SoftConfig  bsp_timer.o
    0x00005658   0x0000002a   Code   RO         1395    i.bsp_tim_SoftDec   bsp_timer.o
    0x00005682   0x00000002   PAD
    0x00005684   0x00000024   Code   RO         1491    i.bsp_uart_Config   bsp_uart.o
    0x000056a8   0x00000010   Code   RO         1493    i.bsp_uart_GetUartNo  bsp_uart.o
    0x000056b8   0x00000046   Code   RO         1494    i.bsp_uart_IRQHandler  bsp_uart.o
    0x000056fe   0x00000002   PAD
    0x00005700   0x00000038   Code   RO         1495    i.bsp_uart_ParaInit  bsp_uart.o
    0x00005738   0x00000050   Code   RO         1498    i.bsp_uart_SendDataToBuff  bsp_uart.o
    0x00005788   0x0000002c   Code   RO         2315    i.debug_CarDataReport  app_debug.o
    0x000057b4   0x00000048   Code   RO         2316    i.debug_DataProcess  app_debug.o
    0x000057fc   0x00000068   Code   RO         2317    i.debug_DataUpload  app_debug.o
    0x00005864   0x00000064   Code   RO         2318    i.debug_MPUData1Report  app_debug.o
    0x000058c8   0x00000058   Code   RO         2319    i.debug_MPUData2Report  app_debug.o
    0x00005920   0x00000074   Code   RO         2320    i.debug_MotorDataReport  app_debug.o
    0x00005994   0x000000fc   Code   RO         2321    i.debug_PIDDownload  app_debug.o
    0x00005a90   0x000000e8   Code   RO         2322    i.debug_PIDParaReport  app_debug.o
    0x00005b78   0x00000048   Code   RO         2323    i.debug_Response    app_debug.o
    0x00005bc0   0x0000005c   Code   RO         2324    i.debug_SensorDataReport  app_debug.o
    0x00005c1c   0x00000010   Code   RO         2976    i.displayInit       display.o
    0x00005c2c   0x00000070   Code   RO         2977    i.displayTask       display.o
    0x00005c9c   0x00000038   Code   RO         2131    i.dmp_enable_6x_lp_quat  inv_mpu_dmp_motion_driver.o
    0x00005cd4   0x000001bc   Code   RO         2132    i.dmp_enable_feature  inv_mpu_dmp_motion_driver.o
    0x00005e90   0x0000003c   Code   RO         2133    i.dmp_enable_gyro_cal  inv_mpu_dmp_motion_driver.o
    0x00005ecc   0x00000038   Code   RO         2134    i.dmp_enable_lp_quat  inv_mpu_dmp_motion_driver.o
    0x00005f04   0x0000001c   Code   RO         2139    i.dmp_load_motion_driver_firmware  inv_mpu_dmp_motion_driver.o
    0x00005f20   0x00000164   Code   RO         2140    i.dmp_read_fifo     inv_mpu_dmp_motion_driver.o
    0x00006084   0x0000006c   Code   RO         2144    i.dmp_set_fifo_rate  inv_mpu_dmp_motion_driver.o
    0x000060f0   0x000000c8   Code   RO         2145    i.dmp_set_gyro_bias  inv_mpu_dmp_motion_driver.o
    0x000061b8   0x000000ec   Code   RO         2147    i.dmp_set_orientation  inv_mpu_dmp_motion_driver.o
    0x000062a4   0x0000002a   Code   RO         2150    i.dmp_set_shake_reject_thresh  inv_mpu_dmp_motion_driver.o
    0x000062ce   0x0000001c   Code   RO         2151    i.dmp_set_shake_reject_time  inv_mpu_dmp_motion_driver.o
    0x000062ea   0x0000001c   Code   RO         2152    i.dmp_set_shake_reject_timeout  inv_mpu_dmp_motion_driver.o
    0x00006306   0x00000036   Code   RO         2153    i.dmp_set_tap_axes  inv_mpu_dmp_motion_driver.o
    0x0000633c   0x00000024   Code   RO         2154    i.dmp_set_tap_count  inv_mpu_dmp_motion_driver.o
    0x00006360   0x00000130   Code   RO         2155    i.dmp_set_tap_thresh  inv_mpu_dmp_motion_driver.o
    0x00006490   0x0000001c   Code   RO         2156    i.dmp_set_tap_time  inv_mpu_dmp_motion_driver.o
    0x000064ac   0x0000001c   Code   RO         2157    i.dmp_set_tap_time_multi  inv_mpu_dmp_motion_driver.o
    0x000064c8   0x000000b4   Code   RO          921    i.drv_pit_Init      drv_pit.o
    0x0000657c   0x00000024   Code   RO         3079    i.exitMenu          menu.o
    0x000065a0   0x00000024   Code   RO         2400    i.filter_SildingAverage  app_filter.o
    0x000065c4   0x00000010   Code   RO         1499    i.fputc             bsp_uart.o
    0x000065d4   0x00000010   Code   RO          409    i.ftm_count_clean   kea128_ftm.o
    0x000065e4   0x00000010   Code   RO          410    i.ftm_count_get     kea128_ftm.o
    0x000065f4   0x00000028   Code   RO          411    i.ftm_count_init    kea128_ftm.o
    0x0000661c   0x00000080   Code   RO          412    i.ftm_count_mux     kea128_ftm.o
    0x0000669c   0x00000044   Code   RO          413    i.ftm_pwm_duty      kea128_ftm.o
    0x000066e0   0x000000b4   Code   RO          415    i.ftm_pwm_init      kea128_ftm.o
    0x00006794   0x000000bc   Code   RO          416    i.ftm_pwm_mux       kea128_ftm.o
    0x00006850   0x00000344   Code   RO         2431    i.fuzzy_PIDClac     app_pid.o
    0x00006b94   0x00000040   Code   RO         2432    i.fuzzy_PIDInit     app_pid.o
    0x00006bd4   0x00000066   Code   RO         2434    i.fuzzy_TriMF       app_pid.o
    0x00006c3a   0x0000000e   Code   RO         2530    i.getBtnStringlen   button.o
    0x00006c48   0x0000001c   Code   RO         3080    i.getMenuSelectitem  menu.o
    0x00006c64   0x0000000e   Code   RO         2817    i.getMessageBoxStringlen  messagebox.o
    0x00006c72   0x0000000e   Code   RO         2938    i.getWindowStringlen  windows.o
    0x00006c80   0x0000009c   Code   RO         1797    i.get_accel_prod_shift  inv_mpu.o
    0x00006d1c   0x00000090   Code   RO          300    i.get_clk           common.o
    0x00006dac   0x00000320   Code   RO         1798    i.get_st_biases     inv_mpu.o
    0x000070cc   0x00000018   Code   RO         3081    i.gotoCarParaReset  menu.o
    0x000070e4   0x00000030   Code   RO         3084    i.gotoNextMenu      menu.o
    0x00007114   0x00000014   Code   RO         3085    i.gotoParaShow      menu.o
    0x00007128   0x00000018   Code   RO         3086    i.gotoSetDirctionKd  menu.o
    0x00007140   0x00000018   Code   RO         3087    i.gotoSetDirctionKp  menu.o
    0x00007158   0x00000018   Code   RO         3088    i.gotoSetSpeedKi    menu.o
    0x00007170   0x00000018   Code   RO         3089    i.gotoSetSpeedKp    menu.o
    0x00007188   0x00000014   Code   RO         3090    i.gotoSetTargetSpeed  menu.o
    0x0000719c   0x00000028   Code   RO          476    i.gpio_get          kea128_gpio.o
    0x000071c4   0x000000b0   Code   RO          477    i.gpio_init         kea128_gpio.o
    0x00007274   0x00000034   Code   RO          478    i.gpio_set          kea128_gpio.o
    0x000072a8   0x00000024   Code   RO          479    i.gpio_turn         kea128_gpio.o
    0x000072cc   0x000000c8   Code   RO         1799    i.gyro_self_test    inv_mpu.o
    0x00007394   0x00000022   Code   RO         1800    i.inv_orientation_matrix_to_scalar  inv_mpu.o
    0x000073b6   0x00000040   Code   RO         1801    i.inv_row_2_scale   inv_mpu.o
    0x000073f6   0x00000002   PAD
    0x000073f8   0x000000a4   Code   RO            3    i.main              main.o
    0x0000749c   0x00000040   Code   RO         3046    i.main_ui           main_ui.o
    0x000074dc   0x00000002   Code   RO         1802    i.mget_ms           inv_mpu.o
    0x000074de   0x00000002   PAD
    0x000074e0   0x00000064   Code   RO         1803    i.mpu_configure_fifo  inv_mpu.o
    0x00007544   0x0000019c   Code   RO         1804    i.mpu_dmp_get_data  inv_mpu.o
    0x000076e0   0x000000a4   Code   RO         1805    i.mpu_dmp_init      inv_mpu.o
    0x00007784   0x00000040   Code   RO         1806    i.mpu_get_accel_fsr  inv_mpu.o
    0x000077c4   0x00000048   Code   RO         1808    i.mpu_get_accel_sens  inv_mpu.o
    0x0000780c   0x00000038   Code   RO         1814    i.mpu_get_gyro_fsr  inv_mpu.o
    0x00007844   0x00000044   Code   RO         1816    i.mpu_get_gyro_sens  inv_mpu.o
    0x00007888   0x0000003c   Code   RO         1818    i.mpu_get_lpf       inv_mpu.o
    0x000078c4   0x00000020   Code   RO         1820    i.mpu_get_sample_rate  inv_mpu.o
    0x000078e4   0x00000190   Code   RO         1822    i.mpu_init          inv_mpu.o
    0x00007a74   0x000000a0   Code   RO         1823    i.mpu_load_firmware  inv_mpu.o
    0x00007b14   0x000000a8   Code   RO         1824    i.mpu_lp_accel_mode  inv_mpu.o
    0x00007bbc   0x0000009c   Code   RO         1827    i.mpu_read_fifo_stream  inv_mpu.o
    0x00007c58   0x00000058   Code   RO         1828    i.mpu_read_mem      inv_mpu.o
    0x00007cb0   0x0000016c   Code   RO         1831    i.mpu_reset_fifo    inv_mpu.o
    0x00007e1c   0x000000f8   Code   RO         1832    i.mpu_run_self_test  inv_mpu.o
    0x00007f14   0x00000068   Code   RO         1834    i.mpu_set_accel_fsr  inv_mpu.o
    0x00007f7c   0x000000ec   Code   RO         1835    i.mpu_set_bypass    inv_mpu.o
    0x00008068   0x00000078   Code   RO         1837    i.mpu_set_dmp_state  inv_mpu.o
    0x000080e0   0x00000070   Code   RO         1838    i.mpu_set_gyro_fsr  inv_mpu.o
    0x00008150   0x00000068   Code   RO         1839    i.mpu_set_int_latched  inv_mpu.o
    0x000081b8   0x0000006c   Code   RO         1841    i.mpu_set_lpf       inv_mpu.o
    0x00008224   0x0000008c   Code   RO         1842    i.mpu_set_sample_rate  inv_mpu.o
    0x000082b0   0x000000bc   Code   RO         1843    i.mpu_set_sensors   inv_mpu.o
    0x0000836c   0x00000058   Code   RO         1844    i.mpu_write_mem     inv_mpu.o
    0x000083c4   0x00000014   Code   RO         1194    i.mypow             bsp_oled.o
    0x000083d8   0x0000002c   Code   RO         1195    i.oled_clear        bsp_oled.o
    0x00008404   0x00000038   Code   RO         1198    i.oled_drawPoint    bsp_oled.o
    0x0000843c   0x00000028   Code   RO         1200    i.oled_readPoint    bsp_oled.o
    0x00008464   0x00000048   Code   RO         1201    i.oled_refreshGram  bsp_oled.o
    0x000084ac   0x000000c0   Code   RO         1202    i.oled_showChar     bsp_oled.o
    0x0000856c   0x0000007a   Code   RO         1203    i.oled_showNum      bsp_oled.o
    0x000085e6   0x000000ae   Code   RO         1204    i.oled_showPicture  bsp_oled.o
    0x00008694   0x0000005c   Code   RO         1205    i.oled_showString   bsp_oled.o
    0x000086f0   0x00000058   Code   RO         1206    i.oled_wr_byte      bsp_oled.o
    0x00008748   0x0000001c   Code   RO         2436    i.pid_StorePara     app_pid.o
    0x00008764   0x00000034   Code   RO          664    i.port_pull         kea128_port.o
    0x00008798   0x00000064   Code   RO         1845    i.run_self_test     inv_mpu.o
    0x000087fc   0x00000020   Code   RO         2978    i.setShow_ui        display.o
    0x0000881c   0x00000060   Code   RO         1846    i.set_int_enable    inv_mpu.o
    0x0000887c   0x0000010c   Code   RO         2902    i.show_font         text.o
    0x00008988   0x000000b0   Code   RO         2903    i.show_str          text.o
    0x00008a38   0x00000046   Code   RO         2904    i.show_str_mid      text.o
    0x00008a7e   0x00000026   Code   RO         2491    i.sort_QuickSort    app_sort.o
    0x00008aa4   0x00000048   Code   RO         3562    i.sqrt              m_ps.l(sqrt.o)
    0x00008aec   0x00000080   Code   RO          759    i.uart_init         kea128_uart.o
    0x00008b6c   0x00000058   Code   RO          760    i.uart_mux          kea128_uart.o
    0x00008bc4   0x0000008c   Code   RO         3395    x$fpl$fadd          fz_ps.l(faddsub.o)
    0x00008c50   0x00000054   Code   RO         3410    x$fpl$fleqf         fz_ps.l(flef.o)
    0x00008ca4   0x000000b0   Code   RO         3412    x$fpl$fmul          fz_ps.l(fmul.o)
    0x00008d54   0x00000058   Code   RO         3414    x$fpl$frleqf        fz_ps.l(frlef.o)
    0x00008dac   0x00000018   Code   RO         3396    x$fpl$frsb          fz_ps.l(faddsub.o)
    0x00008dc4   0x000000d0   Code   RO         3397    x$fpl$fsub          fz_ps.l(faddsub.o)
    0x00008e94   0x00000000   Code   RO         3531    x$fpl$usenofp       fz_ps.l(usenofp.o)
    0x00008e94   0x00000016   Data   RO          301    .constdata          common.o
    0x00008eaa   0x00000002   PAD
    0x00008eac   0x0000000c   Data   RO          417    .constdata          kea128_ftm.o
    0x00008eb8   0x0000000c   Data   RO          480    .constdata          kea128_gpio.o
    0x00008ec4   0x0000001b   Data   RO         1848    .constdata          inv_mpu.o
    0x00008edf   0x00000001   PAD
    0x00008ee0   0x0000000c   Data   RO         1849    .constdata          inv_mpu.o
    0x00008eec   0x00000028   Data   RO         1850    .constdata          inv_mpu.o
    0x00008f14   0x00000bf6   Data   RO         2159    .constdata          inv_mpu_dmp_motion_driver.o
    0x00009b0a   0x0000023a   Data   RO         2591    .constdata          font.o
    0x00009d44   0x00000474   Data   RO         2592    .constdata          font.o
    0x0000a1b8   0x00000d5c   Data   RO         2593    .constdata          font.o
    0x0000af14   0x00000ea0   Data   RO         2594    .constdata          font.o
    0x0000bdb4   0x000001b0   Data   RO         2595    .constdata          font.o
    0x0000bf64   0x000001b0   Data   RO         2597    .constdata          font.o
    0x0000c114   0x00000010   Data   RO         2867    .constdata          scrollbar.o
    0x0000c124   0x00000020   Data   RO         3093    .constdata          menu.o
    0x0000c144   0x00000011   Data   RO         3355    .constdata          c_p.l(__printf_flags_ss_wp.o)
    0x0000c155   0x00000080   Data   RO         3385    .constdata          fz_ps.l(ddiv.o)
    0x0000c1d5   0x00000040   Data   RO         3402    .constdata          fz_ps.l(fdiv.o)
    0x0000c215   0x00000003   PAD
    0x0000c218   0x00000050   Data   RO         3420    .constdata          m_ps.l(asin.o)
    0x0000c268   0x00000098   Data   RO         3534    .constdata          m_ps.l(atan.o)
    0x0000c300   0x00000008   Data   RO         3560    .constdata          m_ps.l(qnan.o)
    0x0000c308   0x0000004d   Data   RO         1851    .conststring        inv_mpu.o
    0x0000c355   0x00000003   PAD
    0x0000c358   0x0000000b   Data   RO         2818    .conststring        messagebox.o
    0x0000c363   0x00000001   PAD
    0x0000c364   0x00000149   Data   RO         2905    .conststring        text.o
    0x0000c4ad   0x00000003   PAD
    0x0000c4b0   0x000000d4   Data   RO         3094    .conststring        menu.o
    0x0000c584   0x00000012   Data   RO         3203    .conststring        para_show.o
    0x0000c596   0x00000002   PAD
    0x0000c598   0x00000006   Data   RO         3239    .conststring        pid_set.o
    0x0000c59e   0x00000002   PAD
    0x0000c5a0   0x00000020   Data   RO         3791    Region$$Table       anon$$obj.o


    Execution Region RW_IRAM1 (Base: 0x1ffff000, Size: 0x00001390, Max: 0x00004000, ABSOLUTE, COMPRESSED[0x00000158])

    Base Addr    Size         Type   Attr      Idx    E Section Name        Object

    0x1ffff000   0x00000038   Data   RW          174    .data               freescalecar.o
    0x1ffff038   0x0000000c   Data   RW          273    .data               system_skeaz1284.o
    0x1ffff044   0x00000010   Data   RW          302    .data               common.o
    0x1ffff054   0x00000012   Data   RW          367    .data               kea128_flash.o
    0x1ffff066   0x00000006   Data   RW          418    .data               kea128_ftm.o
    0x1ffff06c   0x0000000c   Data   RW          768    .data               kea128_uart.o
    0x1ffff078   0x00000001   Data   RW          865    .data               drv_adc.o
    0x1ffff079   0x00000003   PAD
    0x1ffff07c   0x00000008   Data   RW          924    .data               drv_pit.o
    0x1ffff084   0x00000001   Data   RW          978    .data               bsp.o
    0x1ffff085   0x00000003   PAD
    0x1ffff088   0x0000000c   Data   RW         1398    .data               bsp_timer.o
    0x1ffff094   0x00000004   Data   RW         1501    .data               bsp_uart.o
    0x1ffff098   0x00000035   Data   RW         1852    .data               inv_mpu.o
    0x1ffff0cd   0x00000002   Data   RW         2326    .data               app_debug.o
    0x1ffff0cf   0x00000001   PAD
    0x1ffff0d0   0x000002a0   Data   RW         2438    .data               app_pid.o
    0x1ffff370   0x00000001   Data   RW         2751    .data               lcmdrv.o
    0x1ffff371   0x00000003   PAD
    0x1ffff374   0x00000030   Data   RW         2819    .data               messagebox.o
    0x1ffff3a4   0x00000008   Data   RW         2906    .data               text.o
    0x1ffff3ac   0x00000002   Data   RW         2979    .data               display.o
    0x1ffff3ae   0x00000001   Data   RW         3047    .data               main_ui.o
    0x1ffff3af   0x00000001   PAD
    0x1ffff3b0   0x000000b4   Data   RW         3095    .data               menu.o
    0x1ffff464   0x00000040   Data   RW         3204    .data               para_show.o
    0x1ffff4a4   0x00000074   Data   RW         3240    .data               pid_set.o
    0x1ffff518   0x000000ec   Zero   RW          173    .bss                freescalecar.o
    0x1ffff604   0x00000090   Zero   RW          864    .bss                drv_adc.o
    0x1ffff694   0x0000003c   Zero   RW         1043    .bss                bsp_key.o
    0x1ffff6d0   0x00000400   Zero   RW         1207    .bss                bsp_oled.o
    0x1ffffad0   0x00000088   Zero   RW         1397    .bss                bsp_timer.o
    0x1ffffb58   0x00000228   Zero   RW         1500    .bss                bsp_uart.o
    0x1ffffd80   0x0000001c   Zero   RW         1664    .bss                bsp_mpu.o
    0x1ffffd9c   0x00000010   Zero   RW         2158    .bss                inv_mpu_dmp_motion_driver.o
    0x1ffffdac   0x00000200   Zero   RW         2325    .bss                app_debug.o
    0x1fffffac   0x00000070   Zero   RW         2437    .bss                app_pid.o
    0x2000001c   0x00000214   Zero   RW         3091    .bss                menu.o
    0x20000230   0x00000060   Zero   RW         3623    .bss                c_p.l(libspace.o)
    0x20000290   0x00000000   Zero   RW          260    HEAP                startup_skeaz1284.o
    0x20000290   0x00000100   Zero   RW          259    STACK               startup_skeaz1284.o


==============================================================================

Image component sizes


      Code (inc. data)   RO Data    RW Data    ZI Data      Debug   Object Name

      1340         96          0          2        512       7523   app_debug.o
        36          0          0          0          0       1112   app_filter.o
      1030         28          0        672        112       4374   app_pid.o
       112          0          0          0          0       1785   app_sort.o
        54          0          0          1          0        759   bsp.o
        84          6          0          0          0        987   bsp_encoder.o
       378          0          0          0          0       5257   bsp_i2c.o
       442         32          0          0         60       5827   bsp_key.o
       138          0          0          0          0       2017   bsp_led.o
       142          6          0          0          0       1098   bsp_motor.o
      1354         54          0          0         28      11320   bsp_mpu.o
      1280         38          0          0       1024      10637   bsp_oled.o
       480         24          0          0          0       2486   bsp_sensor.o
        68          0          0          0          0        500   bsp_switch.o
       446         62          0         12        136      11536   bsp_timer.o
       278         30          0          4        552       6459   bsp_uart.o
       636          0          0          0          0       3119   button.o
       144         26         22         16          0       2349   common.o
       160         26          0          2          0       2270   display.o
        44         14          0          1        144       8682   drv_adc.o
       328         54          0          8          0       8485   drv_pit.o
         0          0       9738          0          0       1153   font.o
      1224        162          0         56        236       8599   freescalecar.o
      1762          0          0          0          0       9019   gui_basic.o
       110          0          0          0          0       1795   gui_menu.o
      5384        308        156         53          0      30686   inv_mpu.o
      2140        160       3062          0         16      18917   inv_mpu_dmp_motion_driver.o
        76         16          0          0          0       1042   kea128_adc.o
       244         32          0         18          0       3517   kea128_flash.o
       636         64         12          6          0       5184   kea128_ftm.o
       304         22         12          0          0       3066   kea128_gpio.o
        52          4          0          0          0        556   kea128_port.o
       216         16          0         12          0       1921   kea128_uart.o
       120          0          0          1          0       4113   lcmdrv.o
       164         24          0          0          0     118944   main.o
        64         16          0          1          0        779   main_ui.o
      1328        142        244        180        532      10530   menu.o
       342         22         11         48          0       3756   messagebox.o
      1012        182         18         64          0       2199   para_show.o
      2044        196          6        116          0       5518   pid_set.o
       284          6         16          0          0       2607   scrollbar.o
        80         44        192          0        256        900   startup_skeaz1284.o
        88         24          0         12          0        863   system_skeaz1284.o
       514         12        329          8          0       4058   text.o
       186          6          0          0          0       2099   windows.o

    ----------------------------------------------------------------------
     27378       1954      13864       1304       3608     340403   Object Totals
         0          0         32          0          0          0   (incl. Generated)
        30          0         14         11          0          0   (incl. Padding)

    ----------------------------------------------------------------------

      Code (inc. data)   RO Data    RW Data    ZI Data      Debug   Library Member Name

        28          6          0          0          0         84   __2printf.o
        86          0          0          0          0          0   __dczerorl2.o
         8          0          0          0          0         68   __main.o
       392          6         17          0          0         76   __printf_flags_ss_wp.o
        14          0          0          0          0         60   __printf_wp.o
         0          0          0          0          0          0   __rtentry.o
        12          0          0          0          0          0   __rtentry2.o
         6          0          0          0          0          0   __rtentry4.o
        60          8          0          0          0          0   __scatter.o
        28          0          0          0          0          0   __scatter_zi.o
        48          6          0          0          0         88   _printf_char_common.o
        40          6          0          0          0         72   _printf_char_file.o
        10          0          0          0          0          0   _printf_d.o
       108         18          0          0          0         76   _printf_dec.o
       176          0          0          0          0         84   _printf_intcommon.o
         2          0          0          0          0          0   _printf_percent.o
         4          0          0          0          0          0   _printf_percent_end.o
        22          0          0          0          0         92   _rserrno.o
        18          0          0          0          0         68   aeabi_memset.o
       346          0          0          0          0         92   aeabi_sdiv.o
        16          0          0          0          0         68   exit.o
         8          0          0          0          0         60   ferror.o
         6          0          0          0          0        136   heapauxi.o
         2          0          0          0          0          0   libinit.o
         2          0          0          0          0          0   libinit2.o
         2          0          0          0          0          0   libshutdown.o
         2          0          0          0          0          0   libshutdown2.o
         8          4          0          0         96         68   libspace.o
       112          0          0          0          0         72   llsdiv.o
       258          0          0          0          0         88   lludiv.o
        90          0          0          0          0         68   memcmp.o
         8          4          0          0          0         68   rt_errno_addr_intlibspace.o
        64          0          0          0          0        108   rt_memclr.o
        56          0          0          0          0         68   rt_memcpy.o
         2          0          0          0          0          0   rtexit.o
        10          0          0          0          0          0   rtexit2.o
        40          0          0          0          0         60   rtudiv10.o
        68          6          0          0          0         72   strlen.o
        62          0          0          0          0         80   sys_stackheap_outer.o
         2          0          0          0          0         68   use_no_semi.o
         2          0          0          0          0         68   use_no_semi_2.o
        46          0          0          0          0         60   cmpret.o
       124          4          0          0          0         72   d2f.o
       856         20          0          0          0        208   daddsub.o
      1096         26        128          0          0        112   ddiv.o
        88          0          0          0          0         92   dflti.o
       584         26          0          0          0         84   dmul.o
        96         12          0          0          0         72   dscalbn.o
       256          8          0          0          0         76   dsqrt.o
        84          4          0          0          0         60   f2d.o
       372          8          0          0          0        240   faddsub.o
       100          4          0          0          0         68   fcmpin.o
       352         10         64          0          0         92   fdiv.o
        76          0          0          0          0         68   ffixi.o
        48          0          0          0          0         60   ffixui.o
        94          0          0          0          0         92   fflti.o
        84          4          0          0          0         76   flef.o
       176          4          0          0          0         80   fmul.o
        16          6          0          0          0         68   fnan2.o
        88          4          0          0          0         76   frlef.o
        68          4          0          0          0         68   fscalbn.o
        94          0          0          0          0         68   retnan.o
         0          0          0          0          0          0   usenofp.o
       628         54         80          0          0        104   asin.o
       540         68        152          0          0        112   atan.o
       376         42          0          0          0        144   atan2.o
        54          6          0          0          0        272   dunder.o
        44          4          0          0          0         60   fpclassify.o
       172          0          0          0          0         76   poly.o
         0          0          8          0          0          0   qnan.o
        72          6          0          0          0         76   sqrt.o

    ----------------------------------------------------------------------
      8930        388        452          0         96       4748   Library Totals
        18          0          3          0          0          0   (incl. Padding)

    ----------------------------------------------------------------------

      Code (inc. data)   RO Data    RW Data    ZI Data      Debug   Library Name

      2228         64         17          0         96       2012   c_p.l
      4798        144        192          0          0       1892   fz_ps.l
      1886        180        240          0          0        844   m_ps.l

    ----------------------------------------------------------------------
      8930        388        452          0         96       4748   Library Totals

    ----------------------------------------------------------------------

==============================================================================


      Code (inc. data)   RO Data    RW Data    ZI Data      Debug   

     36308       2342      14316       1304       3704     332179   Grand Totals
     36308       2342      14316        344       3704     332179   ELF Image Totals (compressed)
     36308       2342      14316        344          0          0   ROM Totals

==============================================================================

    Total RO  Size (Code + RO Data)                50624 (  49.44kB)
    Total RW  Size (RW Data + ZI Data)              5008 (   4.89kB)
    Total ROM Size (Code + RO Data + RW Data)      50968 (  49.77kB)

==============================================================================

