Component: ARM Compiler 5.06 update 3 (build 300) Tool: armlink [4d35c9]

==============================================================================

Section Cross References

    main.o(i.main) refers to bsp.o(i.bsp_Config) for bsp_Config
    main.o(i.main) refers to freescalecar.o(i.Car_ParaInit) for Car_ParaInit
    main.o(i.main) refers to bsp_timer.o(i.bsp_tim_CreateSoftTimer) for bsp_tim_CreateSoftTimer
    main.o(i.main) refers to bsp_timer.o(i.bsp_tim_CreateHardTimer) for bsp_tim_CreateHardTimer
    main.o(i.main) refers to inv_mpu.o(i.mpu_dmp_get_data) for mpu_dmp_get_data
    main.o(i.main) refers to bsp_mpu.o(i.bsp_mpu_ReadGyro) for bsp_mpu_ReadGyro
    main.o(i.main) refers to app_debug.o(i.debug_CarDataReport) for debug_CarDataReport
    main.o(i.main) refers to freescalecar.o(i.Car_Running) for Car_Running
    main.o(i.main) refers to freescalecar.o(i.Car_Control) for Car_Control
    main.o(i.main) refers to freescalecar.o(.bss) for Car
    freescalecar.o(i.Car_BalancePIDCalc) refers to faddsub.o(x$fpl$fsub) for __aeabi_fsub
    freescalecar.o(i.Car_BalancePIDCalc) refers to faddsub.o(x$fpl$fadd) for __aeabi_fadd
    freescalecar.o(i.Car_BalancePIDCalc) refers to frlef.o(x$fpl$frleqf) for __aeabi_cfrcmple
    freescalecar.o(i.Car_BalancePIDCalc) refers to flef.o(x$fpl$fleqf) for __aeabi_cfcmple
    freescalecar.o(i.Car_BalancePIDCalc) refers to fmul.o(x$fpl$fmul) for __aeabi_fmul
    freescalecar.o(i.Car_BalancePIDCalc) refers to ffixi.o(.text) for __aeabi_f2iz
    freescalecar.o(i.Car_BalancePIDCalc) refers to freescalecar.o(.bss) for Car
    freescalecar.o(i.Car_BalancePIDCalc) refers to freescalecar.o(.data) for sfBalance_ErrSum
    freescalecar.o(i.Car_Control) refers to bsp_led.o(i.bsp_led_Toggle) for bsp_led_Toggle
    freescalecar.o(i.Car_Control) refers to bsp_sensor.o(i.bsp_sensor_DataProcess) for bsp_sensor_DataProcess
    freescalecar.o(i.Car_Control) refers to bsp_encoder.o(i.bsp_encoder_SpeedCalc) for bsp_encoder_SpeedCalc
    freescalecar.o(i.Car_Control) refers to fflti.o(.text) for __aeabi_i2f
    freescalecar.o(i.Car_Control) refers to freescalecar.o(i.Car_BalancePIDCalc) for Car_BalancePIDCalc
    freescalecar.o(i.Car_Control) refers to freescalecar.o(i.Car_VelocityPIDCalc) for Car_VelocityPIDCalc
    freescalecar.o(i.Car_Control) refers to freescalecar.o(i.Car_TurnPIDCalc) for Car_TurnPIDCalc
    freescalecar.o(i.Car_Control) refers to freescalecar.o(i.Car_MotorControl) for Car_MotorControl
    freescalecar.o(i.Car_Control) refers to freescalecar.o(.bss) for Car
    freescalecar.o(i.Car_MotorControl) refers to bsp_motor.o(i.bsp_motor_SetPwm) for bsp_motor_SetPwm
    freescalecar.o(i.Car_MotorControl) refers to freescalecar.o(.bss) for Car
    freescalecar.o(i.Car_ParaInit) refers to freescalecar.o(.bss) for Car
    freescalecar.o(i.Car_Running) refers to bsp_led.o(i.bsp_led_Toggle) for bsp_led_Toggle
    freescalecar.o(i.Car_VelocityPIDCalc) refers to fflti.o(.text) for __aeabi_i2f
    freescalecar.o(i.Car_VelocityPIDCalc) refers to f2d.o(.text) for __aeabi_f2d
    freescalecar.o(i.Car_VelocityPIDCalc) refers to dmul.o(.text) for __aeabi_dmul
    freescalecar.o(i.Car_VelocityPIDCalc) refers to d2f.o(.text) for __aeabi_d2f
    freescalecar.o(i.Car_VelocityPIDCalc) refers to daddsub.o(.text) for __aeabi_dadd
    freescalecar.o(i.Car_VelocityPIDCalc) refers to faddsub.o(x$fpl$fadd) for __aeabi_fadd
    freescalecar.o(i.Car_VelocityPIDCalc) refers to frlef.o(x$fpl$frleqf) for __aeabi_cfrcmple
    freescalecar.o(i.Car_VelocityPIDCalc) refers to flef.o(x$fpl$fleqf) for __aeabi_cfcmple
    freescalecar.o(i.Car_VelocityPIDCalc) refers to faddsub.o(x$fpl$fsub) for __aeabi_fsub
    freescalecar.o(i.Car_VelocityPIDCalc) refers to fmul.o(x$fpl$fmul) for __aeabi_fmul
    freescalecar.o(i.Car_VelocityPIDCalc) refers to ffixi.o(.text) for __aeabi_f2iz
    freescalecar.o(i.Car_VelocityPIDCalc) refers to freescalecar.o(.data) for Veclocity_Least
    freescalecar.o(i.Car_VelocityPIDCalc) refers to freescalecar.o(.bss) for Car
    startup_skeaz1284.o(STACK) refers (Special) to heapauxi.o(.text) for __use_two_region_memory
    startup_skeaz1284.o(HEAP) refers (Special) to heapauxi.o(.text) for __use_two_region_memory
    startup_skeaz1284.o(RESET) refers (Special) to heapauxi.o(.text) for __use_two_region_memory
    startup_skeaz1284.o(RESET) refers to startup_skeaz1284.o(STACK) for __initial_sp
    startup_skeaz1284.o(RESET) refers to startup_skeaz1284.o(.text) for Reset_Handler
    startup_skeaz1284.o(RESET) refers to bsp_timer.o(i.SysTick_Handler) for SysTick_Handler
    startup_skeaz1284.o(RESET) refers to app_debug.o(i.UART2_IRQHandler) for UART2_IRQHandler
    startup_skeaz1284.o(RESET) refers to drv_adc.o(i.ADC0_IRQHandler) for ADC0_IRQHandler
    startup_skeaz1284.o(RESET) refers to drv_pit.o(i.PIT_CH0_IRQHandler) for PIT_CH0_IRQHandler
    startup_skeaz1284.o(RESET) refers to drv_pit.o(i.PIT_CH1_IRQHandler) for PIT_CH1_IRQHandler
[...]
    i.mpu_get_accel_fsr                      0x00005fa0   Section        0  inv_mpu.o(i.mpu_get_accel_fsr)
    i.mpu_get_accel_sens                     0x00005ff0   Section        0  inv_mpu.o(i.mpu_get_accel_sens)
    i.mpu_get_fifo_config                    0x00006048   Section        0  inv_mpu.o(i.mpu_get_fifo_config)
    i.mpu_get_gyro_fsr                       0x00006058   Section        0  inv_mpu.o(i.mpu_get_gyro_fsr)
    i.mpu_get_gyro_sens                      0x000060a0   Section        0  inv_mpu.o(i.mpu_get_gyro_sens)
    i.mpu_get_lpf                            0x000060f0   Section        0  inv_mpu.o(i.mpu_get_lpf)
    i.mpu_get_sample_rate                    0x00006140   Section        0  inv_mpu.o(i.mpu_get_sample_rate)
    i.mpu_init                               0x00006160   Section        0  inv_mpu.o(i.mpu_init)
    i.mpu_load_firmware                      0x00006368   Section        0  inv_mpu.o(i.mpu_load_firmware)
    i.mpu_lp_accel_mode                      0x00006428   Section        0  inv_mpu.o(i.mpu_lp_accel_mode)
    i.mpu_read_fifo_stream                   0x00006504   Section        0  inv_mpu.o(i.mpu_read_fifo_stream)
    i.mpu_read_mem                           0x000065dc   Section        0  inv_mpu.o(i.mpu_read_mem)
    i.mpu_reset_fifo                         0x00006658   Section        0  inv_mpu.o(i.mpu_reset_fifo)
    i.mpu_run_self_test                      0x0000683c   Section        0  inv_mpu.o(i.mpu_run_self_test)
    i.mpu_set_accel_fsr                      0x00006958   Section        0  inv_mpu.o(i.mpu_set_accel_fsr)
    i.mpu_set_bypass                         0x000069dc   Section        0  inv_mpu.o(i.mpu_set_bypass)
    i.mpu_set_dmp_state                      0x00006b3c   Section        0  inv_mpu.o(i.mpu_set_dmp_state)
    i.mpu_set_gyro_fsr                       0x00006bcc   Section        0  inv_mpu.o(i.mpu_set_gyro_fsr)
    i.mpu_set_int_latched                    0x00006c60   Section        0  inv_mpu.o(i.mpu_set_int_latched)
    i.mpu_set_lpf                            0x00006cd4   Section        0  inv_mpu.o(i.mpu_set_lpf)
    i.mpu_set_sample_rate                    0x00006d58   Section        0  inv_mpu.o(i.mpu_set_sample_rate)
    i.mpu_set_sensors                        0x00006e00   Section        0  inv_mpu.o(i.mpu_set_sensors)
    i.mpu_write_mem                          0x00006ee0   Section        0  inv_mpu.o(i.mpu_write_mem)
    i.pid_StorePara                          0x00006f5c   Section        0  app_pid.o(i.pid_StorePara)
    i.port_pull                              0x00006f78   Section        0  kea128_port.o(i.port_pull)
    i.run_self_test                          0x00006fc8   Section        0  inv_mpu.o(i.run_self_test)
    i.set_int_enable                         0x00007058   Section        0  inv_mpu.o(i.set_int_enable)
    set_int_enable                           0x00007059   Thumb Code   166  inv_mpu.o(i.set_int_enable)
    i.sqrt                                   0x00007104   Section        0  sqrt.o(i.sqrt)
    i.uart_init                              0x0000714c   Section        0  kea128_uart.o(i.uart_init)
    i.uart_mux                               0x00007204   Section        0  kea128_uart.o(i.uart_mux)
    x$fpl$fadd                               0x00007284   Section      140  faddsub.o(x$fpl$fadd)
    _fadd1                                   0x00007291   Thumb Code     0  faddsub.o(x$fpl$fadd)
    x$fpl$feqf                               0x00007310   Section       84  feqf.o(x$fpl$feqf)
    x$fpl$fleqf                              0x00007364   Section       84  flef.o(x$fpl$fleqf)
    x$fpl$fmul                               0x000073b8   Section      176  fmul.o(x$fpl$fmul)
    x$fpl$frleqf                             0x00007468   Section       88  frlef.o(x$fpl$frleqf)
    x$fpl$fsub                               0x000074c0   Section      208  faddsub.o(x$fpl$fsub)
    _fsub1                                   0x000074cd   Thumb Code     0  faddsub.o(x$fpl$fsub)
    .constdata                               0x00007590   Section       22  common.o(.constdata)
    x$fpl$usenofp                            0x00007590   Section        0  usenofp.o(x$fpl$usenofp)
    .constdata                               0x000075a8   Section       12  kea128_ftm.o(.constdata)
    FTMX                                     0x000075a8   Data          12  kea128_ftm.o(.constdata)
    .constdata                               0x000075b4   Section       12  kea128_gpio.o(.constdata)
    GPIOX                                    0x000075b4   Data          12  kea128_gpio.o(.constdata)
    .constdata                               0x000075c0   Section       80  inv_mpu.o(.constdata)
    .constdata                               0x00007610   Section     3062  inv_mpu_dmp_motion_driver.o(.constdata)
    dmp_memory                               0x00007610   Data        3062  inv_mpu_dmp_motion_driver.o(.constdata)
    .constdata                               0x00008206   Section       17  __printf_flags_ss_wp.o(.constdata)
    maptable                                 0x00008206   Data          17  __printf_flags_ss_wp.o(.constdata)
    .constdata                               0x00008217   Section      128  ddiv.o(.constdata)
    ddiv_reciptbl                            0x00008217   Data         128  ddiv.o(.constdata)
    .constdata                               0x00008297   Section       64  fdiv.o(.constdata)
    fdiv_tab                                 0x00008297   Data          64  fdiv.o(.constdata)
    .constdata                               0x000082d8   Section       80  asin.o(.constdata)
    pS                                       0x000082d8   Data          48  asin.o(.constdata)
    qS                                       0x00008308   Data          32  asin.o(.constdata)
    .constdata                               0x00008328   Section      152  atan.o(.constdata)
    atanhi                                   0x00008328   Data          32  atan.o(.constdata)
    atanlo                                   0x00008348   Data          32  atan.o(.constdata)
    aTodd                                    0x00008368   Data          40  atan.o(.constdata)
    aTeven                                   0x00008390   Data          48  atan.o(.constdata)
    .constdata                               0x000083c0   Section        8  qnan.o(.constdata)
    .conststring                             0x000083c8   Section       77  inv_mpu.o(.conststring)
    .data                                    0x1ffff000   Section       20  freescalecar.o(.data)
    FRONT_SIZE                               0x1ffff000   Data           1  freescalecar.o(.data)
    sfBalance_ErrSum                         0x1ffff004   Data           4  freescalecar.o(.data)
    Veclocity_Least                          0x1ffff008   Data           4  freescalecar.o(.data)
    Encoder                                  0x1ffff00c   Data           4  freescalecar.o(.data)
    Encoder_Integral                         0x1ffff010   Data           4  freescalecar.o(.data)
    .data                                    0x1ffff014   Section       12  system_skeaz1284.o(.data)
    .data                                    0x1ffff020   Section       16  common.o(.data)
    .data                                    0x1ffff030   Section       20  kea128_flash.o(.data)
    .data                                    0x1ffff044   Section        6  kea128_ftm.o(.data)
    .data                                    0x1ffff04c   Section       12  kea128_uart.o(.data)
    .data                                    0x1ffff058   Section        1  drv_adc.o(.data)
    ADC_Count                                0x1ffff058   Data           1  drv_adc.o(.data)
    .data                                    0x1ffff05c   Section        8  drv_pit.o(.data)
    PIT_Handler                              0x1ffff05c   Data           8  drv_pit.o(.data)
    .data                                    0x1ffff064   Section        2  bsp.o(.data)
    FRONT_SIZE                               0x1ffff064   Data           1  bsp.o(.data)
    .data                                    0x1ffff068   Section       16  bsp_encoder.o(.data)
    FRONT_SIZE                               0x1ffff068   Data           1  bsp_encoder.o(.data)
    LastLeftEncoder                          0x1ffff06c   Data           4  bsp_encoder.o(.data)
    LastRightEncoder                         0x1ffff070   Data           4  bsp_encoder.o(.data)
    LastTime                                 0x1ffff074   Data           4  bsp_encoder.o(.data)
    .data                                    0x1ffff078   Section       12  bsp_timer.o(.data)
    s_uiDelayCount                           0x1ffff078   Data           4  bsp_timer.o(.data)
    s_ucTimeOutFlag                          0x1ffff07c   Data           1  bsp_timer.o(.data)
    .data                                    0x1ffff084   Section        4  bsp_uart.o(.data)
    .data                                    0x1ffff088   Section       57  inv_mpu.o(.data)
    FRONT_SIZE                               0x1ffff088   Data           1  inv_mpu.o(.data)
    st                                       0x1ffff08c   Data          44  inv_mpu.o(.data)
    gyro_orientation                         0x1ffff0b8   Data           9  inv_mpu.o(.data)
    .data                                    0x1ffff0c1   Section        3  app_debug.o(.data)
    FRONT_SIZE                               0x1ffff0c1   Data           1  app_debug.o(.data)
    uCnt                                     0x1ffff0c3   Data           1  app_debug.o(.data)
    .bss                                     0x1ffff0c4   Section      304  freescalecar.o(.bss)
    .bss                                     0x1ffff1f4   Section      144  drv_adc.o(.bss)
    ADC_Result                               0x1ffff1f4   Data          48  drv_adc.o(.bss)
    ADC_Order                                0x1ffff224   Data          96  drv_adc.o(.bss)
    .bss                                     0x1ffff284   Section       52  bsp_key.o(.bss)
    bsp_key_fifo                             0x1ffff284   Data          13  bsp_key.o(.bss)
    bsp_key                                  0x1ffff294   Data          36  bsp_key.o(.bss)
    .bss                                     0x1ffff2b8   Section      136  bsp_timer.o(.bss)
    .bss                                     0x1ffff340   Section      552  bsp_uart.o(.bss)
    UartTxBuff                               0x1ffff368   Data         256  bsp_uart.o(.bss)
    UartRxBuff                               0x1ffff468   Data         256  bsp_uart.o(.bss)
    .bss                                     0x1ffff568   Section      148  bsp_mpu.o(.bss)
    .bss                                     0x1ffff5fc   Section       16  inv_mpu_dmp_motion_driver.o(.bss)
    dmp                                      0x1ffff5fc   Data          16  inv_mpu_dmp_motion_driver.o(.bss)
    .bss                                     0x1ffff60c   Section      512  app_debug.o(.bss)
    .bss                                     0x1ffff80c   Section       96  libspace.o(.bss)
    HEAP                                     0x1ffff870   Section        0  startup_skeaz1284.o(HEAP)
    STACK                                    0x1ffff870   Section      256  startup_skeaz1284.o(STACK)
    Heap_Mem                                 0x1ffff870   Data           0  startup_skeaz1284.o(HEAP)
    Stack_Mem                                0x1ffff870   Data         256  startup_skeaz1284.o(STACK)
    __initial_sp                             0x1ffff970   Data           0  startup_skeaz1284.o(STACK)

    Global Symbols

    Symbol Name                              Value     Ov Type        Size  Object(Section)

    BuildAttributes$$THM_ISAv3M$S$PE$A:L22$X:L11$S22$IEEE1$IW$USESV6$~STKCKD$USESV7$~SHL$OTIME$ROPI$IEEEX$EBA8$UX$STANDARDLIB$REQ8$PRES8$EABIv2 0x00000000   Number         0  anon$$obj.o ABSOLUTE
    __ARM_use_no_argv                        0x00000000   Number         0  main.o ABSOLUTE
    __Vectors                                0x00000000   Data           4  startup_skeaz1284.o(RESET)
    _printf_flags                            0x00000000   Number         0  printf_stubs.o ABSOLUTE
    _printf_return_value                     0x00000000   Number         0  printf_stubs.o ABSOLUTE
    _printf_sizespec                         0x00000000   Number         0  printf_stubs.o ABSOLUTE
    _printf_widthprec                        0x00000000   Number         0  printf_stubs.o ABSOLUTE
    __ARM_exceptions_init                     - Undefined Weak Reference
    __alloca_initialize                       - Undefined Weak Reference
    __arm_preinit_                            - Undefined Weak Reference
    __cpp_initialize__aeabi_                  - Undefined Weak Reference
    __cxa_finalize                            - Undefined Weak Reference
    __sigvec_lookup                           - Undefined Weak Reference
    _atexit_init                              - Undefined Weak Reference
    _call_atexit_fns                          - Undefined Weak Reference
    _clock_init                               - Undefined Weak Reference
    _fp_trap_init                             - Undefined Weak Reference
    _fp_trap_shutdown                         - Undefined Weak Reference
    _get_lc_collate                           - Undefined Weak Reference
    _get_lc_monetary                          - Undefined Weak Reference
    _get_lc_time                              - Undefined Weak Reference
    _getenv_init                              - Undefined Weak Reference
    _handle_redirection                       - Undefined Weak Reference
    _init_alloc                               - Undefined Weak Reference
    _init_user_alloc                          - Undefined Weak Reference
    _initio                                   - Undefined Weak Reference
    _mutex_acquire                            - Undefined Weak Reference
    _mutex_release                            - Undefined Weak Reference
    _printf_fp_hex                            - Undefined Weak Reference
    _printf_mbtowc                            - Undefined Weak Reference
    _printf_wc                                - Undefined Weak Reference
    _rand_init                                - Undefined Weak Reference
    _signal_finish                            - Undefined Weak Reference
    _signal_init                              - Undefined Weak Reference
    _terminate_alloc                          - Undefined Weak Reference
    _terminate_user_alloc                     - Undefined Weak Reference
    _terminateio                              - Undefined Weak Reference
    __Vectors_End                            0x000000c0   Data           0  startup_skeaz1284.o(RESET)
    __Vectors_Size                           0x000000c0   Number         0  startup_skeaz1284.o ABSOLUTE
    __main                                   0x000000c1   Thumb Code     8  __main.o(!!!main)
    __scatterload                            0x000000c9   Thumb Code     0  __scatter.o(!!!scatter)
    __scatterload_rt2                        0x000000c9   Thumb Code    52  __scatter.o(!!!scatter)
    __scatterload_rt2_thumb_only             0x000000c9   Thumb Code     0  __scatter.o(!!!scatter)
    __scatterload_null                       0x000000d9   Thumb Code     0  __scatter.o(!!!scatter)
    __scatterload_copy                       0x00000105   Thumb Code    26  __scatter_copy.o(!!handler_copy)
    __scatterload_zeroinit                   0x00000121   Thumb Code    28  __scatter_zi.o(!!handler_zi)
    _printf_percent                          0x0000013d   Thumb Code     0  _printf_percent.o(.ARM.Collect$$_printf_percent$$00000000)
    _printf_d                                0x0000013f   Thumb Code     0  _printf_d.o(.ARM.Collect$$_printf_percent$$00000009)
    _printf_percent_end                      0x00000149   Thumb Code     0  _printf_percent_end.o(.ARM.Collect$$_printf_percent$$00000017)
    __rt_lib_init                            0x0000014d   Thumb Code     0  libinit.o(.ARM.Collect$$libinit$$00000000)
    __rt_lib_init_alloca_1                   0x0000014f   Thumb Code     0  libinit2.o(.ARM.Collect$$libinit$$0000002E)
    __rt_lib_init_argv_1                     0x0000014f   Thumb Code     0  libinit2.o(.ARM.Collect$$libinit$$0000002C)
    __rt_lib_init_atexit_1                   0x0000014f   Thumb Code     0  libinit2.o(.ARM.Collect$$libinit$$0000001B)
    __rt_lib_init_clock_1                    0x0000014f   Thumb Code     0  libinit2.o(.ARM.Collect$$libinit$$00000021)
    __rt_lib_init_cpp_1                      0x0000014f   Thumb Code     0  libinit2.o(.ARM.Collect$$libinit$$00000032)
    __rt_lib_init_exceptions_1               0x0000014f   Thumb Code     0  libinit2.o(.ARM.Collect$$libinit$$00000030)
    __rt_lib_init_fp_1                       0x0000014f   Thumb Code     0  libinit2.o(.ARM.Collect$$libinit$$00000002)
    __rt_lib_init_fp_trap_1                  0x0000014f   Thumb Code     0  libinit2.o(.ARM.Collect$$libinit$$0000001F)
    __rt_lib_init_getenv_1                   0x0000014f   Thumb Code     0  libinit2.o(.ARM.Collect$$libinit$$00000023)
    __rt_lib_init_heap_1                     0x0000014f   Thumb Code     0  libinit2.o(.ARM.Collect$$libinit$$0000000A)
    __rt_lib_init_lc_collate_1               0x0000014f   Thumb Code     0  libinit2.o(.ARM.Collect$$libinit$$00000011)
    __rt_lib_init_lc_ctype_1                 0x0000014f   Thumb Code     0  libinit2.o(.ARM.Collect$$libinit$$00000013)
    __rt_lib_init_lc_monetary_1              0x0000014f   Thumb Code     0  libinit2.o(.ARM.Collect$$libinit$$00000015)
    __rt_lib_init_lc_numeric_1               0x0000014f   Thumb Code     0  libinit2.o(.ARM.Collect$$libinit$$00000017)
    __rt_lib_init_lc_time_1                  0x0000014f   Thumb Code     0  libinit2.o(.ARM.Collect$$libinit$$00000019)
    __rt_lib_init_preinit_1                  0x0000014f   Thumb Code     0  libinit2.o(.ARM.Collect$$libinit$$00000004)
    __rt_lib_init_rand_1                     0x0000014f   Thumb Code     0  libinit2.o(.ARM.Collect$$libinit$$0000000E)
    __rt_lib_init_return                     0x0000014f   Thumb Code     0  libinit2.o(.ARM.Collect$$libinit$$00000033)
    __rt_lib_init_signal_1                   0x0000014f   Thumb Code     0  libinit2.o(.ARM.Collect$$libinit$$0000001D)
    __rt_lib_init_stdio_1                    0x0000014f   Thumb Code     0  libinit2.o(.ARM.Collect$$libinit$$00000025)
    __rt_lib_init_user_alloc_1               0x0000014f   Thumb Code     0  libinit2.o(.ARM.Collect$$libinit$$0000000C)
    __rt_lib_shutdown                        0x00000151   Thumb Code     0  libshutdown.o(.ARM.Collect$$libshutdown$$00000000)
    __rt_lib_shutdown_cpp_1                  0x00000153   Thumb Code     0  libshutdown2.o(.ARM.Collect$$libshutdown$$00000002)
    __rt_lib_shutdown_fp_trap_1              0x00000153   Thumb Code     0  libshutdown2.o(.ARM.Collect$$libshutdown$$00000007)
    __rt_lib_shutdown_heap_1                 0x00000153   Thumb Code     0  libshutdown2.o(.ARM.Collect$$libshutdown$$0000000F)
    __rt_lib_shutdown_return                 0x00000153   Thumb Code     0  libshutdown2.o(.ARM.Collect$$libshutdown$$00000010)
    __rt_lib_shutdown_signal_1               0x00000153   Thumb Code     0  libshutdown2.o(.ARM.Collect$$libshutdown$$0000000A)
    __rt_lib_shutdown_stdio_1                0x00000153   Thumb Code     0  libshutdown2.o(.ARM.Collect$$libshutdown$$00000004)
    __rt_lib_shutdown_user_alloc_1           0x00000153   Thumb Code     0  libshutdown2.o(.ARM.Collect$$libshutdown$$0000000C)
    __rt_entry                               0x00000155   Thumb Code     0  __rtentry.o(.ARM.Collect$$rtentry$$00000000)
    __rt_entry_presh_1                       0x00000155   Thumb Code     0  __rtentry2.o(.ARM.Collect$$rtentry$$00000002)
    __rt_entry_sh                            0x00000155   Thumb Code     0  __rtentry4.o(.ARM.Collect$$rtentry$$00000004)
    __rt_entry_li                            0x0000015b   Thumb Code     0  __rtentry2.o(.ARM.Collect$$rtentry$$0000000A)
    __rt_entry_postsh_1                      0x0000015b   Thumb Code     0  __rtentry2.o(.ARM.Collect$$rtentry$$00000009)
    __rt_entry_main                          0x0000015f   Thumb Code     0  __rtentry2.o(.ARM.Collect$$rtentry$$0000000D)
    __rt_entry_postli_1                      0x0000015f   Thumb Code     0  __rtentry2.o(.ARM.Collect$$rtentry$$0000000C)
    __rt_exit                                0x00000167   Thumb Code     0  rtexit.o(.ARM.Collect$$rtexit$$00000000)
    __rt_exit_ls                             0x00000169   Thumb Code     0  rtexit2.o(.ARM.Collect$$rtexit$$00000003)
    __rt_exit_prels_1                        0x00000169   Thumb Code     0  rtexit2.o(.ARM.Collect$$rtexit$$00000002)
    __rt_exit_exit                           0x0000016d   Thumb Code     0  rtexit2.o(.ARM.Collect$$rtexit$$00000004)
    __aeabi_memcpy4                          0x00000175   Thumb Code    56  rt_memcpy.o(.emb_text)
    __aeabi_memcpy8                          0x00000175   Thumb Code     0  rt_memcpy.o(.emb_text)
    init_data_bss                            0x000001ad   Thumb Code     2  startup_skeaz1284.o(.text)
    Reset_Handler                            0x000001af   Thumb Code    12  startup_skeaz1284.o(.text)
    NMI_Handler                              0x000001bb   Thumb Code     2  startup_skeaz1284.o(.text)
    HardFault_Handler                        0x000001bd   Thumb Code     2  startup_skeaz1284.o(.text)
    SVC_Handler                              0x000001bf   Thumb Code     2  startup_skeaz1284.o(.text)
    PendSV_Handler                           0x000001c1   Thumb Code     2  startup_skeaz1284.o(.text)
    ACMP0_IRQHandler                         0x000001c5   Thumb Code     0  startup_skeaz1284.o(.text)
    ACMP1_IRQHandler                         0x000001c5   Thumb Code     0  startup_skeaz1284.o(.text)
    DefaultISR                               0x000001c5   Thumb Code     0  startup_skeaz1284.o(.text)
    FTM0_IRQHandler                          0x000001c5   Thumb Code     0  startup_skeaz1284.o(.text)
    FTM1_IRQHandler                          0x000001c5   Thumb Code     0  startup_skeaz1284.o(.text)
    FTM2_IRQHandler                          0x000001c5   Thumb Code     0  startup_skeaz1284.o(.text)
    FTMRE_IRQHandler                         0x000001c5   Thumb Code     0  startup_skeaz1284.o(.text)
    I2C0_IRQHandler                          0x000001c5   Thumb Code     0  startup_skeaz1284.o(.text)
    I2C1_IRQHandler                          0x000001c5   Thumb Code     0  startup_skeaz1284.o(.text)
    ICS_IRQHandler                           0x000001c5   Thumb Code     0  startup_skeaz1284.o(.text)
    IRQ_IRQHandler                           0x000001c5   Thumb Code     0  startup_skeaz1284.o(.text)
    KBI0_IRQHandler                          0x000001c5   Thumb Code     0  startup_skeaz1284.o(.text)
    KBI1_IRQHandler                          0x000001c5   Thumb Code     0  startup_skeaz1284.o(.text)
    LVD_LVW_IRQHandler                       0x000001c5   Thumb Code     0  startup_skeaz1284.o(.text)
    MSCAN_RX_IRQHandler                      0x000001c5   Thumb Code     0  startup_skeaz1284.o(.text)
    MSCAN_TX_IRQHandler                      0x000001c5   Thumb Code     0  startup_skeaz1284.o(.text)
    PWT_IRQHandler                           0x000001c5   Thumb Code     0  startup_skeaz1284.o(.text)
    RTC_IRQHandler                           0x000001c5   Thumb Code     0  startup_skeaz1284.o(.text)
    Reserved16_IRQHandler                    0x000001c5   Thumb Code     0  startup_skeaz1284.o(.text)
    Reserved17_IRQHandler                    0x000001c5   Thumb Code     0  startup_skeaz1284.o(.text)
    Reserved18_IRQHandler                    0x000001c5   Thumb Code     0  startup_skeaz1284.o(.text)
    Reserved19_IRQHandler                    0x000001c5   Thumb Code     0  startup_skeaz1284.o(.text)
    Reserved20_IRQHandler                    0x000001c5   Thumb Code     0  startup_skeaz1284.o(.text)
    Reserved42_IRQHandler                    0x000001c5   Thumb Code     0  startup_skeaz1284.o(.text)
    SPI0_IRQHandler                          0x000001c5   Thumb Code     0  startup_skeaz1284.o(.text)
    SPI1_IRQHandler                          0x000001c5   Thumb Code     0  startup_skeaz1284.o(.text)
    UART0_IRQHandler                         0x000001c5   Thumb Code     0  startup_skeaz1284.o(.text)
    UART1_IRQHandler                         0x000001c5   Thumb Code     0  startup_skeaz1284.o(.text)
    Watchdog_IRQHandler                      0x000001c5   Thumb Code     0  startup_skeaz1284.o(.text)
    __user_initial_stackheap                 0x000001c9   Thumb Code     0  startup_skeaz1284.o(.text)
    __use_no_semihosting                     0x000001ed   Thumb Code     2  use_no_semi_2.o(.text)
    __aeabi_ldivmod                          0x000001ef   Thumb Code   112  llsdiv.o(.text)
    _ll_sdiv                                 0x000001ef   Thumb Code     0  llsdiv.o(.text)
    __2printf                                0x00000261   Thumb Code    22  __2printf.o(.text)
    _printf_int_dec                          0x0000027d   Thumb Code    90  _printf_dec.o(.text)
    memcmp                                   0x000002e9   Thumb Code    90  memcmp.o(.text)
    __aeabi_memset                           0x00000343   Thumb Code    18  aeabi_memset.o(.text)
    _memset_w                                0x00000355   Thumb Code    26  rt_memclr.o(.text)
    _memset                                  0x0000036f   Thumb Code    30  rt_memclr.o(.text)
    __aeabi_memclr                           0x0000038d   Thumb Code     4  rt_memclr.o(.text)
    __rt_memclr                              0x0000038d   Thumb Code     0  rt_memclr.o(.text)
    __aeabi_memclr4                          0x00000391   Thumb Code     0  rt_memclr.o(.text)
    __aeabi_memclr8                          0x00000391   Thumb Code     0  rt_memclr.o(.text)
    __rt_memclr_w                            0x00000391   Thumb Code     4  rt_memclr.o(.text)
    __use_two_region_memory                  0x00000395   Thumb Code     2  heapauxi.o(.text)
    __rt_heap_escrow$2region                 0x00000397   Thumb Code     2  heapauxi.o(.text)
    __rt_heap_expand$2region                 0x00000399   Thumb Code     2  heapauxi.o(.text)
    __aeabi_f2d                              0x0000039d   Thumb Code     0  f2d.o(.text)
    _f2d                                     0x0000039d   Thumb Code    80  f2d.o(.text)
    __I$use$semihosting                      0x000003f1   Thumb Code     0  use_no_semi.o(.text)
    __use_no_semihosting_swi                 0x000003f1   Thumb Code     2  use_no_semi.o(.text)
    __aeabi_errno_addr                       0x000003f5   Thumb Code     8  rt_errno_addr_intlibspace.o(.text)
    __errno$intlibspace                      0x000003f5   Thumb Code     0  rt_errno_addr_intlibspace.o(.text)
    __rt_errno_addr$intlibspace              0x000003f5   Thumb Code     0  rt_errno_addr_intlibspace.o(.text)
    Car_TurnPIDCalc                          0x000003fd   Thumb Code     2  freescalecar.o(i.Car_TurnPIDCalc)
    mget_ms                                  0x000003ff   Thumb Code     2  inv_mpu.o(i.mget_ms)
    __printf                                 0x00000411   Thumb Code   386  __printf_flags_ss_wp.o(.text)
    __aeabi_uidiv                            0x00000599   Thumb Code     0  aeabi_sdiv.o(.text)
    __aeabi_uidivmod                         0x00000599   Thumb Code    20  aeabi_sdiv.o(.text)
    __aeabi_idiv                             0x000005ad   Thumb Code     0  aeabi_sdiv.o(.text)
    __aeabi_idivmod                          0x000005ad   Thumb Code   326  aeabi_sdiv.o(.text)
    __aeabi_d2f                              0x000006f5   Thumb Code     0  d2f.o(.text)
    _d2f                                     0x000006f5   Thumb Code   120  d2f.o(.text)
    __aeabi_dadd                             0x00000a69   Thumb Code     0  daddsub.o(.text)
    _dadd                                    0x00000a69   Thumb Code    26  daddsub.o(.text)
    __aeabi_dsub                             0x00000a83   Thumb Code     0  daddsub.o(.text)
    _dsub                                    0x00000a83   Thumb Code    22  daddsub.o(.text)
    __aeabi_drsub                            0x00000a99   Thumb Code     0  daddsub.o(.text)
    _drsb                                    0x00000a99   Thumb Code    28  daddsub.o(.text)
    __aeabi_ddiv                             0x00000ac9   Thumb Code     0  ddiv.o(.text)
    _ddiv                                    0x00000ac9   Thumb Code  1072  ddiv.o(.text)
    _drdiv                                   0x00000ef9   Thumb Code    20  ddiv.o(.text)
    __aeabi_dmul                             0x00000f11   Thumb Code     0  dmul.o(.text)
    _dmul                                    0x00000f11   Thumb Code   558  dmul.o(.text)
    __aeabi_fdiv                             0x00001159   Thumb Code     0  fdiv.o(.text)
    _fdiv                                    0x00001159   Thumb Code   334  fdiv.o(.text)
    _frdiv                                   0x000012a7   Thumb Code     8  fdiv.o(.text)
    __aeabi_f2iz                             0x000012b9   Thumb Code     0  ffixi.o(.text)
    _ffix                                    0x000012b9   Thumb Code    76  ffixi.o(.text)
    __aeabi_f2uiz                            0x00001305   Thumb Code     0  ffixui.o(.text)
    _ffixu                                   0x00001305   Thumb Code    48  ffixui.o(.text)
    __aeabi_i2f_normalise                    0x00001335   Thumb Code    72  fflti.o(.text)
    __aeabi_i2f                              0x0000137d   Thumb Code    16  fflti.o(.text)
    _fflt                                    0x0000137d   Thumb Code     0  fflti.o(.text)
    __aeabi_ui2f                             0x0000138d   Thumb Code     6  fflti.o(.text)
    _ffltu                                   0x0000138d   Thumb Code     0  fflti.o(.text)
    __aeabi_uldivmod                         0x00001393   Thumb Code   258  lludiv.o(.text)
    _ll_udiv                                 0x00001393   Thumb Code     0  lludiv.o(.text)
    __read_errno                             0x00001495   Thumb Code    10  _rserrno.o(.text)
    __set_errno                              0x0000149f   Thumb Code    12  _rserrno.o(.text)
    _printf_int_common                       0x000014ab   Thumb Code   176  _printf_intcommon.o(.text)
    _printf_char_common                      0x00001567   Thumb Code    32  _printf_char_common.o(.text)
    _printf_char_file                        0x0000158d   Thumb Code    34  _printf_char_file.o(.text)
    __rt_udiv10                              0x000015b5   Thumb Code    40  rtudiv10.o(.text)
    __ARM_scalbn                             0x000015dd   Thumb Code    84  dscalbn.o(.text)
    __fpl_fcmp_InfNaN                        0x0000163d   Thumb Code    96  fcmpin.o(.text)
    ferror                                   0x000016a1   Thumb Code     8  ferror.o(.text)
    __fpl_cmpreturn                          0x000016a9   Thumb Code    46  cmpret.o(.text)
    _dsqrt                                   0x000016d9   Thumb Code   248  dsqrt.o(.text)
    __fpl_fcheck_NaN2                        0x000017d9   Thumb Code    10  fnan2.o(.text)
    __user_libspace                          0x000017e9   Thumb Code     8  libspace.o(.text)
    __user_perproc_libspace                  0x000017e9   Thumb Code     0  libspace.o(.text)
    __user_perthread_libspace                0x000017e9   Thumb Code     0  libspace.o(.text)
    __user_setup_stackheap                   0x000017f1   Thumb Code    62  sys_stackheap_outer.o(.text)
    exit                                     0x0000182f   Thumb Code    16  exit.o(.text)
    __fpl_return_NaN                         0x0000183f   Thumb Code    94  retnan.o(.text)
    ADC0_IRQHandler                          0x0000189d   Thumb Code    28  drv_adc.o(i.ADC0_IRQHandler)
    Car_BalancePIDCalc                       0x000018c5   Thumb Code   160  freescalecar.o(i.Car_BalancePIDCalc)
    Car_Control                              0x00001979   Thumb Code    98  freescalecar.o(i.Car_Control)
    Car_MotorControl                         0x000019e5   Thumb Code    18  freescalecar.o(i.Car_MotorControl)
    Car_ParaInit                             0x000019fd   Thumb Code   216  freescalecar.o(i.Car_ParaInit)
    Car_Running                              0x00001ae1   Thumb Code    10  freescalecar.o(i.Car_Running)
    Car_VelocityPIDCalc                      0x00001aed   Thumb Code   256  freescalecar.o(i.Car_VelocityPIDCalc)
    FLASH_EraseSector                        0x00001c21   Thumb Code    42  kea128_flash.o(i.FLASH_EraseSector)
    FLASH_Init                               0x00001c51   Thumb Code    62  kea128_flash.o(i.FLASH_Init)
    FLASH_WriteSector                        0x00001c9d   Thumb Code   108  kea128_flash.o(i.FLASH_WriteSector)
    FlashCmdStart                            0x00001d0d   Thumb Code    46  kea128_flash.o(i.FlashCmdStart)
    PIT_CH0_IRQHandler                       0x00001ec1   Thumb Code    42  drv_pit.o(i.PIT_CH0_IRQHandler)
    PIT_CH1_IRQHandler                       0x00001ef5   Thumb Code    42  drv_pit.o(i.PIT_CH1_IRQHandler)
    SysTick_Handler                          0x00001f29   Thumb Code     8  bsp_timer.o(i.SysTick_Handler)
    SysTick_ISR                              0x00001f31   Thumb Code    84  bsp_timer.o(i.SysTick_ISR)
    SystemInit                               0x00001f99   Thumb Code    90  system_skeaz1284.o(i.SystemInit)
    UART2_IRQHandler                         0x00002015   Thumb Code   264  app_debug.o(i.UART2_IRQHandler)
    __ARM_common_ll_mulss                    0x00002131   Thumb Code    48  inv_mpu_dmp_motion_driver.o(i.__ARM_common_ll_mulss)
    __ARM_common_switch8                     0x00002161   Thumb Code    28  kea128_ftm.o(i.__ARM_common_switch8)
    __ARM_fpclassify                         0x0000217d   Thumb Code    40  fpclassify.o(i.__ARM_fpclassify)
    __kernel_poly                            0x000021a9   Thumb Code   172  poly.o(i.__kernel_poly)
    __mathlib_dbl_infnan                     0x00002255   Thumb Code    10  dunder.o(i.__mathlib_dbl_infnan)
    __mathlib_dbl_infnan2                    0x0000225f   Thumb Code     8  dunder.o(i.__mathlib_dbl_infnan2)
    __mathlib_dbl_invalid                    0x00002267   Thumb Code    16  dunder.o(i.__mathlib_dbl_invalid)
    __mathlib_dbl_underflow                  0x00002279   Thumb Code    14  dunder.o(i.__mathlib_dbl_underflow)
    _is_digit                                0x0000228d   Thumb Code    14  __printf_wp.o(i._is_digit)
    _sys_exit                                0x0000229b   Thumb Code     8  bsp_uart.o(i._sys_exit)
    adc_init                                 0x00002355   Thumb Code    34  kea128_adc.o(i.adc_init)
    adc_once                                 0x00002381   Thumb Code    46  kea128_adc.o(i.adc_once)
    asin                                     0x000023b5   Thumb Code   574  asin.o(i.asin)
    atan                                     0x00002629   Thumb Code   472  atan.o(i.atan)
    atan2                                    0x00002845   Thumb Code   334  atan2.o(i.atan2)
    bsp_Config                               0x000029bd   Thumb Code    54  bsp.o(i.bsp_Config)
    bsp_encoder_Config                       0x000029f3   Thumb Code    36  bsp_encoder.o(i.bsp_encoder_Config)
    bsp_encoder_SpeedCalc                    0x00002a19   Thumb Code   140  bsp_encoder.o(i.bsp_encoder_SpeedCalc)
    bsp_i2c_Ack                              0x00002ab1   Thumb Code    44  bsp_i2c.o(i.bsp_i2c_Ack)
    bsp_i2c_NoAck                            0x00002add   Thumb Code    44  bsp_i2c.o(i.bsp_i2c_NoAck)
    bsp_i2c_ReadByte                         0x00002b09   Thumb Code   108  bsp_i2c.o(i.bsp_i2c_ReadByte)
    bsp_i2c_SendByte                         0x00002b75   Thumb Code    94  bsp_i2c.o(i.bsp_i2c_SendByte)
    bsp_i2c_Start                            0x00002bd3   Thumb Code    44  bsp_i2c.o(i.bsp_i2c_Start)
    bsp_i2c_Stop                             0x00002bff   Thumb Code    44  bsp_i2c.o(i.bsp_i2c_Stop)
    bsp_i2c_WaitAck                          0x00002c2b   Thumb Code    82  bsp_i2c.o(i.bsp_i2c_WaitAck)
    bsp_key_Config                           0x00002c7d   Thumb Code    12  bsp_key.o(i.bsp_key_Config)
    bsp_led_Config                           0x00002d29   Thumb Code    40  bsp_led.o(i.bsp_led_Config)
    bsp_led_OFF                              0x00002d51   Thumb Code    62  bsp_led.o(i.bsp_led_OFF)
    bsp_led_Toggle                           0x00002d8f   Thumb Code    54  bsp_led.o(i.bsp_led_Toggle)
    bsp_motor_Config                         0x00002dc5   Thumb Code    52  bsp_motor.o(i.bsp_motor_Config)
    bsp_motor_SetPwm                         0x00002dfd   Thumb Code   104  bsp_motor.o(i.bsp_motor_SetPwm)
    bsp_mpu_Config                           0x00002e65   Thumb Code   134  bsp_mpu.o(i.bsp_mpu_Config)
    bsp_mpu_IICConfig                        0x00002eed   Thumb Code    66  bsp_mpu.o(i.bsp_mpu_IICConfig)
    bsp_mpu_ReadBuff                         0x00002f51   Thumb Code   304  bsp_mpu.o(i.bsp_mpu_ReadBuff)
    bsp_mpu_ReadByte                         0x00003085   Thumb Code   228  bsp_mpu.o(i.bsp_mpu_ReadByte)
    bsp_mpu_ReadGyro                         0x0000316d   Thumb Code    78  bsp_mpu.o(i.bsp_mpu_ReadGyro)
    bsp_mpu_SetAccelFsr                      0x000031bb   Thumb Code    16  bsp_mpu.o(i.bsp_mpu_SetAccelFsr)
    bsp_mpu_SetGyroFsr                       0x000031cb   Thumb Code    16  bsp_mpu.o(i.bsp_mpu_SetGyroFsr)
    bsp_mpu_SetLPF                           0x000031db   Thumb Code    58  bsp_mpu.o(i.bsp_mpu_SetLPF)
    bsp_mpu_SetRate                          0x00003215   Thumb Code    60  bsp_mpu.o(i.bsp_mpu_SetRate)
    bsp_mpu_WriteBuff                        0x00003251   Thumb Code   226  bsp_mpu.o(i.bsp_mpu_WriteBuff)
    bsp_mpu_WriteByte                        0x00003339   Thumb Code   252  bsp_mpu.o(i.bsp_mpu_WriteByte)
    bsp_oled_Clear                           0x00003439   Thumb Code    64  bsp_oled.o(i.bsp_oled_Clear)
    bsp_oled_Config                          0x00003479   Thumb Code   288  bsp_oled.o(i.bsp_oled_Config)
    bsp_oled_GPIOConfig                      0x00003599   Thumb Code    54  bsp_oled.o(i.bsp_oled_GPIOConfig)
    bsp_oled_SetPos                          0x000035cf   Thumb Code    52  bsp_oled.o(i.bsp_oled_SetPos)
    bsp_oled_WRByte                          0x00003603   Thumb Code   112  bsp_oled.o(i.bsp_oled_WRByte)
    bsp_sensor_Config                        0x00003673   Thumb Code    40  bsp_sensor.o(i.bsp_sensor_Config)
    bsp_sensor_DataNormalized                0x0000369d   Thumb Code    78  bsp_sensor.o(i.bsp_sensor_DataNormalized)
    bsp_sensor_DataProcess                   0x000036f1   Thumb Code   284  bsp_sensor.o(i.bsp_sensor_DataProcess)
    bsp_switch_Config                        0x00003811   Thumb Code    68  bsp_switch.o(i.bsp_switch_Config)
    bsp_tim_CreateHardTimer                  0x00003855   Thumb Code    74  bsp_timer.o(i.bsp_tim_CreateHardTimer)
    bsp_tim_CreateSoftTimer                  0x000038a5   Thumb Code    94  bsp_timer.o(i.bsp_tim_CreateSoftTimer)
    bsp_tim_DelayMs                          0x00003909   Thumb Code    42  bsp_timer.o(i.bsp_tim_DelayMs)
    bsp_tim_DelayUs                          0x0000393d   Thumb Code    76  bsp_timer.o(i.bsp_tim_DelayUs)
    bsp_tim_GetRunTime                       0x00003995   Thumb Code     6  bsp_timer.o(i.bsp_tim_GetRunTime)
    bsp_tim_SoftConfig                       0x000039a1   Thumb Code   108  bsp_timer.o(i.bsp_tim_SoftConfig)
    bsp_tim_SoftDec                          0x00003a1d   Thumb Code    50  bsp_timer.o(i.bsp_tim_SoftDec)
    bsp_uart_Config                          0x00003a51   Thumb Code    36  bsp_uart.o(i.bsp_uart_Config)
    bsp_uart_GetUartNo                       0x00003a7d   Thumb Code    14  bsp_uart.o(i.bsp_uart_GetUartNo)
    bsp_uart_IRQHandler                      0x00003a91   Thumb Code    96  bsp_uart.o(i.bsp_uart_IRQHandler)
    bsp_uart_ParaInit                        0x00003af1   Thumb Code    42  bsp_uart.o(i.bsp_uart_ParaInit)
    bsp_uart_SendDataToBuff                  0x00003b2d   Thumb Code   110  bsp_uart.o(i.bsp_uart_SendDataToBuff)
    debug_CarDataReport                      0x00003b9d   Thumb Code    44  app_debug.o(i.debug_CarDataReport)
    debug_DataProcess                        0x00003bcd   Thumb Code   126  app_debug.o(i.debug_DataProcess)
    debug_DataUpload                         0x00003c51   Thumb Code   130  app_debug.o(i.debug_DataUpload)
    debug_MPUDateReport                      0x00003cd5   Thumb Code   200  app_debug.o(i.debug_MPUDateReport)
    debug_MotorDataReport                    0x00003da5   Thumb Code   272  app_debug.o(i.debug_MotorDataReport)
    debug_PIDDownload                        0x00003eb9   Thumb Code   278  app_debug.o(i.debug_PIDDownload)
    debug_PIDParaReport                      0x00003fe1   Thumb Code   276  app_debug.o(i.debug_PIDParaReport)
    debug_Response                           0x00004101   Thumb Code    82  app_debug.o(i.debug_Response)
    debug_SensorDataReport                   0x00004159   Thumb Code   270  app_debug.o(i.debug_SensorDataReport)
    dmp_enable_6x_lp_quat                    0x000042dd   Thumb Code    54  inv_mpu_dmp_motion_driver.o(i.dmp_enable_6x_lp_quat)
    dmp_enable_feature                       0x00004319   Thumb Code   524  inv_mpu_dmp_motion_driver.o(i.dmp_enable_feature)
    dmp_enable_gyro_cal                      0x00004535   Thumb Code    64  inv_mpu_dmp_motion_driver.o(i.dmp_enable_gyro_cal)
    dmp_enable_lp_quat                       0x0000458d   Thumb Code    54  inv_mpu_dmp_motion_driver.o(i.dmp_enable_lp_quat)
    dmp_load_motion_driver_firmware          0x000045c9   Thumb Code    18  inv_mpu_dmp_motion_driver.o(i.dmp_load_motion_driver_firmware)
    dmp_read_fifo                            0x000045e5   Thumb Code   460  inv_mpu_dmp_motion_driver.o(i.dmp_read_fifo)
    dmp_set_fifo_rate                        0x000047b5   Thumb Code    94  inv_mpu_dmp_motion_driver.o(i.dmp_set_fifo_rate)
    dmp_set_gyro_bias                        0x0000482d   Thumb Code   316  inv_mpu_dmp_motion_driver.o(i.dmp_set_gyro_bias)
    dmp_set_orientation                      0x00004971   Thumb Code   298  inv_mpu_dmp_motion_driver.o(i.dmp_set_orientation)
    dmp_set_shake_reject_thresh              0x00004ab5   Thumb Code    58  inv_mpu_dmp_motion_driver.o(i.dmp_set_shake_reject_thresh)
    dmp_set_shake_reject_time                0x00004aef   Thumb Code    36  inv_mpu_dmp_motion_driver.o(i.dmp_set_shake_reject_time)
    dmp_set_shake_reject_timeout             0x00004b13   Thumb Code    36  inv_mpu_dmp_motion_driver.o(i.dmp_set_shake_reject_timeout)
    dmp_set_tap_axes                         0x00004b37   Thumb Code    76  inv_mpu_dmp_motion_driver.o(i.dmp_set_tap_axes)
    dmp_set_tap_count                        0x00004b83   Thumb Code    38  inv_mpu_dmp_motion_driver.o(i.dmp_set_tap_count)
    dmp_set_tap_thresh                       0x00004ba9   Thumb Code   408  inv_mpu_dmp_motion_driver.o(i.dmp_set_tap_thresh)
    dmp_set_tap_time                         0x00004d55   Thumb Code    36  inv_mpu_dmp_motion_driver.o(i.dmp_set_tap_time)
    dmp_set_tap_time_multi                   0x00004d79   Thumb Code    36  inv_mpu_dmp_motion_driver.o(i.dmp_set_tap_time_multi)
    drv_pit_Init                             0x00004d9d   Thumb Code   230  drv_pit.o(i.drv_pit_Init)
    filter_SildingAverage                    0x00004e99   Thumb Code    46  app_filter.o(i.filter_SildingAverage)
    fputc                                    0x00004ec9   Thumb Code    20  bsp_uart.o(i.fputc)
    ftm_count_clean                          0x00004ee1   Thumb Code    12  kea128_ftm.o(i.ftm_count_clean)
    ftm_count_get                            0x00004ef1   Thumb Code    14  kea128_ftm.o(i.ftm_count_get)
    ftm_count_init                           0x00004f05   Thumb Code    54  kea128_ftm.o(i.ftm_count_init)
    ftm_count_mux                            0x00004f41   Thumb Code   166  kea128_ftm.o(i.ftm_count_mux)
    ftm_pwm_duty                             0x00004ff1   Thumb Code   114  kea128_ftm.o(i.ftm_pwm_duty)
    ftm_pwm_init                             0x0000506d   Thumb Code   278  kea128_ftm.o(i.ftm_pwm_init)
    ftm_pwm_mux                              0x00005191   Thumb Code   302  kea128_ftm.o(i.ftm_pwm_mux)
    get_clk                                  0x0000537d   Thumb Code   170  common.o(i.get_clk)
    gpio_get                                 0x00005905   Thumb Code    40  kea128_gpio.o(i.gpio_get)
    gpio_init                                0x00005931   Thumb Code   214  kea128_gpio.o(i.gpio_init)
    gpio_set                                 0x00005a0d   Thumb Code    54  kea128_gpio.o(i.gpio_set)
    gpio_turn                                0x00005a49   Thumb Code    36  kea128_gpio.o(i.gpio_turn)
    inv_orientation_matrix_to_scalar         0x00005b85   Thumb Code    40  inv_mpu.o(i.inv_orientation_matrix_to_scalar)
    inv_row_2_scale                          0x00005bad   Thumb Code    78  inv_mpu.o(i.inv_row_2_scale)
    main                                     0x00005bfd   Thumb Code    74  main.o(i.main)
    mpu_configure_fifo                       0x00005c59   Thumb Code   124  inv_mpu.o(i.mpu_configure_fifo)
    mpu_dmp_get_data                         0x00005cd9   Thumb Code   536  inv_mpu.o(i.mpu_dmp_get_data)
    mpu_dmp_init                             0x00005ef9   Thumb Code   164  inv_mpu.o(i.mpu_dmp_init)
    mpu_get_accel_fsr                        0x00005fa1   Thumb Code    76  inv_mpu.o(i.mpu_get_accel_fsr)
    mpu_get_accel_sens                       0x00005ff1   Thumb Code    80  inv_mpu.o(i.mpu_get_accel_sens)
    mpu_get_fifo_config                      0x00006049   Thumb Code    12  inv_mpu.o(i.mpu_get_fifo_config)
    mpu_get_gyro_fsr                         0x00006059   Thumb Code    66  inv_mpu.o(i.mpu_get_gyro_fsr)
    mpu_get_gyro_sens                        0x000060a1   Thumb Code    60  inv_mpu.o(i.mpu_get_gyro_sens)
    mpu_get_lpf                              0x000060f1   Thumb Code    76  inv_mpu.o(i.mpu_get_lpf)
    mpu_get_sample_rate                      0x00006141   Thumb Code    28  inv_mpu.o(i.mpu_get_sample_rate)
    mpu_init                                 0x00006161   Thumb Code   438  inv_mpu.o(i.mpu_init)
    mpu_load_firmware                        0x00006369   Thumb Code   188  inv_mpu.o(i.mpu_load_firmware)
    mpu_lp_accel_mode                        0x00006429   Thumb Code   216  inv_mpu.o(i.mpu_lp_accel_mode)
    mpu_read_fifo_stream                     0x00006505   Thumb Code   210  inv_mpu.o(i.mpu_read_fifo_stream)
    mpu_read_mem                             0x000065dd   Thumb Code   120  inv_mpu.o(i.mpu_read_mem)
    mpu_reset_fifo                           0x00006659   Thumb Code   480  inv_mpu.o(i.mpu_reset_fifo)
    mpu_run_self_test                        0x0000683d   Thumb Code   278  inv_mpu.o(i.mpu_run_self_test)
    mpu_set_accel_fsr                        0x00006959   Thumb Code   128  inv_mpu.o(i.mpu_set_accel_fsr)
    mpu_set_bypass                           0x000069dd   Thumb Code   348  inv_mpu.o(i.mpu_set_bypass)
    mpu_set_dmp_state                        0x00006b3d   Thumb Code   140  inv_mpu.o(i.mpu_set_dmp_state)
    mpu_set_gyro_fsr                         0x00006bcd   Thumb Code   142  inv_mpu.o(i.mpu_set_gyro_fsr)
    mpu_set_int_latched                      0x00006c61   Thumb Code   110  inv_mpu.o(i.mpu_set_int_latched)
    mpu_set_lpf                              0x00006cd5   Thumb Code   128  inv_mpu.o(i.mpu_set_lpf)
    mpu_set_sample_rate                      0x00006d59   Thumb Code   162  inv_mpu.o(i.mpu_set_sample_rate)
    mpu_set_sensors                          0x00006e01   Thumb Code   220  inv_mpu.o(i.mpu_set_sensors)
    mpu_write_mem                            0x00006ee1   Thumb Code   120  inv_mpu.o(i.mpu_write_mem)
    pid_StorePara                            0x00006f5d   Thumb Code    22  app_pid.o(i.pid_StorePara)
    port_pull                                0x00006f79   Thumb Code    74  kea128_port.o(i.port_pull)
    run_self_test                            0x00006fc9   Thumb Code   142  inv_mpu.o(i.run_self_test)
    sqrt                                     0x00007105   Thumb Code    66  sqrt.o(i.sqrt)
    uart_init                                0x0000714d   Thumb Code   170  kea128_uart.o(i.uart_init)
    uart_mux                                 0x00007205   Thumb Code   122  kea128_uart.o(i.uart_mux)
    __aeabi_fadd                             0x00007285   Thumb Code     0  faddsub.o(x$fpl$fadd)
    _fadd                                    0x00007285   Thumb Code   134  faddsub.o(x$fpl$fadd)
    __aeabi_cfcmpeq                          0x00007311   Thumb Code     0  feqf.o(x$fpl$feqf)
    _fcmpeq                                  0x00007311   Thumb Code    78  feqf.o(x$fpl$feqf)
    __aeabi_cfcmple                          0x00007365   Thumb Code     0  flef.o(x$fpl$fleqf)
    _fcmple                                  0x00007365   Thumb Code    78  flef.o(x$fpl$fleqf)
    __aeabi_fmul                             0x000073b9   Thumb Code     0  fmul.o(x$fpl$fmul)
    _fmul                                    0x000073b9   Thumb Code   172  fmul.o(x$fpl$fmul)
    __aeabi_cfrcmple                         0x00007469   Thumb Code     0  frlef.o(x$fpl$frleqf)
    _frcmple                                 0x00007469   Thumb Code    84  frlef.o(x$fpl$frleqf)
    __aeabi_fsub                             0x000074c1   Thumb Code     0  faddsub.o(x$fpl$fsub)
    _fsub                                    0x000074c1   Thumb Code   204  faddsub.o(x$fpl$fsub)
    __I$use$fp                               0x00007590   Number         0  usenofp.o(x$fpl$usenofp)
    reg                                      0x000075c0   Data          27  inv_mpu.o(.constdata)
    hw                                       0x000075dc   Data          12  inv_mpu.o(.constdata)
    test                                     0x000075e8   Data          40  inv_mpu.o(.constdata)
    __mathlib_zero                           0x000083c0   Data           8  qnan.o(.constdata)
    Region$$Table$$Base                      0x00008418   Number         0  anon$$obj.o(Region$$Table)
    Region$$Table$$Limit                     0x00008438   Number         0  anon$$obj.o(Region$$Table)
    SystemCoreClock                          0x1ffff014   Data           4  system_skeaz1284.o(.data)
    SystemBusClock                           0x1ffff018   Data           4  system_skeaz1284.o(.data)
    SystemTimerClock                         0x1ffff01c   Data           4  system_skeaz1284.o(.data)
    ics_clk_khz                              0x1ffff020   Data           4  common.o(.data)
    ftm_clk_khz                              0x1ffff024   Data           4  common.o(.data)
    core_clk_khz                             0x1ffff028   Data           4  common.o(.data)
    bus_clk_khz                              0x1ffff02c   Data           4  common.o(.data)
    s_flash_command_run                      0x1ffff030   Data          14  kea128_flash.o(.data)
    s_flash_run_entry                        0x1ffff040   Data           4  kea128_flash.o(.data)
    period                                   0x1ffff044   Data           6  kea128_ftm.o(.data)
    uart                                     0x1ffff04c   Data          12  kea128_uart.o(.data)
    TimerTaskRunMutexSignal                  0x1ffff065   Data           1  bsp.o(.data)
    g_iRunTime                               0x1ffff080   Data           4  bsp_timer.o(.data)
    __stdout                                 0x1ffff084   Data           4  bsp_uart.o(.data)
    RecCommand                               0x1ffff0c2   Data           1  app_debug.o(.data)
    Car                                      0x1ffff0c4   Data         304  freescalecar.o(.bss)
    SoftTimer                                0x1ffff2b8   Data         120  bsp_timer.o(.bss)
    HardTimer                                0x1ffff330   Data          16  bsp_timer.o(.bss)
    uart_info                                0x1ffff340   Data          40  bsp_uart.o(.bss)
    mpu_iic                                  0x1ffff568   Data          28  bsp_mpu.o(.bss)
    Accx                                     0x1ffff584   Data          20  bsp_mpu.o(.bss)
    Accy                                     0x1ffff598   Data          20  bsp_mpu.o(.bss)
    Accz                                     0x1ffff5ac   Data          20  bsp_mpu.o(.bss)
    Gyrox                                    0x1ffff5c0   Data          20  bsp_mpu.o(.bss)
    Gyroy                                    0x1ffff5d4   Data          20  bsp_mpu.o(.bss)
    Gyroz                                    0x1ffff5e8   Data          20  bsp_mpu.o(.bss)
    RecBuff                                  0x1ffff60c   Data         512  app_debug.o(.bss)
    __libspace_start                         0x1ffff80c   Data          96  libspace.o(.bss)
    __temporary_stack_top$libspace           0x1ffff86c   Data           0  libspace.o(.bss)



==============================================================================

Memory Map of the image

  Image Entry point : 0x000000c1

  Load Region LR_IROM1 (Base: 0x00000000, Size: 0x000084fc, Max: 0x00020000, ABSOLUTE)

    Execution Region ER_IROM1 (Base: 0x00000000, Size: 0x00008438, Max: 0x00020000, ABSOLUTE)

    Base Addr    Size         Type   Attr      Idx    E Section Name        Object

    0x00000000   0x000000c0   Data   RO          228    RESET               startup_skeaz1284.o
    0x000000c0   0x00000008   Code   RO         2573  * !!!main             c_p.l(__main.o)
    0x000000c8   0x0000003c   Code   RO         2957    !!!scatter          c_p.l(__scatter.o)
    0x00000104   0x0000001a   Code   RO         2959    !!handler_copy      c_p.l(__scatter_copy.o)
    0x0000011e   0x00000002   PAD
    0x00000120   0x0000001c   Code   RO         2961    !!handler_zi        c_p.l(__scatter_zi.o)
    0x0000013c   0x00000002   Code   RO         2556    .ARM.Collect$$_printf_percent$$00000000  c_p.l(_printf_percent.o)
    0x0000013e   0x0000000a   Code   RO         2555    .ARM.Collect$$_printf_percent$$00000009  c_p.l(_printf_d.o)
    0x00000148   0x00000004   Code   RO         2678    .ARM.Collect$$_printf_percent$$00000017  c_p.l(_printf_percent_end.o)
    0x0000014c   0x00000002   Code   RO         2820    .ARM.Collect$$libinit$$00000000  c_p.l(libinit.o)
    0x0000014e   0x00000000   Code   RO         2842    .ARM.Collect$$libinit$$00000002  c_p.l(libinit2.o)
    0x0000014e   0x00000000   Code   RO         2844    .ARM.Collect$$libinit$$00000004  c_p.l(libinit2.o)
    0x0000014e   0x00000000   Code   RO         2847    .ARM.Collect$$libinit$$0000000A  c_p.l(libinit2.o)
    0x0000014e   0x00000000   Code   RO         2849    .ARM.Collect$$libinit$$0000000C  c_p.l(libinit2.o)
    0x0000014e   0x00000000   Code   RO         2851    .ARM.Collect$$libinit$$0000000E  c_p.l(libinit2.o)
    0x0000014e   0x00000000   Code   RO         2854    .ARM.Collect$$libinit$$00000011  c_p.l(libinit2.o)
    0x0000014e   0x00000000   Code   RO         2856    .ARM.Collect$$libinit$$00000013  c_p.l(libinit2.o)
    0x0000014e   0x00000000   Code   RO         2858    .ARM.Collect$$libinit$$00000015  c_p.l(libinit2.o)
    0x0000014e   0x00000000   Code   RO         2860    .ARM.Collect$$libinit$$00000017  c_p.l(libinit2.o)
    0x0000014e   0x00000000   Code   RO         2862    .ARM.Collect$$libinit$$00000019  c_p.l(libinit2.o)
    0x0000014e   0x00000000   Code   RO         2864    .ARM.Collect$$libinit$$0000001B  c_p.l(libinit2.o)
    0x0000014e   0x00000000   Code   RO         2866    .ARM.Collect$$libinit$$0000001D  c_p.l(libinit2.o)
    0x0000014e   0x00000000   Code   RO         2868    .ARM.Collect$$libinit$$0000001F  c_p.l(libinit2.o)
    0x0000014e   0x00000000   Code   RO         2870    .ARM.Collect$$libinit$$00000021  c_p.l(libinit2.o)
    0x0000014e   0x00000000   Code   RO         2872    .ARM.Collect$$libinit$$00000023  c_p.l(libinit2.o)
    0x0000014e   0x00000000   Code   RO         2874    .ARM.Collect$$libinit$$00000025  c_p.l(libinit2.o)
    0x0000014e   0x00000000   Code   RO         2878    .ARM.Collect$$libinit$$0000002C  c_p.l(libinit2.o)
    0x0000014e   0x00000000   Code   RO         2880    .ARM.Collect$$libinit$$0000002E  c_p.l(libinit2.o)
    0x0000014e   0x00000000   Code   RO         2882    .ARM.Collect$$libinit$$00000030  c_p.l(libinit2.o)
    0x0000014e   0x00000000   Code   RO         2884    .ARM.Collect$$libinit$$00000032  c_p.l(libinit2.o)
    0x0000014e   0x00000002   Code   RO         2885    .ARM.Collect$$libinit$$00000033  c_p.l(libinit2.o)
    0x00000150   0x00000002   Code   RO         2913    .ARM.Collect$$libshutdown$$00000000  c_p.l(libshutdown.o)
    0x00000152   0x00000000   Code   RO         2940    .ARM.Collect$$libshutdown$$00000002  c_p.l(libshutdown2.o)
    0x00000152   0x00000000   Code   RO         2942    .ARM.Collect$$libshutdown$$00000004  c_p.l(libshutdown2.o)
    0x00000152   0x00000000   Code   RO         2945    .ARM.Collect$$libshutdown$$00000007  c_p.l(libshutdown2.o)
    0x00000152   0x00000000   Code   RO         2948    .ARM.Collect$$libshutdown$$0000000A  c_p.l(libshutdown2.o)
    0x00000152   0x00000000   Code   RO         2950    .ARM.Collect$$libshutdown$$0000000C  c_p.l(libshutdown2.o)
    0x00000152   0x00000000   Code   RO         2953    .ARM.Collect$$libshutdown$$0000000F  c_p.l(libshutdown2.o)
    0x00000152   0x00000002   Code   RO         2954    .ARM.Collect$$libshutdown$$00000010  c_p.l(libshutdown2.o)
    0x00000154   0x00000000   Code   RO         2633    .ARM.Collect$$rtentry$$00000000  c_p.l(__rtentry.o)
    0x00000154   0x00000000   Code   RO         2735    .ARM.Collect$$rtentry$$00000002  c_p.l(__rtentry2.o)
    0x00000154   0x00000006   Code   RO         2747    .ARM.Collect$$rtentry$$00000004  c_p.l(__rtentry4.o)
    0x0000015a   0x00000000   Code   RO         2737    .ARM.Collect$$rtentry$$00000009  c_p.l(__rtentry2.o)
    0x0000015a   0x00000004   Code   RO         2738    .ARM.Collect$$rtentry$$0000000A  c_p.l(__rtentry2.o)
    0x0000015e   0x00000000   Code   RO         2740    .ARM.Collect$$rtentry$$0000000C  c_p.l(__rtentry2.o)
    0x0000015e   0x00000008   Code   RO         2741    .ARM.Collect$$rtentry$$0000000D  c_p.l(__rtentry2.o)
    0x00000166   0x00000002   Code   RO         2828    .ARM.Collect$$rtexit$$00000000  c_p.l(rtexit.o)
    0x00000168   0x00000000   Code   RO         2889    .ARM.Collect$$rtexit$$00000002  c_p.l(rtexit2.o)
    0x00000168   0x00000004   Code   RO         2890    .ARM.Collect$$rtexit$$00000003  c_p.l(rtexit2.o)
    0x0000016c   0x00000006   Code   RO         2891    .ARM.Collect$$rtexit$$00000004  c_p.l(rtexit2.o)
    0x00000172   0x00000002   PAD
    0x00000174   0x00000038   Code   RO         2559    .emb_text           c_p.l(rt_memcpy.o)
    0x000001ac   0x00000040   Code   RO          230    .text               startup_skeaz1284.o
    0x000001ec   0x00000002   Code   RO         2495    .text               c_p.l(use_no_semi_2.o)
    0x000001ee   0x00000070   Code   RO         2499    .text               c_p.l(llsdiv.o)
    0x0000025e   0x00000002   PAD
    0x00000260   0x0000001c   Code   RO         2503    .text               c_p.l(__2printf.o)
    0x0000027c   0x0000006c   Code   RO         2511    .text               c_p.l(_printf_dec.o)
    0x000002e8   0x0000005a   Code   RO         2557    .text               c_p.l(memcmp.o)
    0x00000342   0x00000012   Code   RO         2563    .text               c_p.l(aeabi_memset.o)
    0x00000354   0x00000040   Code   RO         2565    .text               c_p.l(rt_memclr.o)
    0x00000394   0x00000006   Code   RO         2571    .text               c_p.l(heapauxi.o)
    0x0000039a   0x00000002   PAD
    0x0000039c   0x00000054   Code   RO         2588    .text               fz_ps.l(f2d.o)
    0x000003f0   0x00000002   Code   RO         2631    .text               c_p.l(use_no_semi.o)
    0x000003f2   0x00000002   PAD
    0x000003f4   0x00000008   Code   RO         2758    .text               c_p.l(rt_errno_addr_intlibspace.o)
    0x000003fc   0x00000002   Code   RO          165    i.Car_TurnPIDCalc   freescalecar.o
    0x000003fe   0x00000002   Code   RO         1790    i.mget_ms           inv_mpu.o
    0x00000400   0x00000010   Code   RO          229    .ARM.__at_0x400     startup_skeaz1284.o
    0x00000410   0x00000188   Code   RO         2551    .text               c_p.l(__printf_flags_ss_wp.o)
    0x00000598   0x0000015a   Code   RO         2567    .text               c_p.l(aeabi_sdiv.o)
    0x000006f2   0x00000002   PAD
    0x000006f4   0x0000007c   Code   RO         2575    .text               fz_ps.l(d2f.o)
    0x00000770   0x00000358   Code   RO         2577    .text               fz_ps.l(daddsub.o)
    0x00000ac8   0x00000448   Code   RO         2579    .text               fz_ps.l(ddiv.o)
    0x00000f10   0x00000248   Code   RO         2586    .text               fz_ps.l(dmul.o)
    0x00001158   0x00000160   Code   RO         2596    .text               fz_ps.l(fdiv.o)
    0x000012b8   0x0000004c   Code   RO         2601    .text               fz_ps.l(ffixi.o)
    0x00001304   0x00000030   Code   RO         2603    .text               fz_ps.l(ffixui.o)
    0x00001334   0x0000005e   Code   RO         2605    .text               fz_ps.l(fflti.o)
    0x00001392   0x00000102   Code   RO         2638    .text               c_p.l(lludiv.o)
    0x00001494   0x00000016   Code   RO         2640    .text               c_p.l(_rserrno.o)
    0x000014aa   0x000000b0   Code   RO         2646    .text               c_p.l(_printf_intcommon.o)
    0x0000155a   0x00000002   PAD
    0x0000155c   0x00000030   Code   RO         2650    .text               c_p.l(_printf_char_common.o)
    0x0000158c   0x00000028   Code   RO         2654    .text               c_p.l(_printf_char_file.o)
    0x000015b4   0x00000028   Code   RO         2688    .text               c_p.l(rtudiv10.o)
    0x000015dc   0x00000060   Code   RO         2690    .text               fz_ps.l(dscalbn.o)
    0x0000163c   0x00000064   Code   RO         2692    .text               fz_ps.l(fcmpin.o)
    0x000016a0   0x00000008   Code   RO         2770    .text               c_p.l(ferror.o)
    0x000016a8   0x0000002e   Code   RO         2776    .text               fz_ps.l(cmpret.o)
    0x000016d6   0x00000002   PAD
    0x000016d8   0x00000100   Code   RO         2780    .text               fz_ps.l(dsqrt.o)
    0x000017d8   0x00000010   Code   RO         2782    .text               fz_ps.l(fnan2.o)
    0x000017e8   0x00000008   Code   RO         2784    .text               c_p.l(libspace.o)
    0x000017f0   0x0000003e   Code   RO         2787    .text               c_p.l(sys_stackheap_outer.o)
    0x0000182e   0x00000010   Code   RO         2809    .text               c_p.l(exit.o)
    0x0000183e   0x0000005e   Code   RO         2825    .text               fz_ps.l(retnan.o)
    0x0000189c   0x00000028   Code   RO          835    i.ADC0_IRQHandler   drv_adc.o
    0x000018c4   0x000000b4   Code   RO          159    i.Car_BalancePIDCalc  freescalecar.o
    0x00001978   0x0000006c   Code   RO          160    i.Car_Control       freescalecar.o
    0x000019e4   0x00000018   Code   RO          161    i.Car_MotorControl  freescalecar.o
    0x000019fc   0x000000e4   Code   RO          162    i.Car_ParaInit      freescalecar.o
    0x00001ae0   0x0000000a   Code   RO          164    i.Car_Running       freescalecar.o
    0x00001aea   0x00000002   PAD
    0x00001aec   0x00000134   Code   RO          166    i.Car_VelocityPIDCalc  freescalecar.o
    0x00001c20   0x00000030   Code   RO          329    i.FLASH_EraseSector  kea128_flash.o
    0x00001c50   0x0000004c   Code   RO          331    i.FLASH_Init        kea128_flash.o
    0x00001c9c   0x00000070   Code   RO          332    i.FLASH_WriteSector  kea128_flash.o
    0x00001d0c   0x0000003c   Code   RO          333    i.FlashCmdStart     kea128_flash.o
    0x00001d48   0x0000000a   Code   RO         1015    i.IsKeyDownPress    bsp_key.o
    0x00001d52   0x0000000a   Code   RO         1016    i.IsKeyOkPress      bsp_key.o
    0x00001d5c   0x0000000a   Code   RO         1017    i.IsKeyUpPress      bsp_key.o
    0x00001d66   0x0000000a   Code   RO         1636    i.MPU_READ_SDA      bsp_mpu.o
    0x00001d70   0x0000000c   Code   RO         1637    i.MPU_SCL_HIGH      bsp_mpu.o
    0x00001d7c   0x0000000c   Code   RO         1638    i.MPU_SCL_LOW       bsp_mpu.o
    0x00001d88   0x0000000c   Code   RO         1639    i.MPU_SDA_HIGH      bsp_mpu.o
    0x00001d94   0x0000000c   Code   RO         1640    i.MPU_SDA_LOW       bsp_mpu.o
    0x00001da0   0x0000000e   Code   RO         1641    i.MPU_SDA_SET_IN    bsp_mpu.o
    0x00001dae   0x0000000e   Code   RO         1642    i.MPU_SDA_SET_OUT   bsp_mpu.o
    0x00001dbc   0x00000014   Code   RO          894    i.NVIC_EnableIRQ    drv_pit.o
    0x00001dd0   0x00000078   Code   RO          895    i.NVIC_SetPriority  drv_pit.o
    0x00001e48   0x00000078   Code   RO         1368    i.NVIC_SetPriority  bsp_timer.o
    0x00001ec0   0x00000034   Code   RO          896    i.PIT_CH0_IRQHandler  drv_pit.o
    0x00001ef4   0x00000034   Code   RO          897    i.PIT_CH1_IRQHandler  drv_pit.o
    0x00001f28   0x00000008   Code   RO         1369    i.SysTick_Handler   bsp_timer.o
    0x00001f30   0x00000068   Code   RO         1370    i.SysTick_ISR       bsp_timer.o
    0x00001f98   0x0000007c   Code   RO          239    i.SystemInit        system_skeaz1284.o
    0x00002014   0x0000011c   Code   RO         2312    i.UART2_IRQHandler  app_debug.o
    0x00002130   0x00000030   Code   RO         2299    i.__ARM_common_ll_mulss  inv_mpu_dmp_motion_driver.o
    0x00002160   0x0000001c   Code   RO          437    i.__ARM_common_switch8  kea128_ftm.o
    0x0000217c   0x0000002c   Code   RO         2721    i.__ARM_fpclassify  m_ps.l(fpclassify.o)
    0x000021a8   0x000000ac   Code   RO         2723    i.__kernel_poly     m_ps.l(poly.o)
    0x00002254   0x0000000a   Code   RO         2708    i.__mathlib_dbl_infnan  m_ps.l(dunder.o)
    0x0000225e   0x00000008   Code   RO         2709    i.__mathlib_dbl_infnan2  m_ps.l(dunder.o)
    0x00002266   0x00000010   Code   RO         2710    i.__mathlib_dbl_invalid  m_ps.l(dunder.o)
    0x00002276   0x00000002   PAD
    0x00002278   0x00000014   Code   RO         2713    i.__mathlib_dbl_underflow  m_ps.l(dunder.o)
    0x0000228c   0x0000000e   Code   RO         2544    i._is_digit         c_p.l(__printf_wp.o)
    0x0000229a   0x00000008   Code   RO         1478    i._sys_exit         bsp_uart.o
    0x000022a2   0x00000002   PAD
    0x000022a4   0x000000b0   Code   RO         1784    i.accel_self_test   inv_mpu.o
    0x00002354   0x0000002c   Code   RO          297    i.adc_init          kea128_adc.o
    0x00002380   0x00000034   Code   RO          298    i.adc_once          kea128_adc.o
    0x000023b4   0x00000274   Code   RO         2614    i.asin              m_ps.l(asin.o)
    0x00002628   0x0000021c   Code   RO         2698    i.atan              m_ps.l(atan.o)
    0x00002844   0x00000178   Code   RO         2624    i.atan2             m_ps.l(atan2.o)
    0x000029bc   0x00000036   Code   RO          959    i.bsp_Config        bsp.o
    0x000029f2   0x00000024   Code   RO          982    i.bsp_encoder_Config  bsp_encoder.o
    0x00002a16   0x00000002   PAD
    0x00002a18   0x00000098   Code   RO          983    i.bsp_encoder_SpeedCalc  bsp_encoder.o
    0x00002ab0   0x0000002c   Code   RO         1575    i.bsp_i2c_Ack       bsp_i2c.o
    0x00002adc   0x0000002c   Code   RO         1576    i.bsp_i2c_NoAck     bsp_i2c.o
    0x00002b08   0x0000006c   Code   RO         1577    i.bsp_i2c_ReadByte  bsp_i2c.o
    0x00002b74   0x0000005e   Code   RO         1578    i.bsp_i2c_SendByte  bsp_i2c.o
    0x00002bd2   0x0000002c   Code   RO         1579    i.bsp_i2c_Start     bsp_i2c.o
    0x00002bfe   0x0000002c   Code   RO         1580    i.bsp_i2c_Stop      bsp_i2c.o
    0x00002c2a   0x00000052   Code   RO         1581    i.bsp_i2c_WaitAck   bsp_i2c.o
    0x00002c7c   0x0000000c   Code   RO         1019    i.bsp_key_Config    bsp_key.o
    0x00002c88   0x0000006c   Code   RO         1021    i.bsp_key_FIFOInit  bsp_key.o
    0x00002cf4   0x00000034   Code   RO         1022    i.bsp_key_GPIOInit  bsp_key.o
    0x00002d28   0x00000028   Code   RO         1099    i.bsp_led_Config    bsp_led.o
    0x00002d50   0x0000003e   Code   RO         1100    i.bsp_led_OFF       bsp_led.o
    0x00002d8e   0x00000036   Code   RO         1102    i.bsp_led_Toggle    bsp_led.o
    0x00002dc4   0x00000038   Code   RO         1137    i.bsp_motor_Config  bsp_motor.o
    0x00002dfc   0x00000068   Code   RO         1138    i.bsp_motor_SetPwm  bsp_motor.o
    0x00002e64   0x00000086   Code   RO         1643    i.bsp_mpu_Config    bsp_mpu.o
    0x00002eea   0x00000002   PAD
    0x00002eec   0x00000064   Code   RO         1645    i.bsp_mpu_IICConfig  bsp_mpu.o
    0x00002f50   0x00000134   Code   RO         1647    i.bsp_mpu_ReadBuff  bsp_mpu.o
    0x00003084   0x000000e8   Code   RO         1648    i.bsp_mpu_ReadByte  bsp_mpu.o
    0x0000316c   0x0000004e   Code   RO         1649    i.bsp_mpu_ReadGyro  bsp_mpu.o
    0x000031ba   0x00000010   Code   RO         1651    i.bsp_mpu_SetAccelFsr  bsp_mpu.o
    0x000031ca   0x00000010   Code   RO         1653    i.bsp_mpu_SetGyroFsr  bsp_mpu.o
    0x000031da   0x0000003a   Code   RO         1654    i.bsp_mpu_SetLPF    bsp_mpu.o
    0x00003214   0x0000003c   Code   RO         1655    i.bsp_mpu_SetRate   bsp_mpu.o
    0x00003250   0x000000e8   Code   RO         1656    i.bsp_mpu_WriteBuff  bsp_mpu.o
    0x00003338   0x00000100   Code   RO         1657    i.bsp_mpu_WriteByte  bsp_mpu.o
    0x00003438   0x00000040   Code   RO         1172    i.bsp_oled_Clear    bsp_oled.o
    0x00003478   0x00000120   Code   RO         1173    i.bsp_oled_Config   bsp_oled.o
    0x00003598   0x00000036   Code   RO         1177    i.bsp_oled_GPIOConfig  bsp_oled.o
    0x000035ce   0x00000034   Code   RO         1179    i.bsp_oled_SetPos   bsp_oled.o
    0x00003602   0x00000070   Code   RO         1186    i.bsp_oled_WRByte   bsp_oled.o
    0x00003672   0x00000028   Code   RO         1290    i.bsp_sensor_Config  bsp_sensor.o
    0x0000369a   0x00000002   PAD
    0x0000369c   0x00000054   Code   RO         1292    i.bsp_sensor_DataNormalized  bsp_sensor.o
    0x000036f0   0x00000120   Code   RO         1293    i.bsp_sensor_DataProcess  bsp_sensor.o
    0x00003810   0x00000044   Code   RO         1342    i.bsp_switch_Config  bsp_switch.o
    0x00003854   0x00000050   Code   RO         1372    i.bsp_tim_CreateHardTimer  bsp_timer.o
    0x000038a4   0x00000064   Code   RO         1373    i.bsp_tim_CreateSoftTimer  bsp_timer.o
    0x00003908   0x00000034   Code   RO         1374    i.bsp_tim_DelayMs   bsp_timer.o
    0x0000393c   0x00000058   Code   RO         1375    i.bsp_tim_DelayUs   bsp_timer.o
    0x00003994   0x0000000c   Code   RO         1378    i.bsp_tim_GetRunTime  bsp_timer.o
    0x000039a0   0x0000007c   Code   RO         1380    i.bsp_tim_SoftConfig  bsp_timer.o
    0x00003a1c   0x00000032   Code   RO         1381    i.bsp_tim_SoftDec   bsp_timer.o
    0x00003a4e   0x00000002   PAD
    0x00003a50   0x0000002c   Code   RO         1481    i.bsp_uart_Config   bsp_uart.o
    0x00003a7c   0x00000014   Code   RO         1483    i.bsp_uart_GetUartNo  bsp_uart.o
    0x00003a90   0x00000060   Code   RO         1484    i.bsp_uart_IRQHandler  bsp_uart.o
    0x00003af0   0x0000003c   Code   RO         1485    i.bsp_uart_ParaInit  bsp_uart.o
    0x00003b2c   0x0000006e   Code   RO         1488    i.bsp_uart_SendDataToBuff  bsp_uart.o
    0x00003b9a   0x00000002   PAD
    0x00003b9c   0x00000030   Code   RO         2313    i.debug_CarDataReport  app_debug.o
    0x00003bcc   0x00000084   Code   RO         2314    i.debug_DataProcess  app_debug.o
    0x00003c50   0x00000082   Code   RO         2315    i.debug_DataUpload  app_debug.o
    0x00003cd2   0x00000002   PAD
    0x00003cd4   0x000000d0   Code   RO         2316    i.debug_MPUDateReport  app_debug.o
    0x00003da4   0x00000114   Code   RO         2317    i.debug_MotorDataReport  app_debug.o
    0x00003eb8   0x00000128   Code   RO         2318    i.debug_PIDDownload  app_debug.o
    0x00003fe0   0x00000120   Code   RO         2319    i.debug_PIDParaReport  app_debug.o
    0x00004100   0x00000058   Code   RO         2320    i.debug_Response    app_debug.o
    0x00004158   0x0000011c   Code   RO         2321    i.debug_SensorDataReport  app_debug.o
    0x00004274   0x00000068   Code   RO         2120    i.decode_gesture    inv_mpu_dmp_motion_driver.o
    0x000042dc   0x0000003c   Code   RO         2121    i.dmp_enable_6x_lp_quat  inv_mpu_dmp_motion_driver.o
    0x00004318   0x0000021c   Code   RO         2122    i.dmp_enable_feature  inv_mpu_dmp_motion_driver.o
    0x00004534   0x00000058   Code   RO         2123    i.dmp_enable_gyro_cal  inv_mpu_dmp_motion_driver.o
    0x0000458c   0x0000003c   Code   RO         2124    i.dmp_enable_lp_quat  inv_mpu_dmp_motion_driver.o
    0x000045c8   0x0000001c   Code   RO         2129    i.dmp_load_motion_driver_firmware  inv_mpu_dmp_motion_driver.o
    0x000045e4   0x000001d0   Code   RO         2130    i.dmp_read_fifo     inv_mpu_dmp_motion_driver.o
    0x000047b4   0x00000078   Code   RO         2134    i.dmp_set_fifo_rate  inv_mpu_dmp_motion_driver.o
    0x0000482c   0x00000144   Code   RO         2135    i.dmp_set_gyro_bias  inv_mpu_dmp_motion_driver.o
    0x00004970   0x00000144   Code   RO         2137    i.dmp_set_orientation  inv_mpu_dmp_motion_driver.o
    0x00004ab4   0x0000003a   Code   RO         2140    i.dmp_set_shake_reject_thresh  inv_mpu_dmp_motion_driver.o
    0x00004aee   0x00000024   Code   RO         2141    i.dmp_set_shake_reject_time  inv_mpu_dmp_motion_driver.o
    0x00004b12   0x00000024   Code   RO         2142    i.dmp_set_shake_reject_timeout  inv_mpu_dmp_motion_driver.o
    0x00004b36   0x0000004c   Code   RO         2143    i.dmp_set_tap_axes  inv_mpu_dmp_motion_driver.o
    0x00004b82   0x00000026   Code   RO         2144    i.dmp_set_tap_count  inv_mpu_dmp_motion_driver.o
    0x00004ba8   0x000001ac   Code   RO         2145    i.dmp_set_tap_thresh  inv_mpu_dmp_motion_driver.o
    0x00004d54   0x00000024   Code   RO         2146    i.dmp_set_tap_time  inv_mpu_dmp_motion_driver.o
    0x00004d78   0x00000024   Code   RO         2147    i.dmp_set_tap_time_multi  inv_mpu_dmp_motion_driver.o
    0x00004d9c   0x000000fc   Code   RO          899    i.drv_pit_Init      drv_pit.o
    0x00004e98   0x0000002e   Code   RO         2398    i.filter_SildingAverage  app_filter.o
    0x00004ec6   0x00000002   PAD
    0x00004ec8   0x00000018   Code   RO         1489    i.fputc             bsp_uart.o
    0x00004ee0   0x00000010   Code   RO          376    i.ftm_count_clean   kea128_ftm.o
    0x00004ef0   0x00000014   Code   RO          377    i.ftm_count_get     kea128_ftm.o
    0x00004f04   0x0000003c   Code   RO          378    i.ftm_count_init    kea128_ftm.o
    0x00004f40   0x000000b0   Code   RO          379    i.ftm_count_mux     kea128_ftm.o
    0x00004ff0   0x0000007c   Code   RO          380    i.ftm_pwm_duty      kea128_ftm.o
    0x0000506c   0x00000124   Code   RO          382    i.ftm_pwm_init      kea128_ftm.o
    0x00005190   0x00000134   Code   RO          383    i.ftm_pwm_mux       kea128_ftm.o
    0x000052c4   0x000000b8   Code   RO         1785    i.get_accel_prod_shift  inv_mpu.o
    0x0000537c   0x000000cc   Code   RO          267    i.get_clk           common.o
    0x00005448   0x000004bc   Code   RO         1786    i.get_st_biases     inv_mpu.o
    0x00005904   0x0000002c   Code   RO          445    i.gpio_get          kea128_gpio.o
    0x00005930   0x000000dc   Code   RO          446    i.gpio_init         kea128_gpio.o
    0x00005a0c   0x0000003c   Code   RO          447    i.gpio_set          kea128_gpio.o
    0x00005a48   0x00000028   Code   RO          448    i.gpio_turn         kea128_gpio.o
    0x00005a70   0x00000114   Code   RO         1787    i.gyro_self_test    inv_mpu.o
    0x00005b84   0x00000028   Code   RO         1788    i.inv_orientation_matrix_to_scalar  inv_mpu.o
    0x00005bac   0x0000004e   Code   RO         1789    i.inv_row_2_scale   inv_mpu.o
    0x00005bfa   0x00000002   PAD
    0x00005bfc   0x0000005c   Code   RO            3    i.main              main.o
    0x00005c58   0x00000080   Code   RO         1791    i.mpu_configure_fifo  inv_mpu.o
    0x00005cd8   0x00000220   Code   RO         1792    i.mpu_dmp_get_data  inv_mpu.o
    0x00005ef8   0x000000a8   Code   RO         1793    i.mpu_dmp_init      inv_mpu.o
    0x00005fa0   0x00000050   Code   RO         1794    i.mpu_get_accel_fsr  inv_mpu.o
    0x00005ff0   0x00000058   Code   RO         1796    i.mpu_get_accel_sens  inv_mpu.o
    0x00006048   0x00000010   Code   RO         1801    i.mpu_get_fifo_config  inv_mpu.o
    0x00006058   0x00000048   Code   RO         1802    i.mpu_get_gyro_fsr  inv_mpu.o
    0x000060a0   0x00000050   Code   RO         1804    i.mpu_get_gyro_sens  inv_mpu.o
    0x000060f0   0x00000050   Code   RO         1806    i.mpu_get_lpf       inv_mpu.o
    0x00006140   0x00000020   Code   RO         1808    i.mpu_get_sample_rate  inv_mpu.o
    0x00006160   0x00000208   Code   RO         1810    i.mpu_init          inv_mpu.o
    0x00006368   0x000000c0   Code   RO         1811    i.mpu_load_firmware  inv_mpu.o
    0x00006428   0x000000dc   Code   RO         1812    i.mpu_lp_accel_mode  inv_mpu.o
    0x00006504   0x000000d8   Code   RO         1815    i.mpu_read_fifo_stream  inv_mpu.o
    0x000065dc   0x0000007c   Code   RO         1816    i.mpu_read_mem      inv_mpu.o
    0x00006658   0x000001e4   Code   RO         1819    i.mpu_reset_fifo    inv_mpu.o
    0x0000683c   0x0000011c   Code   RO         1820    i.mpu_run_self_test  inv_mpu.o
    0x00006958   0x00000084   Code   RO         1822    i.mpu_set_accel_fsr  inv_mpu.o
    0x000069dc   0x00000160   Code   RO         1823    i.mpu_set_bypass    inv_mpu.o
    0x00006b3c   0x00000090   Code   RO         1825    i.mpu_set_dmp_state  inv_mpu.o
    0x00006bcc   0x00000094   Code   RO         1826    i.mpu_set_gyro_fsr  inv_mpu.o
    0x00006c60   0x00000074   Code   RO         1827    i.mpu_set_int_latched  inv_mpu.o
    0x00006cd4   0x00000084   Code   RO         1829    i.mpu_set_lpf       inv_mpu.o
    0x00006d58   0x000000a8   Code   RO         1830    i.mpu_set_sample_rate  inv_mpu.o
    0x00006e00   0x000000e0   Code   RO         1831    i.mpu_set_sensors   inv_mpu.o
    0x00006ee0   0x0000007c   Code   RO         1832    i.mpu_write_mem     inv_mpu.o
    0x00006f5c   0x0000001c   Code   RO         2428    i.pid_StorePara     app_pid.o
    0x00006f78   0x00000050   Code   RO          631    i.port_pull         kea128_port.o
    0x00006fc8   0x0000008e   Code   RO         1833    i.run_self_test     inv_mpu.o
    0x00007056   0x00000002   PAD
    0x00007058   0x000000ac   Code   RO         1834    i.set_int_enable    inv_mpu.o
    0x00007104   0x00000048   Code   RO         2727    i.sqrt              m_ps.l(sqrt.o)
    0x0000714c   0x000000b8   Code   RO          728    i.uart_init         kea128_uart.o
    0x00007204   0x00000080   Code   RO          729    i.uart_mux          kea128_uart.o
    0x00007284   0x0000008c   Code   RO         2590    x$fpl$fadd          fz_ps.l(faddsub.o)
    0x00007310   0x00000054   Code   RO         2599    x$fpl$feqf          fz_ps.l(feqf.o)
    0x00007364   0x00000054   Code   RO         2607    x$fpl$fleqf         fz_ps.l(flef.o)
    0x000073b8   0x000000b0   Code   RO         2609    x$fpl$fmul          fz_ps.l(fmul.o)
    0x00007468   0x00000058   Code   RO         2611    x$fpl$frleqf        fz_ps.l(frlef.o)
    0x000074c0   0x000000d0   Code   RO         2592    x$fpl$fsub          fz_ps.l(faddsub.o)
    0x00007590   0x00000000   Code   RO         2696    x$fpl$usenofp       fz_ps.l(usenofp.o)
    0x00007590   0x00000016   Data   RO          268    .constdata          common.o
    0x000075a6   0x00000002   PAD
    0x000075a8   0x0000000c   Data   RO          384    .constdata          kea128_ftm.o
    0x000075b4   0x0000000c   Data   RO          449    .constdata          kea128_gpio.o
    0x000075c0   0x00000050   Data   RO         1836    .constdata          inv_mpu.o
    0x00007610   0x00000bf6   Data   RO         2149    .constdata          inv_mpu_dmp_motion_driver.o
    0x00008206   0x00000011   Data   RO         2552    .constdata          c_p.l(__printf_flags_ss_wp.o)
    0x00008217   0x00000080   Data   RO         2580    .constdata          fz_ps.l(ddiv.o)
    0x00008297   0x00000040   Data   RO         2597    .constdata          fz_ps.l(fdiv.o)
    0x000082d7   0x00000001   PAD
    0x000082d8   0x00000050   Data   RO         2615    .constdata          m_ps.l(asin.o)
    0x00008328   0x00000098   Data   RO         2699    .constdata          m_ps.l(atan.o)
    0x000083c0   0x00000008   Data   RO         2725    .constdata          m_ps.l(qnan.o)
    0x000083c8   0x0000004d   Data   RO         1837    .conststring        inv_mpu.o
    0x00008415   0x00000003   PAD
    0x00008418   0x00000020   Data   RO         2955    Region$$Table       anon$$obj.o


    Execution Region RW_IRAM1 (Base: 0x1ffff000, Size: 0x00000970, Max: 0x00004000, ABSOLUTE)

    Base Addr    Size         Type   Attr      Idx    E Section Name        Object

    0x1ffff000   0x00000014   Data   RW          168    .data               freescalecar.o
    0x1ffff014   0x0000000c   Data   RW          240    .data               system_skeaz1284.o
    0x1ffff020   0x00000010   Data   RW          269    .data               common.o
    0x1ffff030   0x00000014   Data   RW          334    .data               kea128_flash.o
    0x1ffff044   0x00000006   Data   RW          385    .data               kea128_ftm.o
    0x1ffff04a   0x00000002   PAD
    0x1ffff04c   0x0000000c   Data   RW          737    .data               kea128_uart.o
    0x1ffff058   0x00000001   Data   RW          842    .data               drv_adc.o
    0x1ffff059   0x00000003   PAD
    0x1ffff05c   0x00000008   Data   RW          902    .data               drv_pit.o
    0x1ffff064   0x00000002   Data   RW          960    .data               bsp.o
    0x1ffff066   0x00000002   PAD
    0x1ffff068   0x00000010   Data   RW          984    .data               bsp_encoder.o
    0x1ffff078   0x0000000c   Data   RW         1384    .data               bsp_timer.o
    0x1ffff084   0x00000004   Data   RW         1491    .data               bsp_uart.o
    0x1ffff088   0x00000039   Data   RW         1838    .data               inv_mpu.o
    0x1ffff0c1   0x00000003   Data   RW         2324    .data               app_debug.o
    0x1ffff0c4   0x00000130   Zero   RW          167    .bss                freescalecar.o
    0x1ffff1f4   0x00000090   Zero   RW          841    .bss                drv_adc.o
    0x1ffff284   0x00000034   Zero   RW         1027    .bss                bsp_key.o
    0x1ffff2b8   0x00000088   Zero   RW         1383    .bss                bsp_timer.o
    0x1ffff340   0x00000228   Zero   RW         1490    .bss                bsp_uart.o
    0x1ffff568   0x00000094   Zero   RW         1658    .bss                bsp_mpu.o
    0x1ffff5fc   0x00000010   Zero   RW         2148    .bss                inv_mpu_dmp_motion_driver.o
    0x1ffff60c   0x00000200   Zero   RW         2323    .bss                app_debug.o
    0x1ffff80c   0x00000060   Zero   RW         2785    .bss                c_p.l(libspace.o)
    0x1ffff86c   0x00000004   PAD
    0x1ffff870   0x00000000   Zero   RW          227    HEAP                startup_skeaz1284.o
    0x1ffff870   0x00000100   Zero   RW          226    STACK               startup_skeaz1284.o


==============================================================================

Image component sizes


      Code (inc. data)   RO Data    RW Data    ZI Data      Debug   Object Name

      2034         92          0          3        512       6855   app_debug.o
        46          0          0          0          0       1060   app_filter.o
        28          6          0          0          0        452   app_pid.o
        54          0          0          2          0        763   bsp.o
       188         12          0         16          0       1357   bsp_encoder.o
       460          0          0          0          0       4849   bsp_i2c.o
       202         20          0          0         52       3303   bsp_key.o
       156          0          0          0          0       1536   bsp_led.o
       160          4          0          0          0       1074   bsp_motor.o
      1576         52          0          0        148      11144   bsp_mpu.o
       570          0          0          0          0       2813   bsp_oled.o
       412         18          0          0          0       1637   bsp_sensor.o
        68          0          0          0          0        492   bsp_switch.o
       738         86          0         12        136      12325   bsp_timer.o
       362         36          0          4        552       6539   bsp_uart.o
       204         34         22         16          0       2261   common.o
        40         12          0          1        144       8594   drv_adc.o
       496         58          0          8          0       8733   drv_pit.o
       860        100          0         20        304       4585   freescalecar.o
      7150        282        157         57          0      30404   inv_mpu.o
      2904        150       3062          0         16      19389   inv_mpu_dmp_motion_driver.o
        96         16          0          0          0       1018   kea128_adc.o
       296         38          0         20          0       3509   kea128_flash.o
      1024         64         12          6          0       5104   kea128_ftm.o
       364         20         12          0          0       2970   kea128_gpio.o
        80          6          0          0          0        548   kea128_port.o
       312         20          0         12          0       1794   kea128_uart.o
        92         18          0          0          0     118204   main.o
        80         44        192          0        256        892   startup_skeaz1284.o
       124         34          0         12          0        851   system_skeaz1284.o

    ----------------------------------------------------------------------
     21198       1222       3494        196       2120     265055   Object Totals
         0          0         32          0          0          0   (incl. Generated)
        22          0          5          7          0          0   (incl. Padding)

    ----------------------------------------------------------------------

      Code (inc. data)   RO Data    RW Data    ZI Data      Debug   Library Member Name

        28          6          0          0          0         84   __2printf.o
         8          0          0          0          0         68   __main.o
       392          6         17          0          0         76   __printf_flags_ss_wp.o
        14          0          0          0          0         60   __printf_wp.o
         0          0          0          0          0          0   __rtentry.o
        12          0          0          0          0          0   __rtentry2.o
         6          0          0          0          0          0   __rtentry4.o
        60          8          0          0          0          0   __scatter.o
        26          0          0          0          0          0   __scatter_copy.o
        28          0          0          0          0          0   __scatter_zi.o
        48          6          0          0          0         88   _printf_char_common.o
        40          6          0          0          0         72   _printf_char_file.o
        10          0          0          0          0          0   _printf_d.o
       108         18          0          0          0         76   _printf_dec.o
       176          0          0          0          0         84   _printf_intcommon.o
         2          0          0          0          0          0   _printf_percent.o
         4          0          0          0          0          0   _printf_percent_end.o
        22          0          0          0          0         92   _rserrno.o
        18          0          0          0          0         68   aeabi_memset.o
       346          0          0          0          0         92   aeabi_sdiv.o
        16          0          0          0          0         68   exit.o
         8          0          0          0          0         60   ferror.o
         6          0          0          0          0        136   heapauxi.o
         2          0          0          0          0          0   libinit.o
         2          0          0          0          0          0   libinit2.o
         2          0          0          0          0          0   libshutdown.o
         2          0          0          0          0          0   libshutdown2.o
         8          4          0          0         96         68   libspace.o
       112          0          0          0          0         72   llsdiv.o
       258          0          0          0          0         88   lludiv.o
        90          0          0          0          0         68   memcmp.o
         8          4          0          0          0         68   rt_errno_addr_intlibspace.o
        64          0          0          0          0        108   rt_memclr.o
        56          0          0          0          0         68   rt_memcpy.o
         2          0          0          0          0          0   rtexit.o
        10          0          0          0          0          0   rtexit2.o
        40          0          0          0          0         60   rtudiv10.o
        62          0          0          0          0         80   sys_stackheap_outer.o
         2          0          0          0          0         68   use_no_semi.o
         2          0          0          0          0         68   use_no_semi_2.o
        46          0          0          0          0         60   cmpret.o
       124          4          0          0          0         72   d2f.o
       856         20          0          0          0        208   daddsub.o
      1096         26        128          0          0        112   ddiv.o
       584         26          0          0          0         84   dmul.o
        96         12          0          0          0         72   dscalbn.o
       256          8          0          0          0         76   dsqrt.o
        84          4          0          0          0         60   f2d.o
       348          8          0          0          0        160   faddsub.o
       100          4          0          0          0         68   fcmpin.o
       352         10         64          0          0         92   fdiv.o
        84          4          0          0          0         76   feqf.o
        76          0          0          0          0         68   ffixi.o
        48          0          0          0          0         60   ffixui.o
        94          0          0          0          0         92   fflti.o
        84          4          0          0          0         76   flef.o
       176          4          0          0          0         80   fmul.o
        16          6          0          0          0         68   fnan2.o
        88          4          0          0          0         76   frlef.o
        94          0          0          0          0         68   retnan.o
         0          0          0          0          0          0   usenofp.o
       628         54         80          0          0        104   asin.o
       540         68        152          0          0        112   atan.o
       376         42          0          0          0        144   atan2.o
        54          6          0          0          0        272   dunder.o
        44          4          0          0          0         60   fpclassify.o
       172          0          0          0          0         76   poly.o
         0          0          8          0          0          0   qnan.o
        72          6          0          0          0         76   sqrt.o

    ----------------------------------------------------------------------
      8706        382        450          0        100       4512   Library Totals
        18          0          1          0          4          0   (incl. Padding)

    ----------------------------------------------------------------------

      Code (inc. data)   RO Data    RW Data    ZI Data      Debug   Library Name

      2100         58         17          0         96       1940   c_p.l
      4702        144        192          0          0       1728   fz_ps.l
      1886        180        240          0          0        844   m_ps.l

    ----------------------------------------------------------------------
      8706        382        450          0        100       4512   Library Totals

    ----------------------------------------------------------------------

==============================================================================


      Code (inc. data)   RO Data    RW Data    ZI Data      Debug   

     29904       1604       3944        196       2220     260067   Grand Totals
     29904       1604       3944        196       2220     260067   ELF Image Totals
     29904       1604       3944        196          0          0   ROM Totals

==============================================================================

    Total RO  Size (Code + RO Data)                33848 (  33.05kB)
    Total RW  Size (RW Data + ZI Data)              2416 (   2.36kB)
    Total ROM Size (Code + RO Data + RW Data)      34044 (  33.25kB)

==============================================================================

