<html>
<body>
<pre>
<h1>礦ision Build Log</h1>
<h2>Tool Versions:</h2>
IDE-Version: μVision V5.21.1.0
Copyright (C) 2016 ARM Ltd and ARM Germany GmbH. All rights reserved.
License Information: 1 1, 1, LIC=47GGK-ZE1S3-Q01NJ-U7HKU-P01QR-5NNXT
 
Tool Versions:
Toolchain:       MDK-ARM Plus  Version: 5.21a
Toolchain Path:  C:\Keil_v5\ARM\ARMCC\Bin
C Compiler:      Armcc.exe V5.06 update 3 (build 300)
Assembler:       Armasm.exe V5.06 update 3 (build 300)
Linker/Locator:  ArmLink.exe V5.06 update 3 (build 300)
Library Manager: ArmAr.exe V5.06 update 3 (build 300)
Hex Converter:   FromElf.exe V5.06 update 3 (build 300)
CPU DLL:         SARMCM3.DLL V5.21a
Dialog DLL:      DARMCM1.DLL V1.14.0.0
Target DLL:      Segger\JL2CM3.dll V2.99.23.0
Dialog DLL:      TARMCM1.DLL V1.10.0.0
 
<h2>Project:</h2>
E:\学习资料\比赛\飞思卡尔智能车大赛\直立\FreescaleCar\USER\FreescaleCar.uvprojx
Project File Date:  03/08/2018

<h2>Output:</h2>
*** Using Compiler 'V5.06 update 3 (build 300)', folder: 'C:\Keil_v5\ARM\ARMCC\Bin'
Build target 'FreescaleCar'
compiling main.c...
compiling FreescaleCar.c...
compiling bsp.c...
compiling bsp_sensor.c...
..\BSP\src\bsp_sensor.c(196): warning:  #550-D: variable "CalibrationValueTemp" was set but never used
  	uint16_t CalibrationValueTemp[SENSOR_COUNT * 2] = {0};
..\BSP\src\bsp_sensor.c: 1 warning, 0 errors
compiling bsp_motor.c...
compiling bsp_encoder.c...
..\BSP\src\bsp_encoder.c(71): warning:  #177-D: variable "LastLeftEncoder" was declared but never referenced
  	static int32_t LastLeftEncoder, LastRightEncoder;
..\BSP\src\bsp_encoder.c(71): warning:  #177-D: variable "LastRightEncoder" was declared but never referenced
  	static int32_t LastLeftEncoder, LastRightEncoder;
..\BSP\src\bsp_encoder.c(74): warning:  #550-D: variable "runtime" was set but never used
  	int32_t runtime;
..\BSP\src\bsp_encoder.c: 3 warnings, 0 errors
compiling bsp_i2c.c...
compiling bsp_mpu.c...
compiling inv_mpu.c...
compiling app_filter.c...
compiling app_debug.c...
compiling app_pid.c...
compiling app_sort.c...
linking...
Program Size: Code=29904 RO-data=3944 RW-data=196 ZI-data=2220  
FromELF: creating hex file...
".\Objects\FreescaleCar.axf" - 0 Error(s), 4 Warning(s).

<h2>Collection of Component include folders:</h2>
  E:\学习资料\比赛\飞思卡尔智能车大赛\直立\FreescaleCar\USER\RTE
  D:\KeilPack\Keil\Kinetis_KEAxx_DFP\1.3.0\Device\Include

<h2>Collection of Component Files used:</h2>
Build Time Elapsed:  00:00:07
</pre>
</body>
</html>
